<!doctype html public "-//w3c//dtd html 4.0 transitional//en">
<html><head>
<title>Static Call Graph - [.\Objects\gdh52c0_code.axf]</title></head>
<body><HR>
<H1>Static Call Graph for image .\Objects\gdh52c0_code.axf</H1><HR>
<BR><P>#&#060CALLGRAPH&#062# ARM Linker, 5050106: Last Updated: Thu Jul 22 10:10:22 2021
<BR><P>
<H3>Maximum Stack Usage =        312 bytes + Unknown(Cycles, Untraceable Function Pointers)</H3><H3>
Call chain for Maximum Stack Depth:</H3>
DuleWithData(unsigned char*, unsigned short*) &rArr; get1363data(unsigned char*, unsigned char*) &rArr; Getdata(ytd1363data*, unsigned char, unsigned char*, unsigned short*) &rArr;  Getdata(ytd1363data*, unsigned char, unsigned char*, unsigned short*) (Cycle)
<P>
<H3>
Mutually Recursive functions
</H3> <LI><a href="#[e]">NMI_Handler</a>&nbsp;&nbsp;&nbsp;&rArr;&nbsp;&nbsp;&nbsp;<a href="#[e]">NMI_Handler</a><BR>
 <LI><a href="#[f]">HardFault_Handler</a>&nbsp;&nbsp;&nbsp;&rArr;&nbsp;&nbsp;&nbsp;<a href="#[f]">HardFault_Handler</a><BR>
 <LI><a href="#[10]">MemManage_Handler</a>&nbsp;&nbsp;&nbsp;&rArr;&nbsp;&nbsp;&nbsp;<a href="#[10]">MemManage_Handler</a><BR>
 <LI><a href="#[11]">BusFault_Handler</a>&nbsp;&nbsp;&nbsp;&rArr;&nbsp;&nbsp;&nbsp;<a href="#[11]">BusFault_Handler</a><BR>
 <LI><a href="#[12]">UsageFault_Handler</a>&nbsp;&nbsp;&nbsp;&rArr;&nbsp;&nbsp;&nbsp;<a href="#[12]">UsageFault_Handler</a><BR>
 <LI><a href="#[14]">DebugMon_Handler</a>&nbsp;&nbsp;&nbsp;&rArr;&nbsp;&nbsp;&nbsp;<a href="#[14]">DebugMon_Handler</a><BR>
 <LI><a href="#[29]">ADC0_1_IRQHandler</a>&nbsp;&nbsp;&nbsp;&rArr;&nbsp;&nbsp;&nbsp;<a href="#[29]">ADC0_1_IRQHandler</a><BR>
 <LI><a href="#[198]">Screen::printD(unsigned char*, unsigned char*, unsigned char*, void*, unsigned char, unsigned char, unsigned char, unsigned char)</a>&nbsp;&nbsp;&nbsp;&rArr;&nbsp;&nbsp;&nbsp;<a href="#[196]">Screen::print(unsigned char, unsigned char, unsigned char, unsigned char, Item*, CoursCtrl*)</a><BR>
 <LI><a href="#[196]">Screen::print(unsigned char, unsigned char, unsigned char, unsigned char, Item*, CoursCtrl*)</a>&nbsp;&nbsp;&nbsp;&rArr;&nbsp;&nbsp;&nbsp;<a href="#[196]">Screen::print(unsigned char, unsigned char, unsigned char, unsigned char, Item*, CoursCtrl*)</a><BR>
 <LI><a href="#[110]">Getdata(ytd1363data*, unsigned char, unsigned char*, unsigned short*)</a>&nbsp;&nbsp;&nbsp;&rArr;&nbsp;&nbsp;&nbsp;<a href="#[110]">Getdata(ytd1363data*, unsigned char, unsigned char*, unsigned short*)</a><BR>
 <LI><a href="#[d9]">GetPackLen(ytd1363data*, unsigned short, unsigned short*)</a>&nbsp;&nbsp;&nbsp;&rArr;&nbsp;&nbsp;&nbsp;<a href="#[d9]">GetPackLen(ytd1363data*, unsigned short, unsigned short*)</a><BR>
</UL>
<P>
<H3>
Function Pointers
</H3><UL>
 <LI><a href="#[29]">ADC0_1_IRQHandler</a> from startup_gd32f10x_cl.o(.text) referenced from startup_gd32f10x_cl.o(RESET)
 <LI><a href="#[11]">BusFault_Handler</a> from startup_gd32f10x_cl.o(.text) referenced from startup_gd32f10x_cl.o(RESET)
 <LI><a href="#[2d]">CAN0_EWMC_IRQHandler</a> from startup_gd32f10x_cl.o(.text) referenced from startup_gd32f10x_cl.o(RESET)
 <LI><a href="#[2b]">CAN0_RX0_IRQHandler</a> from can.o(i.CAN0_RX0_IRQHandler) referenced from startup_gd32f10x_cl.o(RESET)
 <LI><a href="#[2c]">CAN0_RX1_IRQHandler</a> from can.o(i.CAN0_RX1_IRQHandler) referenced from startup_gd32f10x_cl.o(RESET)
 <LI><a href="#[2a]">CAN0_TX_IRQHandler</a> from can.o(i.CAN0_TX_IRQHandler) referenced from startup_gd32f10x_cl.o(RESET)
 <LI><a href="#[57]">CAN1_EWMC_IRQHandler</a> from startup_gd32f10x_cl.o(.text) referenced from startup_gd32f10x_cl.o(RESET)
 <LI><a href="#[55]">CAN1_RX0_IRQHandler</a> from can.o(i.CAN1_RX0_IRQHandler) referenced from startup_gd32f10x_cl.o(RESET)
 <LI><a href="#[56]">CAN1_RX1_IRQHandler</a> from can.o(i.CAN1_RX1_IRQHandler) referenced from startup_gd32f10x_cl.o(RESET)
 <LI><a href="#[54]">CAN1_TX_IRQHandler</a> from can.o(i.CAN1_TX_IRQHandler) referenced from startup_gd32f10x_cl.o(RESET)
 <LI><a href="#[22]">DMA0_Channel0_IRQHandler</a> from startup_gd32f10x_cl.o(.text) referenced from startup_gd32f10x_cl.o(RESET)
 <LI><a href="#[23]">DMA0_Channel1_IRQHandler</a> from startup_gd32f10x_cl.o(.text) referenced from startup_gd32f10x_cl.o(RESET)
 <LI><a href="#[24]">DMA0_Channel2_IRQHandler</a> from startup_gd32f10x_cl.o(.text) referenced from startup_gd32f10x_cl.o(RESET)
 <LI><a href="#[25]">DMA0_Channel3_IRQHandler</a> from startup_gd32f10x_cl.o(.text) referenced from startup_gd32f10x_cl.o(RESET)
 <LI><a href="#[26]">DMA0_Channel4_IRQHandler</a> from startup_gd32f10x_cl.o(.text) referenced from startup_gd32f10x_cl.o(RESET)
 <LI><a href="#[27]">DMA0_Channel5_IRQHandler</a> from startup_gd32f10x_cl.o(.text) referenced from startup_gd32f10x_cl.o(RESET)
 <LI><a href="#[28]">DMA0_Channel6_IRQHandler</a> from startup_gd32f10x_cl.o(.text) referenced from startup_gd32f10x_cl.o(RESET)
 <LI><a href="#[4d]">DMA1_Channel0_IRQHandler</a> from startup_gd32f10x_cl.o(.text) referenced from startup_gd32f10x_cl.o(RESET)
 <LI><a href="#[4e]">DMA1_Channel1_IRQHandler</a> from startup_gd32f10x_cl.o(.text) referenced from startup_gd32f10x_cl.o(RESET)
 <LI><a href="#[4f]">DMA1_Channel2_IRQHandler</a> from startup_gd32f10x_cl.o(.text) referenced from startup_gd32f10x_cl.o(RESET)
 <LI><a href="#[50]">DMA1_Channel3_IRQHandler</a> from startup_gd32f10x_cl.o(.text) referenced from startup_gd32f10x_cl.o(RESET)
 <LI><a href="#[51]">DMA1_Channel4_IRQHandler</a> from startup_gd32f10x_cl.o(.text) referenced from startup_gd32f10x_cl.o(RESET)
 <LI><a href="#[14]">DebugMon_Handler</a> from startup_gd32f10x_cl.o(.text) referenced from startup_gd32f10x_cl.o(RESET)
 <LI><a href="#[52]">ENET_IRQHandler</a> from startup_gd32f10x_cl.o(.text) referenced from startup_gd32f10x_cl.o(RESET)
 <LI><a href="#[53]">ENET_WKUP_IRQHandler</a> from startup_gd32f10x_cl.o(.text) referenced from startup_gd32f10x_cl.o(RESET)
 <LI><a href="#[46]">EXMC_IRQHandler</a> from startup_gd32f10x_cl.o(.text) referenced from startup_gd32f10x_cl.o(RESET)
 <LI><a href="#[1d]">EXTI0_IRQHandler</a> from startup_gd32f10x_cl.o(.text) referenced from startup_gd32f10x_cl.o(RESET)
 <LI><a href="#[3f]">EXTI10_15_IRQHandler</a> from startup_gd32f10x_cl.o(.text) referenced from startup_gd32f10x_cl.o(RESET)
 <LI><a href="#[1e]">EXTI1_IRQHandler</a> from startup_gd32f10x_cl.o(.text) referenced from startup_gd32f10x_cl.o(RESET)
 <LI><a href="#[1f]">EXTI2_IRQHandler</a> from startup_gd32f10x_cl.o(.text) referenced from startup_gd32f10x_cl.o(RESET)
 <LI><a href="#[20]">EXTI3_IRQHandler</a> from startup_gd32f10x_cl.o(.text) referenced from startup_gd32f10x_cl.o(RESET)
 <LI><a href="#[21]">EXTI4_IRQHandler</a> from startup_gd32f10x_cl.o(.text) referenced from startup_gd32f10x_cl.o(RESET)
 <LI><a href="#[2e]">EXTI5_9_IRQHandler</a> from startup_gd32f10x_cl.o(.text) referenced from startup_gd32f10x_cl.o(RESET)
 <LI><a href="#[1b]">FMC_IRQHandler</a> from startup_gd32f10x_cl.o(.text) referenced from startup_gd32f10x_cl.o(RESET)
 <LI><a href="#[f]">HardFault_Handler</a> from startup_gd32f10x_cl.o(.text) referenced from startup_gd32f10x_cl.o(RESET)
 <LI><a href="#[37]">I2C0_ER_IRQHandler</a> from startup_gd32f10x_cl.o(.text) referenced from startup_gd32f10x_cl.o(RESET)
 <LI><a href="#[36]">I2C0_EV_IRQHandler</a> from startup_gd32f10x_cl.o(.text) referenced from startup_gd32f10x_cl.o(RESET)
 <LI><a href="#[39]">I2C1_ER_IRQHandler</a> from startup_gd32f10x_cl.o(.text) referenced from startup_gd32f10x_cl.o(RESET)
 <LI><a href="#[38]">I2C1_EV_IRQHandler</a> from startup_gd32f10x_cl.o(.text) referenced from startup_gd32f10x_cl.o(RESET)
 <LI><a href="#[18]">LVD_IRQHandler</a> from startup_gd32f10x_cl.o(.text) referenced from startup_gd32f10x_cl.o(RESET)
 <LI><a href="#[10]">MemManage_Handler</a> from startup_gd32f10x_cl.o(.text) referenced from startup_gd32f10x_cl.o(RESET)
 <LI><a href="#[e]">NMI_Handler</a> from startup_gd32f10x_cl.o(.text) referenced from startup_gd32f10x_cl.o(RESET)
 <LI><a href="#[1c]">RCU_IRQHandler</a> from startup_gd32f10x_cl.o(.text) referenced from startup_gd32f10x_cl.o(RESET)
 <LI><a href="#[40]">RTC_Alarm_IRQHandler</a> from startup_gd32f10x_cl.o(.text) referenced from startup_gd32f10x_cl.o(RESET)
 <LI><a href="#[1a]">RTC_IRQHandler</a> from startup_gd32f10x_cl.o(.text) referenced from startup_gd32f10x_cl.o(RESET)
 <LI><a href="#[d]">Reset_Handler</a> from startup_gd32f10x_cl.o(.text) referenced from startup_gd32f10x_cl.o(RESET)
 <LI><a href="#[3a]">SPI0_IRQHandler</a> from startup_gd32f10x_cl.o(.text) referenced from startup_gd32f10x_cl.o(RESET)
 <LI><a href="#[3b]">SPI1_IRQHandler</a> from startup_gd32f10x_cl.o(.text) referenced from startup_gd32f10x_cl.o(RESET)
 <LI><a href="#[48]">SPI2_IRQHandler</a> from startup_gd32f10x_cl.o(.text) referenced from startup_gd32f10x_cl.o(RESET)
 <LI><a href="#[59]">SystemInit</a> from system_gd32f10x.o(i.SystemInit) referenced from startup_gd32f10x_cl.o(.text)
 <LI><a href="#[19]">TAMPER_IRQHandler</a> from startup_gd32f10x_cl.o(.text) referenced from startup_gd32f10x_cl.o(RESET)
 <LI><a href="#[2f]">TIMER0_BRK_IRQHandler</a> from startup_gd32f10x_cl.o(.text) referenced from startup_gd32f10x_cl.o(RESET)
 <LI><a href="#[32]">TIMER0_Channel_IRQHandler</a> from startup_gd32f10x_cl.o(.text) referenced from startup_gd32f10x_cl.o(RESET)
 <LI><a href="#[31]">TIMER0_TRG_CMT_IRQHandler</a> from startup_gd32f10x_cl.o(.text) referenced from startup_gd32f10x_cl.o(RESET)
 <LI><a href="#[30]">TIMER0_UP_IRQHandler</a> from startup_gd32f10x_cl.o(.text) referenced from startup_gd32f10x_cl.o(RESET)
 <LI><a href="#[33]">TIMER1_IRQHandler</a> from startup_gd32f10x_cl.o(.text) referenced from startup_gd32f10x_cl.o(RESET)
 <LI><a href="#[34]">TIMER2_IRQHandler</a> from startup_gd32f10x_cl.o(.text) referenced from startup_gd32f10x_cl.o(RESET)
 <LI><a href="#[35]">TIMER3_IRQHandler</a> from startup_gd32f10x_cl.o(.text) referenced from startup_gd32f10x_cl.o(RESET)
 <LI><a href="#[47]">TIMER4_IRQHandler</a> from startup_gd32f10x_cl.o(.text) referenced from startup_gd32f10x_cl.o(RESET)
 <LI><a href="#[4b]">TIMER5_IRQHandler</a> from startup_gd32f10x_cl.o(.text) referenced from startup_gd32f10x_cl.o(RESET)
 <LI><a href="#[4c]">TIMER6_IRQHandler</a> from startup_gd32f10x_cl.o(.text) referenced from startup_gd32f10x_cl.o(RESET)
 <LI><a href="#[42]">TIMER7_BRK_IRQHandler</a> from startup_gd32f10x_cl.o(.text) referenced from startup_gd32f10x_cl.o(RESET)
 <LI><a href="#[45]">TIMER7_Channel_IRQHandler</a> from startup_gd32f10x_cl.o(.text) referenced from startup_gd32f10x_cl.o(RESET)
 <LI><a href="#[44]">TIMER7_TRG_CMT_IRQHandler</a> from startup_gd32f10x_cl.o(.text) referenced from startup_gd32f10x_cl.o(RESET)
 <LI><a href="#[43]">TIMER7_UP_IRQHandler</a> from startup_gd32f10x_cl.o(.text) referenced from startup_gd32f10x_cl.o(RESET)
 <LI><a href="#[49]">UART3_IRQHandler</a> from usart.o(i.UART3_IRQHandler) referenced from startup_gd32f10x_cl.o(RESET)
 <LI><a href="#[4a]">UART4_IRQHandler</a> from startup_gd32f10x_cl.o(.text) referenced from startup_gd32f10x_cl.o(RESET)
 <LI><a href="#[3c]">USART0_IRQHandler</a> from startup_gd32f10x_cl.o(.text) referenced from startup_gd32f10x_cl.o(RESET)
 <LI><a href="#[3d]">USART1_IRQHandler</a> from startup_gd32f10x_cl.o(.text) referenced from startup_gd32f10x_cl.o(RESET)
 <LI><a href="#[3e]">USART2_IRQHandler</a> from startup_gd32f10x_cl.o(.text) referenced from startup_gd32f10x_cl.o(RESET)
 <LI><a href="#[58]">USBFS_IRQHandler</a> from startup_gd32f10x_cl.o(.text) referenced from startup_gd32f10x_cl.o(RESET)
 <LI><a href="#[41]">USBFS_WKUP_IRQHandler</a> from startup_gd32f10x_cl.o(.text) referenced from startup_gd32f10x_cl.o(RESET)
 <LI><a href="#[12]">UsageFault_Handler</a> from startup_gd32f10x_cl.o(.text) referenced from startup_gd32f10x_cl.o(RESET)
 <LI><a href="#[17]">WWDGT_IRQHandler</a> from startup_gd32f10x_cl.o(.text) referenced from startup_gd32f10x_cl.o(RESET)
 <LI><a href="#[67]">SCREEN_Task(void*)</a> from screentask.o(i._Z11SCREEN_TaskPv) referenced from main.o(i.main)
 <LI><a href="#[5c]">DuleWithData(unsigned char*, unsigned short*)</a> from user.o(i._Z12DuleWithDataPhPt) referenced from usarttask.o(i._Z9Uart_TaskPv)
 <LI><a href="#[69]">Monitor_Task(void*)</a> from monitortask.o(i._Z12Monitor_TaskPv) referenced from main.o(i.main)
 <LI><a href="#[65]">Swtmr1_Callback(void*)</a> from swtmr1callback.o(i._Z15Swtmr1_CallbackPv) referenced from main.o(i.main)
 <LI><a href="#[66]">Swtmr2_Callback(void*)</a> from swtmr2callback.o(i._Z15Swtmr2_CallbackPv) referenced from main.o(i.main)
 <LI><a href="#[5b]">setMenu(Item**)</a> from menuitem.o(i._Z7setMenuPP4Item) referenced from initdata.o(i._Z8InitDatav)
 <LI><a href="#[68]">CAN_Task(void*)</a> from cantask.o(i._Z8CAN_TaskPv) referenced from main.o(i.main)
 <LI><a href="#[6a]">PORT_Task(void*)</a> from porttask.o(i._Z9PORT_TaskPv) referenced from main.o(i.main)
 <LI><a href="#[6b]">Uart_Task(void*)</a> from usarttask.o(i._Z9Uart_TaskPv) referenced from main.o(i.main)
 <LI><a href="#[5f]">BattCapacity::~BattCapacity()</a> from battery.o(i._ZN12BattCapacityD1Ev) referenced from battery.o(i.__sti___11_battery_cpp_gbattCap)
 <LI><a href="#[62]">Queue&lang;CanBuf&rang;::~Queue()</a> from can.o(t._ZN5QueueI6CanBufED1Ev) referenced from can.o(.constdata__ZTV5QueueI6CanBufE)
 <LI><a href="#[62]">Queue&lang;CanBuf&rang;::~Queue()</a> from can.o(t._ZN5QueueI6CanBufED1Ev) referenced from can.o(i.__sti___7_CAN_cpp_7264de47)
 <LI><a href="#[63]">Queue&lang;unsigned char&rang;::~Queue()</a> from usart.o(t._ZN5QueueIhED1Ev) referenced from usart.o(.constdata__ZTV5QueueIhE)
 <LI><a href="#[63]">Queue&lang;unsigned char&rang;::~Queue()</a> from usart.o(t._ZN5QueueIhED1Ev) referenced from usart.o(i.__sti___9_USART_cpp_com4rbuf)
 <LI><a href="#[64]">h52c0::~h52c0()</a> from h52c0.o(i._ZN5h52c0D1Ev) referenced from h52c0.o(i.__sti___9_h52c0_cpp_gh52c0)
 <LI><a href="#[5e]">Module::~Module()</a> from module.o(i._ZN6ModuleD1Ev) referenced from module.o(i.__sti___10_module_cpp_df9c3874)
 <LI><a href="#[5d]">Screen::~Screen()</a> from screen.o(i._ZN6ScreenD1Ev) referenced from screen.o(i.__sti___10_Screen_cpp_7b7f2f66)
 <LI><a href="#[60]">Monitor::~Monitor()</a> from monitor.o(i._ZN7MonitorD1Ev) referenced from monitor.o(i.__sti___11_monitor_cpp_21fc56ba)
 <LI><a href="#[61]">CanRuleLn::~CanRuleLn()</a> from canruleln.o(i._ZN9CanRuleLnD1Ev) referenced from canruleln.o(i.__sti___13_canruleln_cpp_testaddr)
 <LI><a href="#[7c]">__main</a> from __main.o(!!!main) referenced from startup_gd32f10x_cl.o(.text)
 <LI><a href="#[7c]">__main</a> from __main.o(!!!main) referenced from system_gd32f10x.o(i.SystemInit)
 <LI><a href="#[73]">__sti___10_E2PROM_cpp_gEprom</a> from e2prom.o(i.__sti___10_E2PROM_cpp_gEprom) referenced from e2prom.o(.init_array)
 <LI><a href="#[77]">__sti___10_Screen_cpp_7b7f2f66</a> from screen.o(i.__sti___10_Screen_cpp_7b7f2f66) referenced from screen.o(.init_array)
 <LI><a href="#[78]">__sti___10_module_cpp_df9c3874</a> from module.o(i.__sti___10_module_cpp_df9c3874) referenced from module.o(.init_array)
 <LI><a href="#[79]">__sti___11_battery_cpp_gbattCap</a> from battery.o(i.__sti___11_battery_cpp_gbattCap) referenced from battery.o(.init_array)
 <LI><a href="#[74]">__sti___11_monitor_cpp_21fc56ba</a> from monitor.o(i.__sti___11_monitor_cpp_21fc56ba) referenced from monitor.o(.init_array)
 <LI><a href="#[7a]">__sti___11_network_cpp_txsize</a> from network.o(i.__sti___11_network_cpp_txsize) referenced from network.o(.init_array)
 <LI><a href="#[7b]">__sti___13_canruleln_cpp_testaddr</a> from canruleln.o(i.__sti___13_canruleln_cpp_testaddr) referenced from canruleln.o(.init_array)
 <LI><a href="#[71]">__sti___16_oled_display_cpp_gOled</a> from oled_display.o(i.__sti___16_oled_display_cpp_gOled) referenced from oled_display.o(.init_array)
 <LI><a href="#[6f]">__sti___7_CAN_cpp_7264de47</a> from can.o(i.__sti___7_CAN_cpp_7264de47) referenced from can.o(.init_array)
 <LI><a href="#[72]">__sti___7_adc_cpp_gadc</a> from adc.o(i.__sti___7_adc_cpp_gadc) referenced from adc.o(.init_array)
 <LI><a href="#[75]">__sti___8_gpio_cpp_inputIO</a> from gpio.o(i.__sti___8_gpio_cpp_inputIO) referenced from gpio.o(.init_array)
 <LI><a href="#[70]">__sti___9_USART_cpp_com4rbuf</a> from usart.o(i.__sti___9_USART_cpp_com4rbuf) referenced from usart.o(.init_array)
 <LI><a href="#[76]">__sti___9_h52c0_cpp_gh52c0</a> from h52c0.o(i.__sti___9_h52c0_cpp_gh52c0) referenced from h52c0.o(.init_array)
 <LI><a href="#[6d]">prvIdleTask</a> from tasks.o(i.prvIdleTask) referenced from tasks.o(i.vTaskStartScheduler)
 <LI><a href="#[6c]">prvTaskExitError</a> from port.o(i.prvTaskExitError) referenced from port.o(i.pxPortInitialiseStack)
 <LI><a href="#[6e]">prvTimerTask</a> from timers.o(i.prvTimerTask) referenced from timers.o(i.xTimerCreateTimerTask)
 <LI><a href="#[13]">vPortSVCHandler</a> from port.o(.emb_text) referenced from startup_gd32f10x_cl.o(RESET)
 <LI><a href="#[15]">xPortPendSVHandler</a> from port.o(.emb_text) referenced from startup_gd32f10x_cl.o(RESET)
 <LI><a href="#[16]">xPortSysTickHandler</a> from port.o(i.xPortSysTickHandler) referenced from startup_gd32f10x_cl.o(RESET)
</UL>
<P>
<H3>
Global Symbols
</H3>
<P><STRONG><a name="[7c]"></a>__main</STRONG> (Thumb, 8 bytes, Stack size 0 bytes, __main.o(!!!main))
<BR><BR>[Calls]<UL><LI><a href="#[7f]">&gt;&gt;</a>&nbsp;&nbsp;&nbsp;__rt_entry
<LI><a href="#[7e]">&gt;&gt;</a>&nbsp;&nbsp;&nbsp;__scatterload
</UL>

<P><STRONG><a name="[7e]"></a>__scatterload</STRONG> (Thumb, 0 bytes, Stack size unknown bytes, __scatter.o(!!!scatter))
<BR><BR>[Called By]<UL><LI><a href="#[7c]">&gt;&gt;</a>&nbsp;&nbsp;&nbsp;__main
</UL>

<P><STRONG><a name="[80]"></a>__scatterload_rt2</STRONG> (Thumb, 44 bytes, Stack size unknown bytes, __scatter.o(!!!scatter), UNUSED)
<BR><BR>[Calls]<UL><LI><a href="#[7f]">&gt;&gt;</a>&nbsp;&nbsp;&nbsp;__rt_entry
</UL>

<P><STRONG><a name="[260]"></a>__scatterload_rt2_thumb_only</STRONG> (Thumb, 0 bytes, Stack size unknown bytes, __scatter.o(!!!scatter), UNUSED)

<P><STRONG><a name="[261]"></a>__scatterload_null</STRONG> (Thumb, 0 bytes, Stack size unknown bytes, __scatter.o(!!!scatter), UNUSED)

<P><STRONG><a name="[262]"></a>__decompress</STRONG> (Thumb, 90 bytes, Stack size unknown bytes, __dczerorl2.o(!!dczerorl2), UNUSED)

<P><STRONG><a name="[263]"></a>__decompress1</STRONG> (Thumb, 0 bytes, Stack size unknown bytes, __dczerorl2.o(!!dczerorl2), UNUSED)

<P><STRONG><a name="[264]"></a>__scatterload_zeroinit</STRONG> (Thumb, 28 bytes, Stack size unknown bytes, __scatter_zi.o(!!handler_zi), UNUSED)

<P><STRONG><a name="[89]"></a>__rt_lib_init</STRONG> (Thumb, 0 bytes, Stack size unknown bytes, libinit.o(.ARM.Collect$$libinit$$00000000))
<BR><BR>[Called By]<UL><LI><a href="#[88]">&gt;&gt;</a>&nbsp;&nbsp;&nbsp;__rt_entry_li
</UL>

<P><STRONG><a name="[265]"></a>__rt_lib_init_fp_1</STRONG> (Thumb, 0 bytes, Stack size unknown bytes, libinit2.o(.ARM.Collect$$libinit$$00000002))

<P><STRONG><a name="[81]"></a>__rt_lib_init_heap_2</STRONG> (Thumb, 0 bytes, Stack size unknown bytes, libinit2.o(.ARM.Collect$$libinit$$00000005))
<BR><BR>[Stack]<UL><LI>Max Depth = 64 + Unknown Stack Size
<LI>Call Chain = __rt_lib_init_heap_2 &rArr; _init_alloc &rArr; __rt_SIGRTMEM &rArr; __rt_SIGRTMEM_inner &rArr; __default_signal_display &rArr; _ttywrch
</UL>
<BR>[Calls]<UL><LI><a href="#[82]">&gt;&gt;</a>&nbsp;&nbsp;&nbsp;_init_alloc
</UL>

<P><STRONG><a name="[266]"></a>__rt_lib_init_preinit_1</STRONG> (Thumb, 0 bytes, Stack size unknown bytes, libinit2.o(.ARM.Collect$$libinit$$00000004))

<P><STRONG><a name="[267]"></a>__rt_lib_init_alloca_1</STRONG> (Thumb, 0 bytes, Stack size unknown bytes, libinit2.o(.ARM.Collect$$libinit$$0000002E))

<P><STRONG><a name="[268]"></a>__rt_lib_init_argv_1</STRONG> (Thumb, 0 bytes, Stack size unknown bytes, libinit2.o(.ARM.Collect$$libinit$$0000002C))

<P><STRONG><a name="[269]"></a>__rt_lib_init_atexit_1</STRONG> (Thumb, 0 bytes, Stack size unknown bytes, libinit2.o(.ARM.Collect$$libinit$$0000001B))

<P><STRONG><a name="[26a]"></a>__rt_lib_init_clock_1</STRONG> (Thumb, 0 bytes, Stack size unknown bytes, libinit2.o(.ARM.Collect$$libinit$$00000021))

<P><STRONG><a name="[83]"></a>__rt_lib_init_cpp_2</STRONG> (Thumb, 0 bytes, Stack size unknown bytes, libinit2.o(.ARM.Collect$$libinit$$00000031))
<BR><BR>[Stack]<UL><LI>Max Depth = 16 + Unknown Stack Size
<LI>Call Chain = __rt_lib_init_cpp_2 &rArr; __cpp_initialize__aeabi_
</UL>
<BR>[Calls]<UL><LI><a href="#[7d]">&gt;&gt;</a>&nbsp;&nbsp;&nbsp;__cpp_initialize__aeabi_
</UL>

<P><STRONG><a name="[26b]"></a>__rt_lib_init_exceptions_1</STRONG> (Thumb, 0 bytes, Stack size unknown bytes, libinit2.o(.ARM.Collect$$libinit$$00000030))

<P><STRONG><a name="[26c]"></a>__rt_lib_init_fp_trap_1</STRONG> (Thumb, 0 bytes, Stack size unknown bytes, libinit2.o(.ARM.Collect$$libinit$$0000001F))

<P><STRONG><a name="[26d]"></a>__rt_lib_init_getenv_1</STRONG> (Thumb, 0 bytes, Stack size unknown bytes, libinit2.o(.ARM.Collect$$libinit$$00000023))

<P><STRONG><a name="[26e]"></a>__rt_lib_init_heap_1</STRONG> (Thumb, 0 bytes, Stack size unknown bytes, libinit2.o(.ARM.Collect$$libinit$$0000000A))

<P><STRONG><a name="[26f]"></a>__rt_lib_init_lc_collate_1</STRONG> (Thumb, 0 bytes, Stack size unknown bytes, libinit2.o(.ARM.Collect$$libinit$$00000011))

<P><STRONG><a name="[270]"></a>__rt_lib_init_lc_ctype_1</STRONG> (Thumb, 0 bytes, Stack size unknown bytes, libinit2.o(.ARM.Collect$$libinit$$00000013))

<P><STRONG><a name="[271]"></a>__rt_lib_init_lc_monetary_1</STRONG> (Thumb, 0 bytes, Stack size unknown bytes, libinit2.o(.ARM.Collect$$libinit$$00000015))

<P><STRONG><a name="[272]"></a>__rt_lib_init_lc_numeric_1</STRONG> (Thumb, 0 bytes, Stack size unknown bytes, libinit2.o(.ARM.Collect$$libinit$$00000017))

<P><STRONG><a name="[273]"></a>__rt_lib_init_lc_time_1</STRONG> (Thumb, 0 bytes, Stack size unknown bytes, libinit2.o(.ARM.Collect$$libinit$$00000019))

<P><STRONG><a name="[274]"></a>__rt_lib_init_rand_1</STRONG> (Thumb, 0 bytes, Stack size unknown bytes, libinit2.o(.ARM.Collect$$libinit$$0000000E))

<P><STRONG><a name="[275]"></a>__rt_lib_init_signal_1</STRONG> (Thumb, 0 bytes, Stack size unknown bytes, libinit2.o(.ARM.Collect$$libinit$$0000001D))

<P><STRONG><a name="[276]"></a>__rt_lib_init_stdio_1</STRONG> (Thumb, 0 bytes, Stack size unknown bytes, libinit2.o(.ARM.Collect$$libinit$$00000025))

<P><STRONG><a name="[277]"></a>__rt_lib_init_user_alloc_1</STRONG> (Thumb, 0 bytes, Stack size unknown bytes, libinit2.o(.ARM.Collect$$libinit$$0000000C))

<P><STRONG><a name="[278]"></a>__rt_lib_init_cpp_1</STRONG> (Thumb, 0 bytes, Stack size unknown bytes, libinit2.o(.ARM.Collect$$libinit$$00000032))

<P><STRONG><a name="[279]"></a>__rt_lib_init_return</STRONG> (Thumb, 0 bytes, Stack size unknown bytes, libinit2.o(.ARM.Collect$$libinit$$00000033))

<P><STRONG><a name="[8e]"></a>__rt_lib_shutdown</STRONG> (Thumb, 0 bytes, Stack size unknown bytes, libshutdown.o(.ARM.Collect$$libshutdown$$00000000))
<BR><BR>[Called By]<UL><LI><a href="#[8d]">&gt;&gt;</a>&nbsp;&nbsp;&nbsp;__rt_exit_ls
</UL>

<P><STRONG><a name="[84]"></a>__rt_lib_shutdown_cpp_1</STRONG> (Thumb, 0 bytes, Stack size unknown bytes, libshutdown2.o(.ARM.Collect$$libshutdown$$00000001))
<BR><BR>[Stack]<UL><LI>Max Depth = 40 + Unknown Stack Size
<LI>Call Chain = __rt_lib_shutdown_cpp_1 &rArr; __cxa_finalize &rArr; free
</UL>
<BR>[Calls]<UL><LI><a href="#[85]">&gt;&gt;</a>&nbsp;&nbsp;&nbsp;__cxa_finalize
</UL>

<P><STRONG><a name="[27a]"></a>__rt_lib_shutdown_fp_trap_1</STRONG> (Thumb, 0 bytes, Stack size unknown bytes, libshutdown2.o(.ARM.Collect$$libshutdown$$00000006))

<P><STRONG><a name="[27b]"></a>__rt_lib_shutdown_heap_1</STRONG> (Thumb, 0 bytes, Stack size unknown bytes, libshutdown2.o(.ARM.Collect$$libshutdown$$0000000E))

<P><STRONG><a name="[27c]"></a>__rt_lib_shutdown_return</STRONG> (Thumb, 0 bytes, Stack size unknown bytes, libshutdown2.o(.ARM.Collect$$libshutdown$$0000000F))

<P><STRONG><a name="[27d]"></a>__rt_lib_shutdown_signal_1</STRONG> (Thumb, 0 bytes, Stack size unknown bytes, libshutdown2.o(.ARM.Collect$$libshutdown$$00000009))

<P><STRONG><a name="[27e]"></a>__rt_lib_shutdown_stdio_1</STRONG> (Thumb, 0 bytes, Stack size unknown bytes, libshutdown2.o(.ARM.Collect$$libshutdown$$00000003))

<P><STRONG><a name="[27f]"></a>__rt_lib_shutdown_user_alloc_1</STRONG> (Thumb, 0 bytes, Stack size unknown bytes, libshutdown2.o(.ARM.Collect$$libshutdown$$0000000B))

<P><STRONG><a name="[7f]"></a>__rt_entry</STRONG> (Thumb, 0 bytes, Stack size unknown bytes, __rtentry.o(.ARM.Collect$$rtentry$$00000000))
<BR><BR>[Called By]<UL><LI><a href="#[7c]">&gt;&gt;</a>&nbsp;&nbsp;&nbsp;__main
<LI><a href="#[80]">&gt;&gt;</a>&nbsp;&nbsp;&nbsp;__scatterload_rt2
</UL>

<P><STRONG><a name="[280]"></a>__rt_entry_presh_1</STRONG> (Thumb, 0 bytes, Stack size unknown bytes, __rtentry2.o(.ARM.Collect$$rtentry$$00000002))

<P><STRONG><a name="[86]"></a>__rt_entry_sh</STRONG> (Thumb, 0 bytes, Stack size unknown bytes, __rtentry4.o(.ARM.Collect$$rtentry$$00000004))
<BR><BR>[Stack]<UL><LI>Max Depth = 8 + Unknown Stack Size
<LI>Call Chain = __rt_entry_sh &rArr; __user_setup_stackheap
</UL>
<BR>[Calls]<UL><LI><a href="#[87]">&gt;&gt;</a>&nbsp;&nbsp;&nbsp;__user_setup_stackheap
</UL>

<P><STRONG><a name="[88]"></a>__rt_entry_li</STRONG> (Thumb, 0 bytes, Stack size unknown bytes, __rtentry2.o(.ARM.Collect$$rtentry$$0000000A))
<BR><BR>[Calls]<UL><LI><a href="#[89]">&gt;&gt;</a>&nbsp;&nbsp;&nbsp;__rt_lib_init
</UL>

<P><STRONG><a name="[281]"></a>__rt_entry_postsh_1</STRONG> (Thumb, 0 bytes, Stack size unknown bytes, __rtentry2.o(.ARM.Collect$$rtentry$$00000009))

<P><STRONG><a name="[8a]"></a>__rt_entry_main</STRONG> (Thumb, 0 bytes, Stack size unknown bytes, __rtentry2.o(.ARM.Collect$$rtentry$$0000000D))
<BR><BR>[Stack]<UL><LI>Max Depth = 216 + Unknown Stack Size
<LI>Call Chain = __rt_entry_main &rArr; main &rArr; vTaskStartScheduler &rArr; xTimerCreateTimerTask &rArr; xTaskGenericCreate &rArr; prvAllocateTCBAndStack &rArr; pvPortMalloc &rArr; xTaskResumeAll &rArr; xTaskIncrementTick
</UL>
<BR>[Calls]<UL><LI><a href="#[8b]">&gt;&gt;</a>&nbsp;&nbsp;&nbsp;main
<LI><a href="#[8c]">&gt;&gt;</a>&nbsp;&nbsp;&nbsp;exit
</UL>

<P><STRONG><a name="[282]"></a>__rt_entry_postli_1</STRONG> (Thumb, 0 bytes, Stack size unknown bytes, __rtentry2.o(.ARM.Collect$$rtentry$$0000000C))

<P><STRONG><a name="[ac]"></a>__rt_exit</STRONG> (Thumb, 0 bytes, Stack size unknown bytes, rtexit.o(.ARM.Collect$$rtexit$$00000000))
<BR><BR>[Called By]<UL><LI><a href="#[8c]">&gt;&gt;</a>&nbsp;&nbsp;&nbsp;exit
</UL>

<P><STRONG><a name="[8d]"></a>__rt_exit_ls</STRONG> (Thumb, 0 bytes, Stack size unknown bytes, rtexit2.o(.ARM.Collect$$rtexit$$00000003))
<BR><BR>[Calls]<UL><LI><a href="#[8e]">&gt;&gt;</a>&nbsp;&nbsp;&nbsp;__rt_lib_shutdown
</UL>

<P><STRONG><a name="[283]"></a>__rt_exit_prels_1</STRONG> (Thumb, 0 bytes, Stack size unknown bytes, rtexit2.o(.ARM.Collect$$rtexit$$00000002))

<P><STRONG><a name="[8f]"></a>__rt_exit_exit</STRONG> (Thumb, 0 bytes, Stack size unknown bytes, rtexit2.o(.ARM.Collect$$rtexit$$00000004))
<BR><BR>[Calls]<UL><LI><a href="#[90]">&gt;&gt;</a>&nbsp;&nbsp;&nbsp;_sys_exit
</UL>

<P><STRONG><a name="[13]"></a>vPortSVCHandler</STRONG> (Thumb, 32 bytes, Stack size 0 bytes, port.o(.emb_text))
<BR>[Address Reference Count : 1]<UL><LI> startup_gd32f10x_cl.o(RESET)
</UL>
<P><STRONG><a name="[231]"></a>__asm___6_port_c_39a90d8d__prvStartFirstTask</STRONG> (Thumb, 28 bytes, Stack size 0 bytes, port.o(.emb_text))
<BR><BR>[Called By]<UL><LI><a href="#[22f]">&gt;&gt;</a>&nbsp;&nbsp;&nbsp;xPortStartScheduler
</UL>

<P><STRONG><a name="[15]"></a>xPortPendSVHandler</STRONG> (Thumb, 64 bytes, Stack size 0 bytes, port.o(.emb_text))
<BR><BR>[Calls]<UL><LI><a href="#[91]">&gt;&gt;</a>&nbsp;&nbsp;&nbsp;vTaskSwitchContext
</UL>
<BR>[Address Reference Count : 1]<UL><LI> startup_gd32f10x_cl.o(RESET)
</UL>
<P><STRONG><a name="[20f]"></a>ulPortSetInterruptMask</STRONG> (Thumb, 14 bytes, Stack size 0 bytes, port.o(.emb_text))
<BR><BR>[Called By]<UL><LI><a href="#[1f2]">&gt;&gt;</a>&nbsp;&nbsp;&nbsp;vTaskStartScheduler
<LI><a href="#[18b]">&gt;&gt;</a>&nbsp;&nbsp;&nbsp;vPortEnterCritical
<LI><a href="#[16]">&gt;&gt;</a>&nbsp;&nbsp;&nbsp;xPortSysTickHandler
<LI><a href="#[6c]">&gt;&gt;</a>&nbsp;&nbsp;&nbsp;prvTaskExitError
<LI><a href="#[237]">&gt;&gt;</a>&nbsp;&nbsp;&nbsp;xQueueGenericSendFromISR
</UL>

<P><STRONG><a name="[22a]"></a>vPortClearInterruptMask</STRONG> (Thumb, 6 bytes, Stack size 0 bytes, port.o(.emb_text))
<BR><BR>[Called By]<UL><LI><a href="#[18d]">&gt;&gt;</a>&nbsp;&nbsp;&nbsp;vPortExitCritical
<LI><a href="#[16]">&gt;&gt;</a>&nbsp;&nbsp;&nbsp;xPortSysTickHandler
<LI><a href="#[237]">&gt;&gt;</a>&nbsp;&nbsp;&nbsp;xQueueGenericSendFromISR
</UL>

<P><STRONG><a name="[284]"></a>vPortGetIPSR</STRONG> (Thumb, 6 bytes, Stack size 0 bytes, port.o(.emb_text), UNUSED)

<P><STRONG><a name="[d]"></a>Reset_Handler</STRONG> (Thumb, 8 bytes, Stack size 0 bytes, startup_gd32f10x_cl.o(.text))
<BR>[Address Reference Count : 1]<UL><LI> startup_gd32f10x_cl.o(RESET)
</UL>
<P><STRONG><a name="[285]"></a>_maybe_terminate_alloc</STRONG> (Thumb, 0 bytes, Stack size 0 bytes, maybetermalloc1.o(.emb_text), UNUSED)

<P><STRONG><a name="[e]"></a>NMI_Handler</STRONG> (Thumb, 2 bytes, Stack size 0 bytes, startup_gd32f10x_cl.o(.text))
<BR><BR>[Calls]<UL><LI><a href="#[e]">&gt;&gt;</a>&nbsp;&nbsp;&nbsp;NMI_Handler
</UL>
<BR>[Called By]<UL><LI><a href="#[e]">&gt;&gt;</a>&nbsp;&nbsp;&nbsp;NMI_Handler
</UL>
<BR>[Address Reference Count : 1]<UL><LI> startup_gd32f10x_cl.o(RESET)
</UL>
<P><STRONG><a name="[f]"></a>HardFault_Handler</STRONG> (Thumb, 2 bytes, Stack size 0 bytes, startup_gd32f10x_cl.o(.text))
<BR><BR>[Calls]<UL><LI><a href="#[f]">&gt;&gt;</a>&nbsp;&nbsp;&nbsp;HardFault_Handler
</UL>
<BR>[Called By]<UL><LI><a href="#[f]">&gt;&gt;</a>&nbsp;&nbsp;&nbsp;HardFault_Handler
</UL>
<BR>[Address Reference Count : 1]<UL><LI> startup_gd32f10x_cl.o(RESET)
</UL>
<P><STRONG><a name="[10]"></a>MemManage_Handler</STRONG> (Thumb, 2 bytes, Stack size 0 bytes, startup_gd32f10x_cl.o(.text))
<BR><BR>[Calls]<UL><LI><a href="#[10]">&gt;&gt;</a>&nbsp;&nbsp;&nbsp;MemManage_Handler
</UL>
<BR>[Called By]<UL><LI><a href="#[10]">&gt;&gt;</a>&nbsp;&nbsp;&nbsp;MemManage_Handler
</UL>
<BR>[Address Reference Count : 1]<UL><LI> startup_gd32f10x_cl.o(RESET)
</UL>
<P><STRONG><a name="[11]"></a>BusFault_Handler</STRONG> (Thumb, 2 bytes, Stack size 0 bytes, startup_gd32f10x_cl.o(.text))
<BR><BR>[Calls]<UL><LI><a href="#[11]">&gt;&gt;</a>&nbsp;&nbsp;&nbsp;BusFault_Handler
</UL>
<BR>[Called By]<UL><LI><a href="#[11]">&gt;&gt;</a>&nbsp;&nbsp;&nbsp;BusFault_Handler
</UL>
<BR>[Address Reference Count : 1]<UL><LI> startup_gd32f10x_cl.o(RESET)
</UL>
<P><STRONG><a name="[12]"></a>UsageFault_Handler</STRONG> (Thumb, 2 bytes, Stack size 0 bytes, startup_gd32f10x_cl.o(.text))
<BR><BR>[Calls]<UL><LI><a href="#[12]">&gt;&gt;</a>&nbsp;&nbsp;&nbsp;UsageFault_Handler
</UL>
<BR>[Called By]<UL><LI><a href="#[12]">&gt;&gt;</a>&nbsp;&nbsp;&nbsp;UsageFault_Handler
</UL>
<BR>[Address Reference Count : 1]<UL><LI> startup_gd32f10x_cl.o(RESET)
</UL>
<P><STRONG><a name="[92]"></a>SVC_Handler</STRONG> (Thumb, 2 bytes, Stack size 0 bytes, startup_gd32f10x_cl.o(.text), UNUSED)
<BR><BR>[Calls]<UL><LI><a href="#[92]">&gt;&gt;</a>&nbsp;&nbsp;&nbsp;SVC_Handler
</UL>
<BR>[Called By]<UL><LI><a href="#[92]">&gt;&gt;</a>&nbsp;&nbsp;&nbsp;SVC_Handler
</UL>

<P><STRONG><a name="[14]"></a>DebugMon_Handler</STRONG> (Thumb, 2 bytes, Stack size 0 bytes, startup_gd32f10x_cl.o(.text))
<BR><BR>[Calls]<UL><LI><a href="#[14]">&gt;&gt;</a>&nbsp;&nbsp;&nbsp;DebugMon_Handler
</UL>
<BR>[Called By]<UL><LI><a href="#[14]">&gt;&gt;</a>&nbsp;&nbsp;&nbsp;DebugMon_Handler
</UL>
<BR>[Address Reference Count : 1]<UL><LI> startup_gd32f10x_cl.o(RESET)
</UL>
<P><STRONG><a name="[93]"></a>PendSV_Handler</STRONG> (Thumb, 2 bytes, Stack size 0 bytes, startup_gd32f10x_cl.o(.text), UNUSED)
<BR><BR>[Calls]<UL><LI><a href="#[93]">&gt;&gt;</a>&nbsp;&nbsp;&nbsp;PendSV_Handler
</UL>
<BR>[Called By]<UL><LI><a href="#[93]">&gt;&gt;</a>&nbsp;&nbsp;&nbsp;PendSV_Handler
</UL>

<P><STRONG><a name="[94]"></a>SysTick_Handler</STRONG> (Thumb, 2 bytes, Stack size 0 bytes, startup_gd32f10x_cl.o(.text), UNUSED)
<BR><BR>[Calls]<UL><LI><a href="#[94]">&gt;&gt;</a>&nbsp;&nbsp;&nbsp;SysTick_Handler
</UL>
<BR>[Called By]<UL><LI><a href="#[94]">&gt;&gt;</a>&nbsp;&nbsp;&nbsp;SysTick_Handler
</UL>

<P><STRONG><a name="[29]"></a>ADC0_1_IRQHandler</STRONG> (Thumb, 0 bytes, Stack size 0 bytes, startup_gd32f10x_cl.o(.text))
<BR><BR>[Calls]<UL><LI><a href="#[29]">&gt;&gt;</a>&nbsp;&nbsp;&nbsp;ADC0_1_IRQHandler
</UL>
<BR>[Called By]<UL><LI><a href="#[29]">&gt;&gt;</a>&nbsp;&nbsp;&nbsp;ADC0_1_IRQHandler
</UL>
<BR>[Address Reference Count : 1]<UL><LI> startup_gd32f10x_cl.o(RESET)
</UL>
<P><STRONG><a name="[2d]"></a>CAN0_EWMC_IRQHandler</STRONG> (Thumb, 0 bytes, Stack size 0 bytes, startup_gd32f10x_cl.o(.text))
<BR>[Address Reference Count : 1]<UL><LI> startup_gd32f10x_cl.o(RESET)
</UL>
<P><STRONG><a name="[57]"></a>CAN1_EWMC_IRQHandler</STRONG> (Thumb, 0 bytes, Stack size 0 bytes, startup_gd32f10x_cl.o(.text))
<BR>[Address Reference Count : 1]<UL><LI> startup_gd32f10x_cl.o(RESET)
</UL>
<P><STRONG><a name="[22]"></a>DMA0_Channel0_IRQHandler</STRONG> (Thumb, 0 bytes, Stack size 0 bytes, startup_gd32f10x_cl.o(.text))
<BR>[Address Reference Count : 1]<UL><LI> startup_gd32f10x_cl.o(RESET)
</UL>
<P><STRONG><a name="[23]"></a>DMA0_Channel1_IRQHandler</STRONG> (Thumb, 0 bytes, Stack size 0 bytes, startup_gd32f10x_cl.o(.text))
<BR>[Address Reference Count : 1]<UL><LI> startup_gd32f10x_cl.o(RESET)
</UL>
<P><STRONG><a name="[24]"></a>DMA0_Channel2_IRQHandler</STRONG> (Thumb, 0 bytes, Stack size 0 bytes, startup_gd32f10x_cl.o(.text))
<BR>[Address Reference Count : 1]<UL><LI> startup_gd32f10x_cl.o(RESET)
</UL>
<P><STRONG><a name="[25]"></a>DMA0_Channel3_IRQHandler</STRONG> (Thumb, 0 bytes, Stack size 0 bytes, startup_gd32f10x_cl.o(.text))
<BR>[Address Reference Count : 1]<UL><LI> startup_gd32f10x_cl.o(RESET)
</UL>
<P><STRONG><a name="[26]"></a>DMA0_Channel4_IRQHandler</STRONG> (Thumb, 0 bytes, Stack size 0 bytes, startup_gd32f10x_cl.o(.text))
<BR>[Address Reference Count : 1]<UL><LI> startup_gd32f10x_cl.o(RESET)
</UL>
<P><STRONG><a name="[27]"></a>DMA0_Channel5_IRQHandler</STRONG> (Thumb, 0 bytes, Stack size 0 bytes, startup_gd32f10x_cl.o(.text))
<BR>[Address Reference Count : 1]<UL><LI> startup_gd32f10x_cl.o(RESET)
</UL>
<P><STRONG><a name="[28]"></a>DMA0_Channel6_IRQHandler</STRONG> (Thumb, 0 bytes, Stack size 0 bytes, startup_gd32f10x_cl.o(.text))
<BR>[Address Reference Count : 1]<UL><LI> startup_gd32f10x_cl.o(RESET)
</UL>
<P><STRONG><a name="[4d]"></a>DMA1_Channel0_IRQHandler</STRONG> (Thumb, 0 bytes, Stack size 0 bytes, startup_gd32f10x_cl.o(.text))
<BR>[Address Reference Count : 1]<UL><LI> startup_gd32f10x_cl.o(RESET)
</UL>
<P><STRONG><a name="[4e]"></a>DMA1_Channel1_IRQHandler</STRONG> (Thumb, 0 bytes, Stack size 0 bytes, startup_gd32f10x_cl.o(.text))
<BR>[Address Reference Count : 1]<UL><LI> startup_gd32f10x_cl.o(RESET)
</UL>
<P><STRONG><a name="[4f]"></a>DMA1_Channel2_IRQHandler</STRONG> (Thumb, 0 bytes, Stack size 0 bytes, startup_gd32f10x_cl.o(.text))
<BR>[Address Reference Count : 1]<UL><LI> startup_gd32f10x_cl.o(RESET)
</UL>
<P><STRONG><a name="[50]"></a>DMA1_Channel3_IRQHandler</STRONG> (Thumb, 0 bytes, Stack size 0 bytes, startup_gd32f10x_cl.o(.text))
<BR>[Address Reference Count : 1]<UL><LI> startup_gd32f10x_cl.o(RESET)
</UL>
<P><STRONG><a name="[51]"></a>DMA1_Channel4_IRQHandler</STRONG> (Thumb, 0 bytes, Stack size 0 bytes, startup_gd32f10x_cl.o(.text))
<BR>[Address Reference Count : 1]<UL><LI> startup_gd32f10x_cl.o(RESET)
</UL>
<P><STRONG><a name="[52]"></a>ENET_IRQHandler</STRONG> (Thumb, 0 bytes, Stack size 0 bytes, startup_gd32f10x_cl.o(.text))
<BR>[Address Reference Count : 1]<UL><LI> startup_gd32f10x_cl.o(RESET)
</UL>
<P><STRONG><a name="[53]"></a>ENET_WKUP_IRQHandler</STRONG> (Thumb, 0 bytes, Stack size 0 bytes, startup_gd32f10x_cl.o(.text))
<BR>[Address Reference Count : 1]<UL><LI> startup_gd32f10x_cl.o(RESET)
</UL>
<P><STRONG><a name="[46]"></a>EXMC_IRQHandler</STRONG> (Thumb, 0 bytes, Stack size 0 bytes, startup_gd32f10x_cl.o(.text))
<BR>[Address Reference Count : 1]<UL><LI> startup_gd32f10x_cl.o(RESET)
</UL>
<P><STRONG><a name="[1d]"></a>EXTI0_IRQHandler</STRONG> (Thumb, 0 bytes, Stack size 0 bytes, startup_gd32f10x_cl.o(.text))
<BR>[Address Reference Count : 1]<UL><LI> startup_gd32f10x_cl.o(RESET)
</UL>
<P><STRONG><a name="[3f]"></a>EXTI10_15_IRQHandler</STRONG> (Thumb, 0 bytes, Stack size 0 bytes, startup_gd32f10x_cl.o(.text))
<BR>[Address Reference Count : 1]<UL><LI> startup_gd32f10x_cl.o(RESET)
</UL>
<P><STRONG><a name="[1e]"></a>EXTI1_IRQHandler</STRONG> (Thumb, 0 bytes, Stack size 0 bytes, startup_gd32f10x_cl.o(.text))
<BR>[Address Reference Count : 1]<UL><LI> startup_gd32f10x_cl.o(RESET)
</UL>
<P><STRONG><a name="[1f]"></a>EXTI2_IRQHandler</STRONG> (Thumb, 0 bytes, Stack size 0 bytes, startup_gd32f10x_cl.o(.text))
<BR>[Address Reference Count : 1]<UL><LI> startup_gd32f10x_cl.o(RESET)
</UL>
<P><STRONG><a name="[20]"></a>EXTI3_IRQHandler</STRONG> (Thumb, 0 bytes, Stack size 0 bytes, startup_gd32f10x_cl.o(.text))
<BR>[Address Reference Count : 1]<UL><LI> startup_gd32f10x_cl.o(RESET)
</UL>
<P><STRONG><a name="[21]"></a>EXTI4_IRQHandler</STRONG> (Thumb, 0 bytes, Stack size 0 bytes, startup_gd32f10x_cl.o(.text))
<BR>[Address Reference Count : 1]<UL><LI> startup_gd32f10x_cl.o(RESET)
</UL>
<P><STRONG><a name="[2e]"></a>EXTI5_9_IRQHandler</STRONG> (Thumb, 0 bytes, Stack size 0 bytes, startup_gd32f10x_cl.o(.text))
<BR>[Address Reference Count : 1]<UL><LI> startup_gd32f10x_cl.o(RESET)
</UL>
<P><STRONG><a name="[1b]"></a>FMC_IRQHandler</STRONG> (Thumb, 0 bytes, Stack size 0 bytes, startup_gd32f10x_cl.o(.text))
<BR>[Address Reference Count : 1]<UL><LI> startup_gd32f10x_cl.o(RESET)
</UL>
<P><STRONG><a name="[37]"></a>I2C0_ER_IRQHandler</STRONG> (Thumb, 0 bytes, Stack size 0 bytes, startup_gd32f10x_cl.o(.text))
<BR>[Address Reference Count : 1]<UL><LI> startup_gd32f10x_cl.o(RESET)
</UL>
<P><STRONG><a name="[36]"></a>I2C0_EV_IRQHandler</STRONG> (Thumb, 0 bytes, Stack size 0 bytes, startup_gd32f10x_cl.o(.text))
<BR>[Address Reference Count : 1]<UL><LI> startup_gd32f10x_cl.o(RESET)
</UL>
<P><STRONG><a name="[39]"></a>I2C1_ER_IRQHandler</STRONG> (Thumb, 0 bytes, Stack size 0 bytes, startup_gd32f10x_cl.o(.text))
<BR>[Address Reference Count : 1]<UL><LI> startup_gd32f10x_cl.o(RESET)
</UL>
<P><STRONG><a name="[38]"></a>I2C1_EV_IRQHandler</STRONG> (Thumb, 0 bytes, Stack size 0 bytes, startup_gd32f10x_cl.o(.text))
<BR>[Address Reference Count : 1]<UL><LI> startup_gd32f10x_cl.o(RESET)
</UL>
<P><STRONG><a name="[18]"></a>LVD_IRQHandler</STRONG> (Thumb, 0 bytes, Stack size 0 bytes, startup_gd32f10x_cl.o(.text))
<BR>[Address Reference Count : 1]<UL><LI> startup_gd32f10x_cl.o(RESET)
</UL>
<P><STRONG><a name="[1c]"></a>RCU_IRQHandler</STRONG> (Thumb, 0 bytes, Stack size 0 bytes, startup_gd32f10x_cl.o(.text))
<BR>[Address Reference Count : 1]<UL><LI> startup_gd32f10x_cl.o(RESET)
</UL>
<P><STRONG><a name="[40]"></a>RTC_Alarm_IRQHandler</STRONG> (Thumb, 0 bytes, Stack size 0 bytes, startup_gd32f10x_cl.o(.text))
<BR>[Address Reference Count : 1]<UL><LI> startup_gd32f10x_cl.o(RESET)
</UL>
<P><STRONG><a name="[1a]"></a>RTC_IRQHandler</STRONG> (Thumb, 0 bytes, Stack size 0 bytes, startup_gd32f10x_cl.o(.text))
<BR>[Address Reference Count : 1]<UL><LI> startup_gd32f10x_cl.o(RESET)
</UL>
<P><STRONG><a name="[3a]"></a>SPI0_IRQHandler</STRONG> (Thumb, 0 bytes, Stack size 0 bytes, startup_gd32f10x_cl.o(.text))
<BR>[Address Reference Count : 1]<UL><LI> startup_gd32f10x_cl.o(RESET)
</UL>
<P><STRONG><a name="[3b]"></a>SPI1_IRQHandler</STRONG> (Thumb, 0 bytes, Stack size 0 bytes, startup_gd32f10x_cl.o(.text))
<BR>[Address Reference Count : 1]<UL><LI> startup_gd32f10x_cl.o(RESET)
</UL>
<P><STRONG><a name="[48]"></a>SPI2_IRQHandler</STRONG> (Thumb, 0 bytes, Stack size 0 bytes, startup_gd32f10x_cl.o(.text))
<BR>[Address Reference Count : 1]<UL><LI> startup_gd32f10x_cl.o(RESET)
</UL>
<P><STRONG><a name="[19]"></a>TAMPER_IRQHandler</STRONG> (Thumb, 0 bytes, Stack size 0 bytes, startup_gd32f10x_cl.o(.text))
<BR>[Address Reference Count : 1]<UL><LI> startup_gd32f10x_cl.o(RESET)
</UL>
<P><STRONG><a name="[2f]"></a>TIMER0_BRK_IRQHandler</STRONG> (Thumb, 0 bytes, Stack size 0 bytes, startup_gd32f10x_cl.o(.text))
<BR>[Address Reference Count : 1]<UL><LI> startup_gd32f10x_cl.o(RESET)
</UL>
<P><STRONG><a name="[32]"></a>TIMER0_Channel_IRQHandler</STRONG> (Thumb, 0 bytes, Stack size 0 bytes, startup_gd32f10x_cl.o(.text))
<BR>[Address Reference Count : 1]<UL><LI> startup_gd32f10x_cl.o(RESET)
</UL>
<P><STRONG><a name="[31]"></a>TIMER0_TRG_CMT_IRQHandler</STRONG> (Thumb, 0 bytes, Stack size 0 bytes, startup_gd32f10x_cl.o(.text))
<BR>[Address Reference Count : 1]<UL><LI> startup_gd32f10x_cl.o(RESET)
</UL>
<P><STRONG><a name="[30]"></a>TIMER0_UP_IRQHandler</STRONG> (Thumb, 0 bytes, Stack size 0 bytes, startup_gd32f10x_cl.o(.text))
<BR>[Address Reference Count : 1]<UL><LI> startup_gd32f10x_cl.o(RESET)
</UL>
<P><STRONG><a name="[33]"></a>TIMER1_IRQHandler</STRONG> (Thumb, 0 bytes, Stack size 0 bytes, startup_gd32f10x_cl.o(.text))
<BR>[Address Reference Count : 1]<UL><LI> startup_gd32f10x_cl.o(RESET)
</UL>
<P><STRONG><a name="[34]"></a>TIMER2_IRQHandler</STRONG> (Thumb, 0 bytes, Stack size 0 bytes, startup_gd32f10x_cl.o(.text))
<BR>[Address Reference Count : 1]<UL><LI> startup_gd32f10x_cl.o(RESET)
</UL>
<P><STRONG><a name="[35]"></a>TIMER3_IRQHandler</STRONG> (Thumb, 0 bytes, Stack size 0 bytes, startup_gd32f10x_cl.o(.text))
<BR>[Address Reference Count : 1]<UL><LI> startup_gd32f10x_cl.o(RESET)
</UL>
<P><STRONG><a name="[47]"></a>TIMER4_IRQHandler</STRONG> (Thumb, 0 bytes, Stack size 0 bytes, startup_gd32f10x_cl.o(.text))
<BR>[Address Reference Count : 1]<UL><LI> startup_gd32f10x_cl.o(RESET)
</UL>
<P><STRONG><a name="[4b]"></a>TIMER5_IRQHandler</STRONG> (Thumb, 0 bytes, Stack size 0 bytes, startup_gd32f10x_cl.o(.text))
<BR>[Address Reference Count : 1]<UL><LI> startup_gd32f10x_cl.o(RESET)
</UL>
<P><STRONG><a name="[4c]"></a>TIMER6_IRQHandler</STRONG> (Thumb, 0 bytes, Stack size 0 bytes, startup_gd32f10x_cl.o(.text))
<BR>[Address Reference Count : 1]<UL><LI> startup_gd32f10x_cl.o(RESET)
</UL>
<P><STRONG><a name="[42]"></a>TIMER7_BRK_IRQHandler</STRONG> (Thumb, 0 bytes, Stack size 0 bytes, startup_gd32f10x_cl.o(.text))
<BR>[Address Reference Count : 1]<UL><LI> startup_gd32f10x_cl.o(RESET)
</UL>
<P><STRONG><a name="[45]"></a>TIMER7_Channel_IRQHandler</STRONG> (Thumb, 0 bytes, Stack size 0 bytes, startup_gd32f10x_cl.o(.text))
<BR>[Address Reference Count : 1]<UL><LI> startup_gd32f10x_cl.o(RESET)
</UL>
<P><STRONG><a name="[44]"></a>TIMER7_TRG_CMT_IRQHandler</STRONG> (Thumb, 0 bytes, Stack size 0 bytes, startup_gd32f10x_cl.o(.text))
<BR>[Address Reference Count : 1]<UL><LI> startup_gd32f10x_cl.o(RESET)
</UL>
<P><STRONG><a name="[43]"></a>TIMER7_UP_IRQHandler</STRONG> (Thumb, 0 bytes, Stack size 0 bytes, startup_gd32f10x_cl.o(.text))
<BR>[Address Reference Count : 1]<UL><LI> startup_gd32f10x_cl.o(RESET)
</UL>
<P><STRONG><a name="[4a]"></a>UART4_IRQHandler</STRONG> (Thumb, 0 bytes, Stack size 0 bytes, startup_gd32f10x_cl.o(.text))
<BR>[Address Reference Count : 1]<UL><LI> startup_gd32f10x_cl.o(RESET)
</UL>
<P><STRONG><a name="[3c]"></a>USART0_IRQHandler</STRONG> (Thumb, 0 bytes, Stack size 0 bytes, startup_gd32f10x_cl.o(.text))
<BR>[Address Reference Count : 1]<UL><LI> startup_gd32f10x_cl.o(RESET)
</UL>
<P><STRONG><a name="[3d]"></a>USART1_IRQHandler</STRONG> (Thumb, 0 bytes, Stack size 0 bytes, startup_gd32f10x_cl.o(.text))
<BR>[Address Reference Count : 1]<UL><LI> startup_gd32f10x_cl.o(RESET)
</UL>
<P><STRONG><a name="[3e]"></a>USART2_IRQHandler</STRONG> (Thumb, 0 bytes, Stack size 0 bytes, startup_gd32f10x_cl.o(.text))
<BR>[Address Reference Count : 1]<UL><LI> startup_gd32f10x_cl.o(RESET)
</UL>
<P><STRONG><a name="[58]"></a>USBFS_IRQHandler</STRONG> (Thumb, 0 bytes, Stack size 0 bytes, startup_gd32f10x_cl.o(.text))
<BR>[Address Reference Count : 1]<UL><LI> startup_gd32f10x_cl.o(RESET)
</UL>
<P><STRONG><a name="[41]"></a>USBFS_WKUP_IRQHandler</STRONG> (Thumb, 0 bytes, Stack size 0 bytes, startup_gd32f10x_cl.o(.text))
<BR>[Address Reference Count : 1]<UL><LI> startup_gd32f10x_cl.o(RESET)
</UL>
<P><STRONG><a name="[17]"></a>WWDGT_IRQHandler</STRONG> (Thumb, 0 bytes, Stack size 0 bytes, startup_gd32f10x_cl.o(.text))
<BR>[Address Reference Count : 1]<UL><LI> startup_gd32f10x_cl.o(RESET)
</UL>
<P><STRONG><a name="[ab]"></a>__user_initial_stackheap</STRONG> (Thumb, 10 bytes, Stack size 0 bytes, startup_gd32f10x_cl.o(.text))
<BR><BR>[Called By]<UL><LI><a href="#[87]">&gt;&gt;</a>&nbsp;&nbsp;&nbsp;__user_setup_stackheap
</UL>

<P><STRONG><a name="[95]"></a>strtok</STRONG> (Thumb, 6 bytes, Stack size 0 bytes, strtok.o(.text))
<BR><BR>[Stack]<UL><LI>Max Depth = 36<LI>Call Chain = strtok &rArr; __strtok_internal &rArr; strspn
</UL>
<BR>[Calls]<UL><LI><a href="#[96]">&gt;&gt;</a>&nbsp;&nbsp;&nbsp;__strtok_internal
</UL>
<BR>[Called By]<UL><LI><a href="#[104]">&gt;&gt;</a>&nbsp;&nbsp;&nbsp;getInfodata(unsigned char*)
</UL>

<P><STRONG><a name="[11e]"></a>strstr</STRONG> (Thumb, 36 bytes, Stack size 12 bytes, strstr.o(.text))
<BR><BR>[Stack]<UL><LI>Max Depth = 12<LI>Call Chain = strstr
</UL>
<BR>[Called By]<UL><LI><a href="#[104]">&gt;&gt;</a>&nbsp;&nbsp;&nbsp;getInfodata(unsigned char*)
</UL>

<P><STRONG><a name="[e9]"></a>strlen</STRONG> (Thumb, 62 bytes, Stack size 8 bytes, strlen.o(.text))
<BR><BR>[Stack]<UL><LI>Max Depth = 8<LI>Call Chain = strlen
</UL>
<BR>[Called By]<UL><LI><a href="#[15a]">&gt;&gt;</a>&nbsp;&nbsp;&nbsp;UsartPort::onRecvFrame(void*(*)(void*, void*))
<LI><a href="#[196]">&gt;&gt;</a>&nbsp;&nbsp;&nbsp;Screen::print(unsigned char, unsigned char, unsigned char, unsigned char, Item*, CoursCtrl*)
<LI><a href="#[11f]">&gt;&gt;</a>&nbsp;&nbsp;&nbsp;protocol_TieTa_1363(unsigned char, unsigned char, unsigned char, unsigned char, unsigned char, unsigned char*)
<LI><a href="#[e8]">&gt;&gt;</a>&nbsp;&nbsp;&nbsp;ReplyUpData(unsigned char, unsigned char*, unsigned short*)
</UL>

<P><STRONG><a name="[ed]"></a>strcat</STRONG> (Thumb, 24 bytes, Stack size 0 bytes, strcat.o(.text))
<BR><BR>[Called By]<UL><LI><a href="#[e8]">&gt;&gt;</a>&nbsp;&nbsp;&nbsp;ReplyUpData(unsigned char, unsigned char*, unsigned short*)
</UL>

<P><STRONG><a name="[ec]"></a>__aeabi_memcpy</STRONG> (Thumb, 0 bytes, Stack size 0 bytes, rt_memcpy_v6.o(.text))
<BR><BR>[Called By]<UL><LI><a href="#[11f]">&gt;&gt;</a>&nbsp;&nbsp;&nbsp;protocol_TieTa_1363(unsigned char, unsigned char, unsigned char, unsigned char, unsigned char, unsigned char*)
<LI><a href="#[10b]">&gt;&gt;</a>&nbsp;&nbsp;&nbsp;get1363data(unsigned char*, unsigned char*)
<LI><a href="#[e8]">&gt;&gt;</a>&nbsp;&nbsp;&nbsp;ReplyUpData(unsigned char, unsigned char*, unsigned short*)
<LI><a href="#[200]">&gt;&gt;</a>&nbsp;&nbsp;&nbsp;prvCopyDataToQueue
<LI><a href="#[1ff]">&gt;&gt;</a>&nbsp;&nbsp;&nbsp;prvCopyDataFromQueue
</UL>

<P><STRONG><a name="[97]"></a>__rt_memcpy</STRONG> (Thumb, 138 bytes, Stack size 0 bytes, rt_memcpy_v6.o(.text), UNUSED)
<BR><BR>[Calls]<UL><LI><a href="#[98]">&gt;&gt;</a>&nbsp;&nbsp;&nbsp;__aeabi_memcpy4
</UL>

<P><STRONG><a name="[286]"></a>_memcpy_lastbytes</STRONG> (Thumb, 0 bytes, Stack size unknown bytes, rt_memcpy_v6.o(.text), UNUSED)

<P><STRONG><a name="[99]"></a>__aeabi_memset</STRONG> (Thumb, 16 bytes, Stack size 0 bytes, aeabi_memset.o(.text))
<BR><BR>[Calls]<UL><LI><a href="#[9a]">&gt;&gt;</a>&nbsp;&nbsp;&nbsp;_memset
</UL>
<BR>[Called By]<UL><LI><a href="#[14a]">&gt;&gt;</a>&nbsp;&nbsp;&nbsp;InitData()
</UL>

<P><STRONG><a name="[eb]"></a>__aeabi_memclr</STRONG> (Thumb, 0 bytes, Stack size 0 bytes, rt_memclr.o(.text))
<BR><BR>[Called By]<UL><LI><a href="#[1cf]">&gt;&gt;</a>&nbsp;&nbsp;&nbsp;Queue&lang;unsigned char&rang;::Queue(unsigned short)
<LI><a href="#[14a]">&gt;&gt;</a>&nbsp;&nbsp;&nbsp;InitData()
<LI><a href="#[10b]">&gt;&gt;</a>&nbsp;&nbsp;&nbsp;get1363data(unsigned char*, unsigned char*)
<LI><a href="#[e8]">&gt;&gt;</a>&nbsp;&nbsp;&nbsp;ReplyUpData(unsigned char, unsigned char*, unsigned short*)
<LI><a href="#[110]">&gt;&gt;</a>&nbsp;&nbsp;&nbsp;Getdata(ytd1363data*, unsigned char, unsigned char*, unsigned short*)
</UL>

<P><STRONG><a name="[9b]"></a>__rt_memclr</STRONG> (Thumb, 68 bytes, Stack size 0 bytes, rt_memclr.o(.text), UNUSED)
<BR><BR>[Calls]<UL><LI><a href="#[9c]">&gt;&gt;</a>&nbsp;&nbsp;&nbsp;_memset_w
</UL>

<P><STRONG><a name="[9a]"></a>_memset</STRONG> (Thumb, 0 bytes, Stack size unknown bytes, rt_memclr.o(.text))
<BR><BR>[Called By]<UL><LI><a href="#[99]">&gt;&gt;</a>&nbsp;&nbsp;&nbsp;__aeabi_memset
</UL>

<P><STRONG><a name="[115]"></a>__aeabi_memclr4</STRONG> (Thumb, 0 bytes, Stack size 4 bytes, rt_memclr_w.o(.text))
<BR><BR>[Stack]<UL><LI>Max Depth = 4<LI>Call Chain = __aeabi_memclr4
</UL>
<BR>[Called By]<UL><LI><a href="#[1ce]">&gt;&gt;</a>&nbsp;&nbsp;&nbsp;Queue&lang;CanBuf&rang;::Queue(unsigned short)
<LI><a href="#[10b]">&gt;&gt;</a>&nbsp;&nbsp;&nbsp;get1363data(unsigned char*, unsigned char*)
</UL>

<P><STRONG><a name="[287]"></a>__aeabi_memclr8</STRONG> (Thumb, 0 bytes, Stack size 4 bytes, rt_memclr_w.o(.text), UNUSED)

<P><STRONG><a name="[288]"></a>__rt_memclr_w</STRONG> (Thumb, 78 bytes, Stack size 4 bytes, rt_memclr_w.o(.text), UNUSED)

<P><STRONG><a name="[9c]"></a>_memset_w</STRONG> (Thumb, 0 bytes, Stack size unknown bytes, rt_memclr_w.o(.text), UNUSED)
<BR><BR>[Called By]<UL><LI><a href="#[9b]">&gt;&gt;</a>&nbsp;&nbsp;&nbsp;__rt_memclr
</UL>

<P><STRONG><a name="[105]"></a>strcmp</STRONG> (Thumb, 128 bytes, Stack size 0 bytes, strcmpv7m.o(.text))
<BR><BR>[Called By]<UL><LI><a href="#[103]">&gt;&gt;</a>&nbsp;&nbsp;&nbsp;UpDateFlash(unsigned char*, unsigned short*)
</UL>

<P><STRONG><a name="[289]"></a>__use_two_region_memory</STRONG> (Thumb, 2 bytes, Stack size 0 bytes, heapauxi.o(.text), UNUSED)

<P><STRONG><a name="[8]"></a>__rt_heap_escrow</STRONG> (Thumb, 2 bytes, Stack size 0 bytes, heapauxi.o(.text), UNUSED)

<P><STRONG><a name="[7]"></a>__rt_heap_expand</STRONG> (Thumb, 2 bytes, Stack size 0 bytes, heapauxi.o(.text), UNUSED)

<P><STRONG><a name="[7d]"></a>__cpp_initialize__aeabi_</STRONG> (Thumb, 26 bytes, Stack size 16 bytes, init_aeabi.o(.text))
<BR><BR>[Stack]<UL><LI>Max Depth = 16<LI>Call Chain = __cpp_initialize__aeabi_
</UL>
<BR>[Called By]<UL><LI><a href="#[83]">&gt;&gt;</a>&nbsp;&nbsp;&nbsp;__rt_lib_init_cpp_2
</UL>

<P><STRONG><a name="[1c2]"></a>__rt_ddtor_pointer_addr</STRONG> (Thumb, 8 bytes, Stack size 0 bytes, rt_ddtor_pointer_addr_intlibspace.o(.text))
<BR><BR>[Called By]<UL><LI><a href="#[85]">&gt;&gt;</a>&nbsp;&nbsp;&nbsp;__cxa_finalize
<LI><a href="#[1c1]">&gt;&gt;</a>&nbsp;&nbsp;&nbsp;__aeabi_atexit
</UL>

<P><STRONG><a name="[9d]"></a>malloc</STRONG> (Thumb, 94 bytes, Stack size 16 bytes, h1_alloc.o(.text))
<BR><BR>[Stack]<UL><LI>Max Depth = 48<LI>Call Chain = malloc &rArr; __Heap_Full &rArr; __Heap_ProvideMemory &rArr; free
</UL>
<BR>[Calls]<UL><LI><a href="#[9f]">&gt;&gt;</a>&nbsp;&nbsp;&nbsp;__Heap_Full
<LI><a href="#[9e]">&gt;&gt;</a>&nbsp;&nbsp;&nbsp;__rt_heap_descriptor
</UL>
<BR>[Called By]<UL><LI><a href="#[1c1]">&gt;&gt;</a>&nbsp;&nbsp;&nbsp;__aeabi_atexit
</UL>

<P><STRONG><a name="[a0]"></a>free</STRONG> (Thumb, 78 bytes, Stack size 16 bytes, h1_free.o(.text))
<BR><BR>[Stack]<UL><LI>Max Depth = 16<LI>Call Chain = free
</UL>
<BR>[Calls]<UL><LI><a href="#[9e]">&gt;&gt;</a>&nbsp;&nbsp;&nbsp;__rt_heap_descriptor
</UL>
<BR>[Called By]<UL><LI><a href="#[1c0]">&gt;&gt;</a>&nbsp;&nbsp;&nbsp;operator delete (void*)
<LI><a href="#[85]">&gt;&gt;</a>&nbsp;&nbsp;&nbsp;__cxa_finalize
<LI><a href="#[a6]">&gt;&gt;</a>&nbsp;&nbsp;&nbsp;__Heap_ProvideMemory
</UL>

<P><STRONG><a name="[a1]"></a>__read_errno</STRONG> (Thumb, 10 bytes, Stack size 8 bytes, _rserrno.o(.text), UNUSED)
<BR><BR>[Calls]<UL><LI><a href="#[a2]">&gt;&gt;</a>&nbsp;&nbsp;&nbsp;__aeabi_errno_addr
</UL>

<P><STRONG><a name="[a3]"></a>__set_errno</STRONG> (Thumb, 12 bytes, Stack size 8 bytes, _rserrno.o(.text))
<BR><BR>[Stack]<UL><LI>Max Depth = 8<LI>Call Chain = __set_errno
</UL>
<BR>[Calls]<UL><LI><a href="#[a2]">&gt;&gt;</a>&nbsp;&nbsp;&nbsp;__aeabi_errno_addr
</UL>
<BR>[Called By]<UL><LI><a href="#[172]">&gt;&gt;</a>&nbsp;&nbsp;&nbsp;log
</UL>

<P><STRONG><a name="[96]"></a>__strtok_internal</STRONG> (Thumb, 64 bytes, Stack size 24 bytes, strtok_int.o(.text))
<BR><BR>[Stack]<UL><LI>Max Depth = 36<LI>Call Chain = __strtok_internal &rArr; strspn
</UL>
<BR>[Calls]<UL><LI><a href="#[a4]">&gt;&gt;</a>&nbsp;&nbsp;&nbsp;strspn
<LI><a href="#[a5]">&gt;&gt;</a>&nbsp;&nbsp;&nbsp;strcspn
</UL>
<BR>[Called By]<UL><LI><a href="#[95]">&gt;&gt;</a>&nbsp;&nbsp;&nbsp;strtok
</UL>

<P><STRONG><a name="[98]"></a>__aeabi_memcpy4</STRONG> (Thumb, 0 bytes, Stack size 8 bytes, rt_memcpy_w.o(.text), UNUSED)
<BR><BR>[Called By]<UL><LI><a href="#[97]">&gt;&gt;</a>&nbsp;&nbsp;&nbsp;__rt_memcpy
</UL>

<P><STRONG><a name="[28a]"></a>__aeabi_memcpy8</STRONG> (Thumb, 0 bytes, Stack size 8 bytes, rt_memcpy_w.o(.text), UNUSED)

<P><STRONG><a name="[28b]"></a>__rt_memcpy_w</STRONG> (Thumb, 100 bytes, Stack size 8 bytes, rt_memcpy_w.o(.text), UNUSED)

<P><STRONG><a name="[28c]"></a>_memcpy_lastbytes_aligned</STRONG> (Thumb, 0 bytes, Stack size unknown bytes, rt_memcpy_w.o(.text), UNUSED)

<P><STRONG><a name="[28d]"></a>__user_libspace</STRONG> (Thumb, 8 bytes, Stack size 0 bytes, libspace.o(.text), UNUSED)

<P><STRONG><a name="[aa]"></a>__user_perproc_libspace</STRONG> (Thumb, 0 bytes, Stack size 0 bytes, libspace.o(.text))
<BR><BR>[Called By]<UL><LI><a href="#[87]">&gt;&gt;</a>&nbsp;&nbsp;&nbsp;__user_setup_stackheap
</UL>

<P><STRONG><a name="[28e]"></a>__user_perthread_libspace</STRONG> (Thumb, 0 bytes, Stack size 0 bytes, libspace.o(.text), UNUSED)

<P><STRONG><a name="[9e]"></a>__rt_heap_descriptor</STRONG> (Thumb, 8 bytes, Stack size 0 bytes, rt_heap_descriptor_intlibspace.o(.text))
<BR><BR>[Called By]<UL><LI><a href="#[82]">&gt;&gt;</a>&nbsp;&nbsp;&nbsp;_init_alloc
<LI><a href="#[a0]">&gt;&gt;</a>&nbsp;&nbsp;&nbsp;free
<LI><a href="#[9d]">&gt;&gt;</a>&nbsp;&nbsp;&nbsp;malloc
</UL>

<P><STRONG><a name="[a2]"></a>__aeabi_errno_addr</STRONG> (Thumb, 8 bytes, Stack size 0 bytes, rt_errno_addr_intlibspace.o(.text))
<BR><BR>[Called By]<UL><LI><a href="#[a3]">&gt;&gt;</a>&nbsp;&nbsp;&nbsp;__set_errno
<LI><a href="#[a1]">&gt;&gt;</a>&nbsp;&nbsp;&nbsp;__read_errno
</UL>

<P><STRONG><a name="[28f]"></a>__errno$intlibspace</STRONG> (Thumb, 0 bytes, Stack size 0 bytes, rt_errno_addr_intlibspace.o(.text), UNUSED)

<P><STRONG><a name="[290]"></a>__rt_errno_addr$intlibspace</STRONG> (Thumb, 0 bytes, Stack size 0 bytes, rt_errno_addr_intlibspace.o(.text), UNUSED)

<P><STRONG><a name="[291]"></a>__use_no_heap</STRONG> (Thumb, 2 bytes, Stack size 0 bytes, hguard.o(.text), UNUSED)

<P><STRONG><a name="[292]"></a>__heap$guard</STRONG> (Thumb, 2 bytes, Stack size 0 bytes, hguard.o(.text), UNUSED)

<P><STRONG><a name="[4]"></a>_terminate_user_alloc</STRONG> (Thumb, 2 bytes, Stack size 0 bytes, init_alloc.o(.text), UNUSED)

<P><STRONG><a name="[3]"></a>_init_user_alloc</STRONG> (Thumb, 2 bytes, Stack size 0 bytes, init_alloc.o(.text), UNUSED)

<P><STRONG><a name="[9f]"></a>__Heap_Full</STRONG> (Thumb, 34 bytes, Stack size 16 bytes, init_alloc.o(.text))
<BR><BR>[Stack]<UL><LI>Max Depth = 32<LI>Call Chain = __Heap_Full &rArr; __Heap_ProvideMemory &rArr; free
</UL>
<BR>[Calls]<UL><LI><a href="#[a6]">&gt;&gt;</a>&nbsp;&nbsp;&nbsp;__Heap_ProvideMemory
</UL>
<BR>[Called By]<UL><LI><a href="#[9d]">&gt;&gt;</a>&nbsp;&nbsp;&nbsp;malloc
</UL>

<P><STRONG><a name="[a7]"></a>__Heap_Broken</STRONG> (Thumb, 6 bytes, Stack size 0 bytes, init_alloc.o(.text), UNUSED)
<BR><BR>[Calls]<UL><LI><a href="#[a8]">&gt;&gt;</a>&nbsp;&nbsp;&nbsp;__rt_SIGRTMEM
</UL>

<P><STRONG><a name="[82]"></a>_init_alloc</STRONG> (Thumb, 94 bytes, Stack size 24 bytes, init_alloc.o(.text))
<BR><BR>[Stack]<UL><LI>Max Depth = 64<LI>Call Chain = _init_alloc &rArr; __rt_SIGRTMEM &rArr; __rt_SIGRTMEM_inner &rArr; __default_signal_display &rArr; _ttywrch
</UL>
<BR>[Calls]<UL><LI><a href="#[a9]">&gt;&gt;</a>&nbsp;&nbsp;&nbsp;__Heap_Initialize
<LI><a href="#[9e]">&gt;&gt;</a>&nbsp;&nbsp;&nbsp;__rt_heap_descriptor
<LI><a href="#[a8]">&gt;&gt;</a>&nbsp;&nbsp;&nbsp;__rt_SIGRTMEM
<LI><a href="#[a6]">&gt;&gt;</a>&nbsp;&nbsp;&nbsp;__Heap_ProvideMemory
</UL>
<BR>[Called By]<UL><LI><a href="#[81]">&gt;&gt;</a>&nbsp;&nbsp;&nbsp;__rt_lib_init_heap_2
</UL>

<P><STRONG><a name="[a9]"></a>__Heap_Initialize</STRONG> (Thumb, 10 bytes, Stack size 0 bytes, h1_init.o(.text))
<BR><BR>[Called By]<UL><LI><a href="#[82]">&gt;&gt;</a>&nbsp;&nbsp;&nbsp;_init_alloc
</UL>

<P><STRONG><a name="[9]"></a>__Heap_DescSize</STRONG> (Thumb, 4 bytes, Stack size 0 bytes, h1_init.o(.text), UNUSED)

<P><STRONG><a name="[a5]"></a>strcspn</STRONG> (Thumb, 32 bytes, Stack size 12 bytes, strcspn.o(.text))
<BR><BR>[Stack]<UL><LI>Max Depth = 12<LI>Call Chain = strcspn
</UL>
<BR>[Called By]<UL><LI><a href="#[96]">&gt;&gt;</a>&nbsp;&nbsp;&nbsp;__strtok_internal
</UL>

<P><STRONG><a name="[a4]"></a>strspn</STRONG> (Thumb, 28 bytes, Stack size 12 bytes, strspn.o(.text))
<BR><BR>[Stack]<UL><LI>Max Depth = 12<LI>Call Chain = strspn
</UL>
<BR>[Called By]<UL><LI><a href="#[96]">&gt;&gt;</a>&nbsp;&nbsp;&nbsp;__strtok_internal
</UL>

<P><STRONG><a name="[87]"></a>__user_setup_stackheap</STRONG> (Thumb, 74 bytes, Stack size 8 bytes, sys_stackheap_outer.o(.text))
<BR><BR>[Stack]<UL><LI>Max Depth = 8<LI>Call Chain = __user_setup_stackheap
</UL>
<BR>[Calls]<UL><LI><a href="#[ab]">&gt;&gt;</a>&nbsp;&nbsp;&nbsp;__user_initial_stackheap
<LI><a href="#[aa]">&gt;&gt;</a>&nbsp;&nbsp;&nbsp;__user_perproc_libspace
</UL>
<BR>[Called By]<UL><LI><a href="#[86]">&gt;&gt;</a>&nbsp;&nbsp;&nbsp;__rt_entry_sh
</UL>

<P><STRONG><a name="[a6]"></a>__Heap_ProvideMemory</STRONG> (Thumb, 52 bytes, Stack size 0 bytes, h1_extend.o(.text))
<BR><BR>[Stack]<UL><LI>Max Depth = 16<LI>Call Chain = __Heap_ProvideMemory &rArr; free
</UL>
<BR>[Calls]<UL><LI><a href="#[a0]">&gt;&gt;</a>&nbsp;&nbsp;&nbsp;free
</UL>
<BR>[Called By]<UL><LI><a href="#[82]">&gt;&gt;</a>&nbsp;&nbsp;&nbsp;_init_alloc
<LI><a href="#[9f]">&gt;&gt;</a>&nbsp;&nbsp;&nbsp;__Heap_Full
</UL>

<P><STRONG><a name="[8c]"></a>exit</STRONG> (Thumb, 12 bytes, Stack size 0 bytes, exit.o(.text))
<BR><BR>[Calls]<UL><LI><a href="#[ac]">&gt;&gt;</a>&nbsp;&nbsp;&nbsp;__rt_exit
</UL>
<BR>[Called By]<UL><LI><a href="#[8a]">&gt;&gt;</a>&nbsp;&nbsp;&nbsp;__rt_entry_main
</UL>

<P><STRONG><a name="[a8]"></a>__rt_SIGRTMEM</STRONG> (Thumb, 14 bytes, Stack size 8 bytes, defsig_rtmem_outer.o(.text))
<BR><BR>[Stack]<UL><LI>Max Depth = 40<LI>Call Chain = __rt_SIGRTMEM &rArr; __rt_SIGRTMEM_inner &rArr; __default_signal_display &rArr; _ttywrch
</UL>
<BR>[Calls]<UL><LI><a href="#[ad]">&gt;&gt;</a>&nbsp;&nbsp;&nbsp;__rt_SIGRTMEM_inner
<LI><a href="#[ae]">&gt;&gt;</a>&nbsp;&nbsp;&nbsp;__sig_exit
</UL>
<BR>[Called By]<UL><LI><a href="#[82]">&gt;&gt;</a>&nbsp;&nbsp;&nbsp;_init_alloc
<LI><a href="#[a7]">&gt;&gt;</a>&nbsp;&nbsp;&nbsp;__Heap_Broken
</UL>

<P><STRONG><a name="[90]"></a>_sys_exit</STRONG> (Thumb, 8 bytes, Stack size 0 bytes, sys_exit.o(.text))
<BR><BR>[Called By]<UL><LI><a href="#[8f]">&gt;&gt;</a>&nbsp;&nbsp;&nbsp;__rt_exit_exit
<LI><a href="#[ae]">&gt;&gt;</a>&nbsp;&nbsp;&nbsp;__sig_exit
</UL>

<P><STRONG><a name="[293]"></a>__I$use$semihosting</STRONG> (Thumb, 0 bytes, Stack size 0 bytes, use_no_semi.o(.text), UNUSED)

<P><STRONG><a name="[294]"></a>__use_no_semihosting_swi</STRONG> (Thumb, 2 bytes, Stack size 0 bytes, use_no_semi.o(.text), UNUSED)

<P><STRONG><a name="[295]"></a>__semihosting_library_function</STRONG> (Thumb, 0 bytes, Stack size 0 bytes, indicate_semi.o(.text), UNUSED)

<P><STRONG><a name="[ae]"></a>__sig_exit</STRONG> (Thumb, 10 bytes, Stack size 0 bytes, defsig_exit.o(.text))
<BR><BR>[Calls]<UL><LI><a href="#[90]">&gt;&gt;</a>&nbsp;&nbsp;&nbsp;_sys_exit
</UL>
<BR>[Called By]<UL><LI><a href="#[a8]">&gt;&gt;</a>&nbsp;&nbsp;&nbsp;__rt_SIGRTMEM
</UL>

<P><STRONG><a name="[ad]"></a>__rt_SIGRTMEM_inner</STRONG> (Thumb, 22 bytes, Stack size 8 bytes, defsig_rtmem_inner.o(.text))
<BR><BR>[Stack]<UL><LI>Max Depth = 32<LI>Call Chain = __rt_SIGRTMEM_inner &rArr; __default_signal_display &rArr; _ttywrch
</UL>
<BR>[Calls]<UL><LI><a href="#[af]">&gt;&gt;</a>&nbsp;&nbsp;&nbsp;__default_signal_display
</UL>
<BR>[Called By]<UL><LI><a href="#[a8]">&gt;&gt;</a>&nbsp;&nbsp;&nbsp;__rt_SIGRTMEM
</UL>

<P><STRONG><a name="[af]"></a>__default_signal_display</STRONG> (Thumb, 50 bytes, Stack size 16 bytes, defsig_general.o(.text))
<BR><BR>[Stack]<UL><LI>Max Depth = 24<LI>Call Chain = __default_signal_display &rArr; _ttywrch
</UL>
<BR>[Calls]<UL><LI><a href="#[b0]">&gt;&gt;</a>&nbsp;&nbsp;&nbsp;_ttywrch
</UL>
<BR>[Called By]<UL><LI><a href="#[ad]">&gt;&gt;</a>&nbsp;&nbsp;&nbsp;__rt_SIGRTMEM_inner
</UL>

<P><STRONG><a name="[b0]"></a>_ttywrch</STRONG> (Thumb, 14 bytes, Stack size 8 bytes, sys_wrch.o(.text))
<BR><BR>[Stack]<UL><LI>Max Depth = 8<LI>Call Chain = _ttywrch
</UL>
<BR>[Called By]<UL><LI><a href="#[af]">&gt;&gt;</a>&nbsp;&nbsp;&nbsp;__default_signal_display
</UL>

<P><STRONG><a name="[2b]"></a>CAN0_RX0_IRQHandler</STRONG> (Thumb, 12 bytes, Stack size 8 bytes, can.o(i.CAN0_RX0_IRQHandler))
<BR><BR>[Stack]<UL><LI>Max Depth = 96<LI>Call Chain = CAN0_RX0_IRQHandler &rArr; CanPort::rIRQpfn(CanPort&, unsigned char) &rArr; CanPort::WriteToRecvBuf(can_receive_message_struct*, unsigned char) &rArr; Queue&lang;CanBuf&rang;::push(const CanBuf&)
</UL>
<BR>[Calls]<UL><LI><a href="#[b1]">&gt;&gt;</a>&nbsp;&nbsp;&nbsp;CanPort::rIRQpfn(CanPort&, unsigned char)
</UL>
<BR>[Address Reference Count : 1]<UL><LI> startup_gd32f10x_cl.o(RESET)
</UL>
<P><STRONG><a name="[2c]"></a>CAN0_RX1_IRQHandler</STRONG> (Thumb, 12 bytes, Stack size 8 bytes, can.o(i.CAN0_RX1_IRQHandler))
<BR><BR>[Stack]<UL><LI>Max Depth = 96<LI>Call Chain = CAN0_RX1_IRQHandler &rArr; CanPort::rIRQpfn(CanPort&, unsigned char) &rArr; CanPort::WriteToRecvBuf(can_receive_message_struct*, unsigned char) &rArr; Queue&lang;CanBuf&rang;::push(const CanBuf&)
</UL>
<BR>[Calls]<UL><LI><a href="#[b1]">&gt;&gt;</a>&nbsp;&nbsp;&nbsp;CanPort::rIRQpfn(CanPort&, unsigned char)
</UL>
<BR>[Address Reference Count : 1]<UL><LI> startup_gd32f10x_cl.o(RESET)
</UL>
<P><STRONG><a name="[2a]"></a>CAN0_TX_IRQHandler</STRONG> (Thumb, 10 bytes, Stack size 8 bytes, can.o(i.CAN0_TX_IRQHandler))
<BR><BR>[Stack]<UL><LI>Max Depth = 76<LI>Call Chain = CAN0_TX_IRQHandler &rArr; CanPort::sIRQpfn(CanPort&) &rArr; CanPort::SendCanMessage(CanBuf*) &rArr; can_message_transmit
</UL>
<BR>[Calls]<UL><LI><a href="#[b2]">&gt;&gt;</a>&nbsp;&nbsp;&nbsp;CanPort::sIRQpfn(CanPort&)
</UL>
<BR>[Address Reference Count : 1]<UL><LI> startup_gd32f10x_cl.o(RESET)
</UL>
<P><STRONG><a name="[55]"></a>CAN1_RX0_IRQHandler</STRONG> (Thumb, 12 bytes, Stack size 8 bytes, can.o(i.CAN1_RX0_IRQHandler))
<BR><BR>[Stack]<UL><LI>Max Depth = 96<LI>Call Chain = CAN1_RX0_IRQHandler &rArr; CanPort::rIRQpfn(CanPort&, unsigned char) &rArr; CanPort::WriteToRecvBuf(can_receive_message_struct*, unsigned char) &rArr; Queue&lang;CanBuf&rang;::push(const CanBuf&)
</UL>
<BR>[Calls]<UL><LI><a href="#[b1]">&gt;&gt;</a>&nbsp;&nbsp;&nbsp;CanPort::rIRQpfn(CanPort&, unsigned char)
</UL>
<BR>[Address Reference Count : 1]<UL><LI> startup_gd32f10x_cl.o(RESET)
</UL>
<P><STRONG><a name="[56]"></a>CAN1_RX1_IRQHandler</STRONG> (Thumb, 12 bytes, Stack size 8 bytes, can.o(i.CAN1_RX1_IRQHandler))
<BR><BR>[Stack]<UL><LI>Max Depth = 96<LI>Call Chain = CAN1_RX1_IRQHandler &rArr; CanPort::rIRQpfn(CanPort&, unsigned char) &rArr; CanPort::WriteToRecvBuf(can_receive_message_struct*, unsigned char) &rArr; Queue&lang;CanBuf&rang;::push(const CanBuf&)
</UL>
<BR>[Calls]<UL><LI><a href="#[b1]">&gt;&gt;</a>&nbsp;&nbsp;&nbsp;CanPort::rIRQpfn(CanPort&, unsigned char)
</UL>
<BR>[Address Reference Count : 1]<UL><LI> startup_gd32f10x_cl.o(RESET)
</UL>
<P><STRONG><a name="[54]"></a>CAN1_TX_IRQHandler</STRONG> (Thumb, 10 bytes, Stack size 8 bytes, can.o(i.CAN1_TX_IRQHandler))
<BR><BR>[Stack]<UL><LI>Max Depth = 76<LI>Call Chain = CAN1_TX_IRQHandler &rArr; CanPort::sIRQpfn(CanPort&) &rArr; CanPort::SendCanMessage(CanBuf*) &rArr; can_message_transmit
</UL>
<BR>[Calls]<UL><LI><a href="#[b2]">&gt;&gt;</a>&nbsp;&nbsp;&nbsp;CanPort::sIRQpfn(CanPort&)
</UL>
<BR>[Address Reference Count : 1]<UL><LI> startup_gd32f10x_cl.o(RESET)
</UL>
<P><STRONG><a name="[b3]"></a>CAN_Init</STRONG> (Thumb, 52 bytes, Stack size 16 bytes, can.o(i.CAN_Init))
<BR><BR>[Stack]<UL><LI>Max Depth = 80<LI>Call Chain = CAN_Init &rArr; can_config &rArr; can_init
</UL>
<BR>[Calls]<UL><LI><a href="#[b7]">&gt;&gt;</a>&nbsp;&nbsp;&nbsp;can_interrupt_enable
<LI><a href="#[b5]">&gt;&gt;</a>&nbsp;&nbsp;&nbsp;nvic_config
<LI><a href="#[b4]">&gt;&gt;</a>&nbsp;&nbsp;&nbsp;can_gpio_config
<LI><a href="#[b6]">&gt;&gt;</a>&nbsp;&nbsp;&nbsp;can_config
</UL>
<BR>[Called By]<UL><LI><a href="#[1a4]">&gt;&gt;</a>&nbsp;&nbsp;&nbsp;CanPort::CanPort(unsigned char, unsigned short, Queue&lang;CanBuf&rang;*, Queue&lang;CanBuf&rang;*)
</UL>

<P><STRONG><a name="[ba]"></a>Is_Leap_Year</STRONG> (Thumb, 58 bytes, Stack size 0 bytes, rtc.o(i.Is_Leap_Year))
<BR><BR>[Called By]<UL><LI><a href="#[bb]">&gt;&gt;</a>&nbsp;&nbsp;&nbsp;RTC_Set
<LI><a href="#[b8]">&gt;&gt;</a>&nbsp;&nbsp;&nbsp;RTC_Get
<LI><a href="#[fe]">&gt;&gt;</a>&nbsp;&nbsp;&nbsp;YeardayToDate(unsigned short, unsigned char*, unsigned char)
<LI><a href="#[102]">&gt;&gt;</a>&nbsp;&nbsp;&nbsp;DateToYearday(unsigned char, unsigned char)
</UL>

<P><STRONG><a name="[b8]"></a>RTC_Get</STRONG> (Thumb, 268 bytes, Stack size 16 bytes, rtc.o(i.RTC_Get))
<BR><BR>[Stack]<UL><LI>Max Depth = 16<LI>Call Chain = RTC_Get
</UL>
<BR>[Calls]<UL><LI><a href="#[b9]">&gt;&gt;</a>&nbsp;&nbsp;&nbsp;rtc_counter_get
<LI><a href="#[ba]">&gt;&gt;</a>&nbsp;&nbsp;&nbsp;Is_Leap_Year
</UL>
<BR>[Called By]<UL><LI><a href="#[67]">&gt;&gt;</a>&nbsp;&nbsp;&nbsp;SCREEN_Task(void*)
</UL>

<P><STRONG><a name="[bb]"></a>RTC_Set</STRONG> (Thumb, 178 bytes, Stack size 40 bytes, rtc.o(i.RTC_Set))
<BR><BR>[Stack]<UL><LI>Max Depth = 44<LI>Call Chain = RTC_Set &rArr; rtc_counter_set
</UL>
<BR>[Calls]<UL><LI><a href="#[bd]">&gt;&gt;</a>&nbsp;&nbsp;&nbsp;rtc_lwoff_wait
<LI><a href="#[be]">&gt;&gt;</a>&nbsp;&nbsp;&nbsp;rtc_counter_set
<LI><a href="#[bc]">&gt;&gt;</a>&nbsp;&nbsp;&nbsp;pmu_backup_write_enable
<LI><a href="#[ba]">&gt;&gt;</a>&nbsp;&nbsp;&nbsp;Is_Leap_Year
</UL>
<BR>[Called By]<UL><LI><a href="#[bf]">&gt;&gt;</a>&nbsp;&nbsp;&nbsp;Rtc_configuration
<LI><a href="#[f9]">&gt;&gt;</a>&nbsp;&nbsp;&nbsp;SetIimePara(Screen*)
<LI><a href="#[10b]">&gt;&gt;</a>&nbsp;&nbsp;&nbsp;get1363data(unsigned char*, unsigned char*)
</UL>

<P><STRONG><a name="[bf]"></a>Rtc_configuration</STRONG> (Thumb, 134 bytes, Stack size 16 bytes, rtc.o(i.Rtc_configuration))
<BR><BR>[Stack]<UL><LI>Max Depth = 60<LI>Call Chain = Rtc_configuration &rArr; RTC_Set &rArr; rtc_counter_set
</UL>
<BR>[Calls]<UL><LI><a href="#[c0]">&gt;&gt;</a>&nbsp;&nbsp;&nbsp;rcu_periph_clock_enable
<LI><a href="#[c6]">&gt;&gt;</a>&nbsp;&nbsp;&nbsp;rtc_register_sync_wait
<LI><a href="#[c8]">&gt;&gt;</a>&nbsp;&nbsp;&nbsp;rtc_prescaler_set
<LI><a href="#[bd]">&gt;&gt;</a>&nbsp;&nbsp;&nbsp;rtc_lwoff_wait
<LI><a href="#[c7]">&gt;&gt;</a>&nbsp;&nbsp;&nbsp;rtc_interrupt_enable
<LI><a href="#[c5]">&gt;&gt;</a>&nbsp;&nbsp;&nbsp;rcu_rtc_clock_config
<LI><a href="#[c4]">&gt;&gt;</a>&nbsp;&nbsp;&nbsp;rcu_osci_stab_wait
<LI><a href="#[c3]">&gt;&gt;</a>&nbsp;&nbsp;&nbsp;rcu_osci_on
<LI><a href="#[bc]">&gt;&gt;</a>&nbsp;&nbsp;&nbsp;pmu_backup_write_enable
<LI><a href="#[c2]">&gt;&gt;</a>&nbsp;&nbsp;&nbsp;bkp_deinit
<LI><a href="#[c9]">&gt;&gt;</a>&nbsp;&nbsp;&nbsp;bkp_data_write
<LI><a href="#[c1]">&gt;&gt;</a>&nbsp;&nbsp;&nbsp;bkp_data_read
<LI><a href="#[bb]">&gt;&gt;</a>&nbsp;&nbsp;&nbsp;RTC_Set
</UL>
<BR>[Called By]<UL><LI><a href="#[8b]">&gt;&gt;</a>&nbsp;&nbsp;&nbsp;main
</UL>

<P><STRONG><a name="[59]"></a>SystemInit</STRONG> (Thumb, 98 bytes, Stack size 8 bytes, system_gd32f10x.o(i.SystemInit))
<BR><BR>[Stack]<UL><LI>Max Depth = 16<LI>Call Chain = SystemInit &rArr; system_clock_config
</UL>
<BR>[Calls]<UL><LI><a href="#[ca]">&gt;&gt;</a>&nbsp;&nbsp;&nbsp;system_clock_config
</UL>
<BR>[Address Reference Count : 1]<UL><LI> startup_gd32f10x_cl.o(.text)
</UL>
<P><STRONG><a name="[49]"></a>UART3_IRQHandler</STRONG> (Thumb, 10 bytes, Stack size 8 bytes, usart.o(i.UART3_IRQHandler))
<BR><BR>[Stack]<UL><LI>Max Depth = 40<LI>Call Chain = UART3_IRQHandler &rArr; UsartPort::IRQpfn(UsartPort&) &rArr; usart_interrupt_flag_get
</UL>
<BR>[Calls]<UL><LI><a href="#[cb]">&gt;&gt;</a>&nbsp;&nbsp;&nbsp;UsartPort::IRQpfn(UsartPort&)
</UL>
<BR>[Address Reference Count : 1]<UL><LI> startup_gd32f10x_cl.o(RESET)
</UL>
<P><STRONG><a name="[cc]"></a>Usart_Init</STRONG> (Thumb, 42 bytes, Stack size 16 bytes, usart.o(i.Usart_Init))
<BR><BR>[Stack]<UL><LI>Max Depth = 156<LI>Call Chain = Usart_Init &rArr; usart_config &rArr; usart_baudrate_set &rArr; rcu_clock_freq_get
</UL>
<BR>[Calls]<UL><LI><a href="#[d0]">&gt;&gt;</a>&nbsp;&nbsp;&nbsp;usart_interrupt_enable
<LI><a href="#[cf]">&gt;&gt;</a>&nbsp;&nbsp;&nbsp;usart_nvic_config
<LI><a href="#[cd]">&gt;&gt;</a>&nbsp;&nbsp;&nbsp;usart_gpio_config
<LI><a href="#[ce]">&gt;&gt;</a>&nbsp;&nbsp;&nbsp;usart_config
</UL>
<BR>[Called By]<UL><LI><a href="#[1be]">&gt;&gt;</a>&nbsp;&nbsp;&nbsp;UsartPort::UsartPort(unsigned char, unsigned short, Queue&lang;unsigned char&rang;*, Queue&lang;unsigned char&rang;*)
</UL>

<P><STRONG><a name="[d1]"></a>Write_cmd</STRONG> (Thumb, 44 bytes, Stack size 8 bytes, oled_display.o(i.Write_cmd))
<BR><BR>[Stack]<UL><LI>Max Depth = 8<LI>Call Chain = Write_cmd
</UL>
<BR>[Calls]<UL><LI><a href="#[d5]">&gt;&gt;</a>&nbsp;&nbsp;&nbsp;gpio_bit_set
<LI><a href="#[d2]">&gt;&gt;</a>&nbsp;&nbsp;&nbsp;gpio_bit_reset
<LI><a href="#[d4]">&gt;&gt;</a>&nbsp;&nbsp;&nbsp;spi_i2s_flag_get
<LI><a href="#[d3]">&gt;&gt;</a>&nbsp;&nbsp;&nbsp;spi_i2s_data_transmit
</UL>
<BR>[Called By]<UL><LI><a href="#[152]">&gt;&gt;</a>&nbsp;&nbsp;&nbsp;OLED::Init()
<LI><a href="#[17a]">&gt;&gt;</a>&nbsp;&nbsp;&nbsp;OLED::Refresh_Gram()
</UL>

<P><STRONG><a name="[d6]"></a>Write_data</STRONG> (Thumb, 44 bytes, Stack size 8 bytes, oled_display.o(i.Write_data))
<BR><BR>[Stack]<UL><LI>Max Depth = 8<LI>Call Chain = Write_data
</UL>
<BR>[Calls]<UL><LI><a href="#[d5]">&gt;&gt;</a>&nbsp;&nbsp;&nbsp;gpio_bit_set
<LI><a href="#[d4]">&gt;&gt;</a>&nbsp;&nbsp;&nbsp;spi_i2s_flag_get
<LI><a href="#[d3]">&gt;&gt;</a>&nbsp;&nbsp;&nbsp;spi_i2s_data_transmit
</UL>
<BR>[Called By]<UL><LI><a href="#[17a]">&gt;&gt;</a>&nbsp;&nbsp;&nbsp;OLED::Refresh_Gram()
</UL>

<P><STRONG><a name="[10e]"></a>AsciitoHex(unsigned char*, unsigned char*)</STRONG> (Thumb, 96 bytes, Stack size 12 bytes, ydt1363.o(i._Z10AsciitoHexPhS_))
<BR><BR>[Stack]<UL><LI>Max Depth = 12<LI>Call Chain = AsciitoHex(unsigned char*, unsigned char*)
</UL>
<BR>[Called By]<UL><LI><a href="#[10b]">&gt;&gt;</a>&nbsp;&nbsp;&nbsp;get1363data(unsigned char*, unsigned char*)
<LI><a href="#[5c]">&gt;&gt;</a>&nbsp;&nbsp;&nbsp;DuleWithData(unsigned char*, unsigned short*)
</UL>

<P><STRONG><a name="[ee]"></a>CheckCrc16(unsigned char*, unsigned, unsigned char*)</STRONG> (Thumb, 74 bytes, Stack size 16 bytes, user.o(i._Z10CheckCrc16PhjS_))
<BR><BR>[Stack]<UL><LI>Max Depth = 16<LI>Call Chain = CheckCrc16(unsigned char*, unsigned, unsigned char*)
</UL>
<BR>[Called By]<UL><LI><a href="#[103]">&gt;&gt;</a>&nbsp;&nbsp;&nbsp;UpDateFlash(unsigned char*, unsigned short*)
<LI><a href="#[e8]">&gt;&gt;</a>&nbsp;&nbsp;&nbsp;ReplyUpData(unsigned char, unsigned char*, unsigned short*)
</UL>

<P><STRONG><a name="[d7]"></a>FindOnSolt(unsigned char)</STRONG> (Thumb, 664 bytes, Stack size 12 bytes, staggeredpeak.o(i._Z10FindOnSolth))
<BR><BR>[Stack]<UL><LI>Max Depth = 24<LI>Call Chain = FindOnSolt(unsigned char) &rArr; GetSpeakFlag(unsigned char, unsigned char)
</UL>
<BR>[Calls]<UL><LI><a href="#[d8]">&gt;&gt;</a>&nbsp;&nbsp;&nbsp;GetSpeakFlag(unsigned char, unsigned char)
</UL>
<BR>[Called By]<UL><LI><a href="#[101]">&gt;&gt;</a>&nbsp;&nbsp;&nbsp;SpeakOnTick()
</UL>

<P><STRONG><a name="[d9]"></a>GetPackLen(ytd1363data*, unsigned short, unsigned short*)</STRONG> (Thumb, 198 bytes, Stack size 52 bytes, ydt1363.o(i._Z10GetPackLenP11ytd1363datatPt))
<BR><BR>[Stack]<UL><LI>Max Depth = 52 + In Cycle
<LI>Call Chain = GetPackLen(ytd1363data*, unsigned short, unsigned short*) &rArr;  GetPackLen(ytd1363data*, unsigned short, unsigned short*) (Cycle)
</UL>
<BR>[Calls]<UL><LI><a href="#[d9]">&gt;&gt;</a>&nbsp;&nbsp;&nbsp;GetPackLen(ytd1363data*, unsigned short, unsigned short*)
</UL>
<BR>[Called By]<UL><LI><a href="#[110]">&gt;&gt;</a>&nbsp;&nbsp;&nbsp;Getdata(ytd1363data*, unsigned char, unsigned char*, unsigned short*)
<LI><a href="#[d9]">&gt;&gt;</a>&nbsp;&nbsp;&nbsp;GetPackLen(ytd1363data*, unsigned short, unsigned short*)
</UL>

<P><STRONG><a name="[141]"></a>HextoAscii(unsigned char*, unsigned char*)</STRONG> (Thumb, 52 bytes, Stack size 12 bytes, ydt1363.o(i._Z10HextoAsciiPhS_))
<BR><BR>[Stack]<UL><LI>Max Depth = 12<LI>Call Chain = HextoAscii(unsigned char*, unsigned char*)
</UL>
<BR>[Called By]<UL><LI><a href="#[11f]">&gt;&gt;</a>&nbsp;&nbsp;&nbsp;protocol_TieTa_1363(unsigned char, unsigned char, unsigned char, unsigned char, unsigned char, unsigned char*)
<LI><a href="#[110]">&gt;&gt;</a>&nbsp;&nbsp;&nbsp;Getdata(ytd1363data*, unsigned char, unsigned char*, unsigned short*)
</UL>

<P><STRONG><a name="[123]"></a>SetDCDMenu(Screen*)</STRONG> (Thumb, 76 bytes, Stack size 0 bytes, setmenuitem.o(i._Z10SetDCDMenuP6Screen))
<BR><BR>[Called By]<UL><LI><a href="#[f5]">&gt;&gt;</a>&nbsp;&nbsp;&nbsp;OnTickSetPara(Screen*)
</UL>

<P><STRONG><a name="[10f]"></a>SetYDT1363(ytd1363data*, unsigned char, void*, unsigned char)</STRONG> (Thumb, 44 bytes, Stack size 12 bytes, ydt1363.o(i._Z10SetYDT1363P11ytd1363datahPvh))
<BR><BR>[Stack]<UL><LI>Max Depth = 12<LI>Call Chain = SetYDT1363(ytd1363data*, unsigned char, void*, unsigned char)
</UL>
<BR>[Called By]<UL><LI><a href="#[10b]">&gt;&gt;</a>&nbsp;&nbsp;&nbsp;get1363data(unsigned char*, unsigned char*)
</UL>

<P><STRONG><a name="[da]"></a>getdatalen(unsigned short*, unsigned char*)</STRONG> (Thumb, 102 bytes, Stack size 16 bytes, user.o(i._Z10getdatalenPtPh))
<BR><BR>[Stack]<UL><LI>Max Depth = 28<LI>Call Chain = getdatalen(unsigned short*, unsigned char*) &rArr; AsciitoHex16(unsigned char*)
</UL>
<BR>[Calls]<UL><LI><a href="#[dc]">&gt;&gt;</a>&nbsp;&nbsp;&nbsp;AsciitoHex16(unsigned char*)
<LI><a href="#[db]">&gt;&gt;</a>&nbsp;&nbsp;&nbsp;ActiitoHexOneByte(unsigned char*, unsigned char*)
</UL>
<BR>[Called By]<UL><LI><a href="#[5c]">&gt;&gt;</a>&nbsp;&nbsp;&nbsp;DuleWithData(unsigned char*, unsigned short*)
</UL>

<P><STRONG><a name="[dd]"></a>minusAlarm(AlarmType, unsigned char, AlarmBehavior)</STRONG> (Thumb, 402 bytes, Stack size 48 bytes, alarmandrecord.o(i._Z10minusAlarm9AlarmTypeh13AlarmBehavior))
<BR><BR>[Stack]<UL><LI>Max Depth = 160<LI>Call Chain = minusAlarm(AlarmType, unsigned char, AlarmBehavior) &rArr; addIndexForAlarm(AlarmType, unsigned short) &rArr; h52c0::writeI2C(unsigned short, unsigned char*, unsigned short) &rArr; E2PROM::WriteString(unsigned short, unsigned char*, unsigned short) &rArr; E2PROM::WriteByte(unsigned char, unsigned short) &rArr; I2C::SendByte(unsigned char)
</UL>
<BR>[Calls]<UL><LI><a href="#[e0]">&gt;&gt;</a>&nbsp;&nbsp;&nbsp;addIndexForAlarm(AlarmType, unsigned short)
<LI><a href="#[e1]">&gt;&gt;</a>&nbsp;&nbsp;&nbsp;setFirstAlarm(unsigned short)
<LI><a href="#[df]">&gt;&gt;</a>&nbsp;&nbsp;&nbsp;h52c0::writeI2C(unsigned short, unsigned char*, unsigned short)
<LI><a href="#[de]">&gt;&gt;</a>&nbsp;&nbsp;&nbsp;h52c0::readI2C(unsigned short, unsigned char*, unsigned short)
</UL>
<BR>[Called By]<UL><LI><a href="#[13f]">&gt;&gt;</a>&nbsp;&nbsp;&nbsp;DownElectronicCtrl()
<LI><a href="#[e2]">&gt;&gt;</a>&nbsp;&nbsp;&nbsp;OnTickAlarm()
</UL>

<P><STRONG><a name="[11d]"></a>warnChange(unsigned char*, WarnStruct*)</STRONG> (Thumb, 800 bytes, Stack size 0 bytes, ydt1363.o(i._Z10warnChangePhP10WarnStruct))
<BR><BR>[Called By]<UL><LI><a href="#[10b]">&gt;&gt;</a>&nbsp;&nbsp;&nbsp;get1363data(unsigned char*, unsigned char*)
</UL>

<P><STRONG><a name="[11c]"></a>LittleToBig(unsigned short)</STRONG> (Thumb, 16 bytes, Stack size 8 bytes, ydt1363.o(i._Z11LittleToBigt))
<BR><BR>[Stack]<UL><LI>Max Depth = 8<LI>Call Chain = LittleToBig(unsigned short)
</UL>
<BR>[Called By]<UL><LI><a href="#[10b]">&gt;&gt;</a>&nbsp;&nbsp;&nbsp;get1363data(unsigned char*, unsigned char*)
</UL>

<P><STRONG><a name="[e2]"></a>OnTickAlarm()</STRONG> (Thumb, 3674 bytes, Stack size 24 bytes, alarmandrecord.o(i._Z11OnTickAlarmv))
<BR><BR>[Stack]<UL><LI>Max Depth = 184<LI>Call Chain = OnTickAlarm() &rArr; minusAlarm(AlarmType, unsigned char, AlarmBehavior) &rArr; addIndexForAlarm(AlarmType, unsigned short) &rArr; h52c0::writeI2C(unsigned short, unsigned char*, unsigned short) &rArr; E2PROM::WriteString(unsigned short, unsigned char*, unsigned short) &rArr; E2PROM::WriteByte(unsigned char, unsigned short) &rArr; I2C::SendByte(unsigned char)
</UL>
<BR>[Calls]<UL><LI><a href="#[e3]">&gt;&gt;</a>&nbsp;&nbsp;&nbsp;DATABASE::GetDataAddr(unsigned char)
<LI><a href="#[e5]">&gt;&gt;</a>&nbsp;&nbsp;&nbsp;ledFlash(unsigned char)
<LI><a href="#[e4]">&gt;&gt;</a>&nbsp;&nbsp;&nbsp;addAlarm(AlarmType, unsigned char, AlarmBehavior)
<LI><a href="#[dd]">&gt;&gt;</a>&nbsp;&nbsp;&nbsp;minusAlarm(AlarmType, unsigned char, AlarmBehavior)
<LI><a href="#[e6]">&gt;&gt;</a>&nbsp;&nbsp;&nbsp;h52c0::setdo(unsigned char)
<LI><a href="#[e7]">&gt;&gt;</a>&nbsp;&nbsp;&nbsp;h52c0::clrdo(unsigned char)
</UL>
<BR>[Called By]<UL><LI><a href="#[6a]">&gt;&gt;</a>&nbsp;&nbsp;&nbsp;PORT_Task(void*)
</UL>

<P><STRONG><a name="[e8]"></a>ReplyUpData(unsigned char, unsigned char*, unsigned short*)</STRONG> (Thumb, 218 bytes, Stack size 32 bytes, user.o(i._Z11ReplyUpDatahPhPt))
<BR><BR>[Stack]<UL><LI>Max Depth = 96<LI>Call Chain = ReplyUpData(unsigned char, unsigned char*, unsigned short*) &rArr; pvPortMalloc &rArr; xTaskResumeAll &rArr; xTaskIncrementTick
</UL>
<BR>[Calls]<UL><LI><a href="#[ea]">&gt;&gt;</a>&nbsp;&nbsp;&nbsp;pvPortMalloc
<LI><a href="#[ee]">&gt;&gt;</a>&nbsp;&nbsp;&nbsp;CheckCrc16(unsigned char*, unsigned, unsigned char*)
<LI><a href="#[eb]">&gt;&gt;</a>&nbsp;&nbsp;&nbsp;__aeabi_memclr
<LI><a href="#[ec]">&gt;&gt;</a>&nbsp;&nbsp;&nbsp;__aeabi_memcpy
<LI><a href="#[ed]">&gt;&gt;</a>&nbsp;&nbsp;&nbsp;strcat
<LI><a href="#[e9]">&gt;&gt;</a>&nbsp;&nbsp;&nbsp;strlen
</UL>
<BR>[Called By]<UL><LI><a href="#[103]">&gt;&gt;</a>&nbsp;&nbsp;&nbsp;UpDateFlash(unsigned char*, unsigned short*)
</UL>

<P><STRONG><a name="[67]"></a>SCREEN_Task(void*)</STRONG> (Thumb, 102 bytes, Stack size 0 bytes, screentask.o(i._Z11SCREEN_TaskPv))
<BR><BR>[Stack]<UL><LI>Max Depth = 280<LI>Call Chain = SCREEN_Task(void*) &rArr; Screen::HMI() &rArr; Screen::print(unsigned char, unsigned char, unsigned char, unsigned char, Item*, CoursCtrl*) &rArr;  Screen::print(unsigned char, unsigned char, unsigned char, unsigned char, Item*, CoursCtrl*) (Cycle)
</UL>
<BR>[Calls]<UL><LI><a href="#[f6]">&gt;&gt;</a>&nbsp;&nbsp;&nbsp;vTaskDelay
<LI><a href="#[b8]">&gt;&gt;</a>&nbsp;&nbsp;&nbsp;RTC_Get
<LI><a href="#[f2]">&gt;&gt;</a>&nbsp;&nbsp;&nbsp;gpio::setOnOff(unsigned char)
<LI><a href="#[f3]">&gt;&gt;</a>&nbsp;&nbsp;&nbsp;gpio::set(unsigned char, unsigned char)
<LI><a href="#[ef]">&gt;&gt;</a>&nbsp;&nbsp;&nbsp;Module::AssignAndGetData(CanRuleLn*, DATABASE*)
<LI><a href="#[f5]">&gt;&gt;</a>&nbsp;&nbsp;&nbsp;OnTickSetPara(Screen*)
<LI><a href="#[f4]">&gt;&gt;</a>&nbsp;&nbsp;&nbsp;Screen::FreshGram()
<LI><a href="#[f0]">&gt;&gt;</a>&nbsp;&nbsp;&nbsp;Screen::HMI()
<LI><a href="#[f1]">&gt;&gt;</a>&nbsp;&nbsp;&nbsp;Screen::ClearScreen()
</UL>
<BR>[Address Reference Count : 1]<UL><LI> main.o(i.main)
</UL>
[...]
<BR><BR>[Stack]<UL><LI>Max Depth = 80<LI>Call Chain = __sti___11_monitor_cpp_21fc56ba &rArr; __aeabi_atexit &rArr; malloc &rArr; __Heap_Full &rArr; __Heap_ProvideMemory &rArr; free
</UL>
<BR>[Calls]<UL><LI><a href="#[1cb]">&gt;&gt;</a>&nbsp;&nbsp;&nbsp;Monitor::Monitor()
<LI><a href="#[1c1]">&gt;&gt;</a>&nbsp;&nbsp;&nbsp;__aeabi_atexit
</UL>
<BR>[Address Reference Count : 1]<UL><LI> monitor.o(.init_array)
</UL>
<P><STRONG><a name="[75]"></a>__sti___8_gpio_cpp_inputIO</STRONG> (Thumb, 10 bytes, Stack size 8 bytes, gpio.o(i.__sti___8_gpio_cpp_inputIO))
<BR><BR>[Stack]<UL><LI>Max Depth = 44<LI>Call Chain = __sti___8_gpio_cpp_inputIO &rArr; gpio::gpio() &rArr; gpio_init
</UL>
<BR>[Calls]<UL><LI><a href="#[188]">&gt;&gt;</a>&nbsp;&nbsp;&nbsp;gpio::gpio()
</UL>
<BR>[Address Reference Count : 1]<UL><LI> gpio.o(.init_array)
</UL>
<P><STRONG><a name="[76]"></a>__sti___9_h52c0_cpp_gh52c0</STRONG> (Thumb, 20 bytes, Stack size 8 bytes, h52c0.o(i.__sti___9_h52c0_cpp_gh52c0))
<BR><BR>[Stack]<UL><LI>Max Depth = 80<LI>Call Chain = __sti___9_h52c0_cpp_gh52c0 &rArr; __aeabi_atexit &rArr; malloc &rArr; __Heap_Full &rArr; __Heap_ProvideMemory &rArr; free
</UL>
<BR>[Calls]<UL><LI><a href="#[18f]">&gt;&gt;</a>&nbsp;&nbsp;&nbsp;h52c0::h52c0()
<LI><a href="#[1c1]">&gt;&gt;</a>&nbsp;&nbsp;&nbsp;__aeabi_atexit
</UL>
<BR>[Address Reference Count : 1]<UL><LI> h52c0.o(.init_array)
</UL>
<P><STRONG><a name="[77]"></a>__sti___10_Screen_cpp_7b7f2f66</STRONG> (Thumb, 24 bytes, Stack size 8 bytes, screen.o(i.__sti___10_Screen_cpp_7b7f2f66))
<BR><BR>[Stack]<UL><LI>Max Depth = 80<LI>Call Chain = __sti___10_Screen_cpp_7b7f2f66 &rArr; __aeabi_atexit &rArr; malloc &rArr; __Heap_Full &rArr; __Heap_ProvideMemory &rArr; free
</UL>
<BR>[Calls]<UL><LI><a href="#[1c8]">&gt;&gt;</a>&nbsp;&nbsp;&nbsp;Screen::Screen(Item**, Item**)
<LI><a href="#[1c1]">&gt;&gt;</a>&nbsp;&nbsp;&nbsp;__aeabi_atexit
</UL>
<BR>[Address Reference Count : 1]<UL><LI> screen.o(.init_array)
</UL>
<P><STRONG><a name="[78]"></a>__sti___10_module_cpp_df9c3874</STRONG> (Thumb, 22 bytes, Stack size 8 bytes, module.o(i.__sti___10_module_cpp_df9c3874))
<BR><BR>[Stack]<UL><LI>Max Depth = 80<LI>Call Chain = __sti___10_module_cpp_df9c3874 &rArr; __aeabi_atexit &rArr; malloc &rArr; __Heap_Full &rArr; __Heap_ProvideMemory &rArr; free
</UL>
<BR>[Calls]<UL><LI><a href="#[1c9]">&gt;&gt;</a>&nbsp;&nbsp;&nbsp;Module::Module(unsigned char*)
<LI><a href="#[1c1]">&gt;&gt;</a>&nbsp;&nbsp;&nbsp;__aeabi_atexit
</UL>
<BR>[Address Reference Count : 1]<UL><LI> module.o(.init_array)
</UL>
<P><STRONG><a name="[79]"></a>__sti___11_battery_cpp_gbattCap</STRONG> (Thumb, 20 bytes, Stack size 8 bytes, battery.o(i.__sti___11_battery_cpp_gbattCap))
<BR><BR>[Stack]<UL><LI>Max Depth = 80<LI>Call Chain = __sti___11_battery_cpp_gbattCap &rArr; __aeabi_atexit &rArr; malloc &rArr; __Heap_Full &rArr; __Heap_ProvideMemory &rArr; free
</UL>
<BR>[Calls]<UL><LI><a href="#[1ca]">&gt;&gt;</a>&nbsp;&nbsp;&nbsp;BattCapacity::BattCapacity()
<LI><a href="#[1c1]">&gt;&gt;</a>&nbsp;&nbsp;&nbsp;__aeabi_atexit
</UL>
<BR>[Address Reference Count : 1]<UL><LI> battery.o(.init_array)
</UL>
<P><STRONG><a name="[1e4]"></a>dma_periph_and_channel_check</STRONG> (Thumb, 18 bytes, Stack size 0 bytes, gd32f10x_dma.o(i.dma_periph_and_channel_check))
<BR><BR>[Called By]<UL><LI><a href="#[1e7]">&gt;&gt;</a>&nbsp;&nbsp;&nbsp;dma_init
<LI><a href="#[1e6]">&gt;&gt;</a>&nbsp;&nbsp;&nbsp;dma_deinit
<LI><a href="#[1e5]">&gt;&gt;</a>&nbsp;&nbsp;&nbsp;dma_circulation_enable
<LI><a href="#[1e3]">&gt;&gt;</a>&nbsp;&nbsp;&nbsp;dma_channel_enable
</UL>

<P><STRONG><a name="[21d]"></a>system_clock_72m_hxtal</STRONG> (Thumb, 212 bytes, Stack size 0 bytes, system_gd32f10x.o(i.system_clock_72m_hxtal))
<BR><BR>[Called By]<UL><LI><a href="#[ca]">&gt;&gt;</a>&nbsp;&nbsp;&nbsp;system_clock_config
</UL>

<P><STRONG><a name="[ca]"></a>system_clock_config</STRONG> (Thumb, 8 bytes, Stack size 8 bytes, system_gd32f10x.o(i.system_clock_config))
<BR><BR>[Stack]<UL><LI>Max Depth = 8<LI>Call Chain = system_clock_config
</UL>
<BR>[Calls]<UL><LI><a href="#[21d]">&gt;&gt;</a>&nbsp;&nbsp;&nbsp;system_clock_72m_hxtal
</UL>
<BR>[Called By]<UL><LI><a href="#[59]">&gt;&gt;</a>&nbsp;&nbsp;&nbsp;SystemInit
</UL>

<P><STRONG><a name="[1f4]"></a>prvAddCurrentTaskToDelayedList</STRONG> (Thumb, 62 bytes, Stack size 8 bytes, tasks.o(i.prvAddCurrentTaskToDelayedList))
<BR><BR>[Stack]<UL><LI>Max Depth = 16<LI>Call Chain = prvAddCurrentTaskToDelayedList &rArr; vListInsert
</UL>
<BR>[Calls]<UL><LI><a href="#[1f5]">&gt;&gt;</a>&nbsp;&nbsp;&nbsp;vListInsert
</UL>
<BR>[Called By]<UL><LI><a href="#[f6]">&gt;&gt;</a>&nbsp;&nbsp;&nbsp;vTaskDelay
<LI><a href="#[22b]">&gt;&gt;</a>&nbsp;&nbsp;&nbsp;vTaskPlaceOnEventListRestricted
<LI><a href="#[22c]">&gt;&gt;</a>&nbsp;&nbsp;&nbsp;vTaskPlaceOnEventList
</UL>

<P><STRONG><a name="[1f6]"></a>prvAllocateTCBAndStack</STRONG> (Thumb, 54 bytes, Stack size 24 bytes, tasks.o(i.prvAllocateTCBAndStack))
<BR><BR>[Stack]<UL><LI>Max Depth = 88<LI>Call Chain = prvAllocateTCBAndStack &rArr; pvPortMalloc &rArr; xTaskResumeAll &rArr; xTaskIncrementTick
</UL>
<BR>[Calls]<UL><LI><a href="#[111]">&gt;&gt;</a>&nbsp;&nbsp;&nbsp;vPortFree
<LI><a href="#[ea]">&gt;&gt;</a>&nbsp;&nbsp;&nbsp;pvPortMalloc
</UL>
<BR>[Called By]<UL><LI><a href="#[1f1]">&gt;&gt;</a>&nbsp;&nbsp;&nbsp;xTaskGenericCreate
</UL>

<P><STRONG><a name="[1fa]"></a>prvCheckTasksWaitingTermination</STRONG> (Thumb, 86 bytes, Stack size 16 bytes, tasks.o(i.prvCheckTasksWaitingTermination))
<BR><BR>[Stack]<UL><LI>Max Depth = 80<LI>Call Chain = prvCheckTasksWaitingTermination &rArr; prvDeleteTCB &rArr; vPortFree &rArr; xTaskResumeAll &rArr; xTaskIncrementTick
</UL>
<BR>[Calls]<UL><LI><a href="#[18d]">&gt;&gt;</a>&nbsp;&nbsp;&nbsp;vPortExitCritical
<LI><a href="#[18b]">&gt;&gt;</a>&nbsp;&nbsp;&nbsp;vPortEnterCritical
<LI><a href="#[1fd]">&gt;&gt;</a>&nbsp;&nbsp;&nbsp;uxListRemove
<LI><a href="#[1fc]">&gt;&gt;</a>&nbsp;&nbsp;&nbsp;xTaskResumeAll
<LI><a href="#[1fb]">&gt;&gt;</a>&nbsp;&nbsp;&nbsp;vTaskSuspendAll
<LI><a href="#[1fe]">&gt;&gt;</a>&nbsp;&nbsp;&nbsp;prvDeleteTCB
</UL>
<BR>[Called By]<UL><LI><a href="#[6d]">&gt;&gt;</a>&nbsp;&nbsp;&nbsp;prvIdleTask
</UL>

<P><STRONG><a name="[1fe]"></a>prvDeleteTCB</STRONG> (Thumb, 18 bytes, Stack size 8 bytes, tasks.o(i.prvDeleteTCB))
<BR><BR>[Stack]<UL><LI>Max Depth = 64<LI>Call Chain = prvDeleteTCB &rArr; vPortFree &rArr; xTaskResumeAll &rArr; xTaskIncrementTick
</UL>
<BR>[Calls]<UL><LI><a href="#[111]">&gt;&gt;</a>&nbsp;&nbsp;&nbsp;vPortFree
</UL>
<BR>[Called By]<UL><LI><a href="#[1fa]">&gt;&gt;</a>&nbsp;&nbsp;&nbsp;prvCheckTasksWaitingTermination
</UL>

<P><STRONG><a name="[6d]"></a>prvIdleTask</STRONG> (Thumb, 20 bytes, Stack size 0 bytes, tasks.o(i.prvIdleTask))
<BR><BR>[Stack]<UL><LI>Max Depth = 80<LI>Call Chain = prvIdleTask &rArr; prvCheckTasksWaitingTermination &rArr; prvDeleteTCB &rArr; vPortFree &rArr; xTaskResumeAll &rArr; xTaskIncrementTick
</UL>
<BR>[Calls]<UL><LI><a href="#[201]">&gt;&gt;</a>&nbsp;&nbsp;&nbsp;vPortYield
<LI><a href="#[1fa]">&gt;&gt;</a>&nbsp;&nbsp;&nbsp;prvCheckTasksWaitingTermination
</UL>
<BR>[Address Reference Count : 1]<UL><LI> tasks.o(i.vTaskStartScheduler)
</UL>
<P><STRONG><a name="[202]"></a>prvInitialiseTCBVariables</STRONG> (Thumb, 92 bytes, Stack size 32 bytes, tasks.o(i.prvInitialiseTCBVariables))
<BR><BR>[Stack]<UL><LI>Max Depth = 32<LI>Call Chain = prvInitialiseTCBVariables
</UL>
<BR>[Calls]<UL><LI><a href="#[203]">&gt;&gt;</a>&nbsp;&nbsp;&nbsp;vListInitialiseItem
</UL>
<BR>[Called By]<UL><LI><a href="#[1f1]">&gt;&gt;</a>&nbsp;&nbsp;&nbsp;xTaskGenericCreate
</UL>

<P><STRONG><a name="[204]"></a>prvInitialiseTaskLists</STRONG> (Thumb, 70 bytes, Stack size 8 bytes, tasks.o(i.prvInitialiseTaskLists))
<BR><BR>[Stack]<UL><LI>Max Depth = 8<LI>Call Chain = prvInitialiseTaskLists
</UL>
<BR>[Calls]<UL><LI><a href="#[1f8]">&gt;&gt;</a>&nbsp;&nbsp;&nbsp;vListInitialise
</UL>
<BR>[Called By]<UL><LI><a href="#[1f1]">&gt;&gt;</a>&nbsp;&nbsp;&nbsp;xTaskGenericCreate
</UL>

<P><STRONG><a name="[239]"></a>prvResetNextTaskUnblockTime</STRONG> (Thumb, 42 bytes, Stack size 0 bytes, tasks.o(i.prvResetNextTaskUnblockTime))
<BR><BR>[Called By]<UL><LI><a href="#[232]">&gt;&gt;</a>&nbsp;&nbsp;&nbsp;xTaskIncrementTick
</UL>

<P><STRONG><a name="[1ff]"></a>prvCopyDataFromQueue</STRONG> (Thumb, 42 bytes, Stack size 16 bytes, queue.o(i.prvCopyDataFromQueue))
<BR><BR>[Stack]<UL><LI>Max Depth = 16<LI>Call Chain = prvCopyDataFromQueue
</UL>
<BR>[Calls]<UL><LI><a href="#[ec]">&gt;&gt;</a>&nbsp;&nbsp;&nbsp;__aeabi_memcpy
</UL>
<BR>[Called By]<UL><LI><a href="#[20b]">&gt;&gt;</a>&nbsp;&nbsp;&nbsp;xQueueGenericReceive
</UL>

<P><STRONG><a name="[200]"></a>prvCopyDataToQueue</STRONG> (Thumb, 110 bytes, Stack size 24 bytes, queue.o(i.prvCopyDataToQueue))
<BR><BR>[Stack]<UL><LI>Max Depth = 24<LI>Call Chain = prvCopyDataToQueue
</UL>
<BR>[Calls]<UL><LI><a href="#[ec]">&gt;&gt;</a>&nbsp;&nbsp;&nbsp;__aeabi_memcpy
</UL>
<BR>[Called By]<UL><LI><a href="#[237]">&gt;&gt;</a>&nbsp;&nbsp;&nbsp;xQueueGenericSendFromISR
<LI><a href="#[236]">&gt;&gt;</a>&nbsp;&nbsp;&nbsp;xQueueGenericSend
</UL>

<P><STRONG><a name="[206]"></a>prvIsQueueEmpty</STRONG> (Thumb, 26 bytes, Stack size 16 bytes, queue.o(i.prvIsQueueEmpty))
<BR><BR>[Stack]<UL><LI>Max Depth = 24<LI>Call Chain = prvIsQueueEmpty &rArr; vPortExitCritical
</UL>
<BR>[Calls]<UL><LI><a href="#[18d]">&gt;&gt;</a>&nbsp;&nbsp;&nbsp;vPortExitCritical
<LI><a href="#[18b]">&gt;&gt;</a>&nbsp;&nbsp;&nbsp;vPortEnterCritical
</UL>
<BR>[Called By]<UL><LI><a href="#[20b]">&gt;&gt;</a>&nbsp;&nbsp;&nbsp;xQueueGenericReceive
</UL>

<P><STRONG><a name="[207]"></a>prvIsQueueFull</STRONG> (Thumb, 30 bytes, Stack size 16 bytes, queue.o(i.prvIsQueueFull))
<BR><BR>[Stack]<UL><LI>Max Depth = 24<LI>Call Chain = prvIsQueueFull &rArr; vPortExitCritical
</UL>
<BR>[Calls]<UL><LI><a href="#[18d]">&gt;&gt;</a>&nbsp;&nbsp;&nbsp;vPortExitCritical
<LI><a href="#[18b]">&gt;&gt;</a>&nbsp;&nbsp;&nbsp;vPortEnterCritical
</UL>
<BR>[Called By]<UL><LI><a href="#[236]">&gt;&gt;</a>&nbsp;&nbsp;&nbsp;xQueueGenericSend
</UL>

<P><STRONG><a name="[211]"></a>prvUnlockQueue</STRONG> (Thumb, 126 bytes, Stack size 8 bytes, queue.o(i.prvUnlockQueue))
<BR><BR>[Stack]<UL><LI>Max Depth = 24<LI>Call Chain = prvUnlockQueue &rArr; xTaskRemoveFromEventList
</UL>
<BR>[Calls]<UL><LI><a href="#[18d]">&gt;&gt;</a>&nbsp;&nbsp;&nbsp;vPortExitCritical
<LI><a href="#[18b]">&gt;&gt;</a>&nbsp;&nbsp;&nbsp;vPortEnterCritical
<LI><a href="#[212]">&gt;&gt;</a>&nbsp;&nbsp;&nbsp;xTaskRemoveFromEventList
<LI><a href="#[213]">&gt;&gt;</a>&nbsp;&nbsp;&nbsp;vTaskMissedYield
</UL>
<BR>[Called By]<UL><LI><a href="#[236]">&gt;&gt;</a>&nbsp;&nbsp;&nbsp;xQueueGenericSend
<LI><a href="#[20b]">&gt;&gt;</a>&nbsp;&nbsp;&nbsp;xQueueGenericReceive
<LI><a href="#[20d]">&gt;&gt;</a>&nbsp;&nbsp;&nbsp;vQueueWaitForMessageRestricted
</UL>

<P><STRONG><a name="[1f7]"></a>prvCheckForValidListAndQueue</STRONG> (Thumb, 56 bytes, Stack size 8 bytes, timers.o(i.prvCheckForValidListAndQueue))
<BR><BR>[Stack]<UL><LI>Max Depth = 104<LI>Call Chain = prvCheckForValidListAndQueue &rArr; xQueueGenericCreate &rArr; pvPortMalloc &rArr; xTaskResumeAll &rArr; xTaskIncrementTick
</UL>
<BR>[Calls]<UL><LI><a href="#[18d]">&gt;&gt;</a>&nbsp;&nbsp;&nbsp;vPortExitCritical
<LI><a href="#[18b]">&gt;&gt;</a>&nbsp;&nbsp;&nbsp;vPortEnterCritical
<LI><a href="#[1f8]">&gt;&gt;</a>&nbsp;&nbsp;&nbsp;vListInitialise
<LI><a href="#[1f9]">&gt;&gt;</a>&nbsp;&nbsp;&nbsp;xQueueGenericCreate
</UL>
<BR>[Called By]<UL><LI><a href="#[1ef]">&gt;&gt;</a>&nbsp;&nbsp;&nbsp;xTimerCreate
<LI><a href="#[22e]">&gt;&gt;</a>&nbsp;&nbsp;&nbsp;xTimerCreateTimerTask
</UL>

<P><STRONG><a name="[210]"></a>prvGetNextExpireTime</STRONG> (Thumb, 36 bytes, Stack size 0 bytes, timers.o(i.prvGetNextExpireTime))
<BR><BR>[Called By]<UL><LI><a href="#[6e]">&gt;&gt;</a>&nbsp;&nbsp;&nbsp;prvTimerTask
</UL>

<P><STRONG><a name="[205]"></a>prvInsertTimerInActiveList</STRONG> (Thumb, 80 bytes, Stack size 24 bytes, timers.o(i.prvInsertTimerInActiveList))
<BR><BR>[Stack]<UL><LI>Max Depth = 32<LI>Call Chain = prvInsertTimerInActiveList &rArr; vListInsert
</UL>
<BR>[Calls]<UL><LI><a href="#[1f5]">&gt;&gt;</a>&nbsp;&nbsp;&nbsp;vListInsert
</UL>
<BR>[Called By]<UL><LI><a href="#[209]">&gt;&gt;</a>&nbsp;&nbsp;&nbsp;prvProcessReceivedCommands
<LI><a href="#[208]">&gt;&gt;</a>&nbsp;&nbsp;&nbsp;prvProcessExpiredTimer
</UL>

<P><STRONG><a name="[208]"></a>prvProcessExpiredTimer</STRONG> (Thumb, 72 bytes, Stack size 24 bytes, timers.o(i.prvProcessExpiredTimer))
<BR><BR>[Stack]<UL><LI>Max Depth = 160<LI>Call Chain = prvProcessExpiredTimer &rArr; xTimerGenericCommand &rArr; xQueueGenericSend &rArr; xTaskResumeAll &rArr; xTaskIncrementTick
</UL>
<BR>[Calls]<UL><LI><a href="#[1f0]">&gt;&gt;</a>&nbsp;&nbsp;&nbsp;xTimerGenericCommand
<LI><a href="#[1fd]">&gt;&gt;</a>&nbsp;&nbsp;&nbsp;uxListRemove
<LI><a href="#[205]">&gt;&gt;</a>&nbsp;&nbsp;&nbsp;prvInsertTimerInActiveList
</UL>
<BR>[Called By]<UL><LI><a href="#[20c]">&gt;&gt;</a>&nbsp;&nbsp;&nbsp;prvProcessTimerOrBlockTask
</UL>

<P><STRONG><a name="[209]"></a>prvProcessReceivedCommands</STRONG> (Thumb, 186 bytes, Stack size 40 bytes, timers.o(i.prvProcessReceivedCommands))
<BR><BR>[Stack]<UL><LI>Max Depth = 224<LI>Call Chain = prvProcessReceivedCommands &rArr; prvSampleTimeNow &rArr; prvSwitchTimerLists &rArr; xTimerGenericCommand &rArr; xQueueGenericSend &rArr; xTaskResumeAll &rArr; xTaskIncrementTick
</UL>
<BR>[Calls]<UL><LI><a href="#[111]">&gt;&gt;</a>&nbsp;&nbsp;&nbsp;vPortFree
<LI><a href="#[1f0]">&gt;&gt;</a>&nbsp;&nbsp;&nbsp;xTimerGenericCommand
<LI><a href="#[1fd]">&gt;&gt;</a>&nbsp;&nbsp;&nbsp;uxListRemove
<LI><a href="#[20a]">&gt;&gt;</a>&nbsp;&nbsp;&nbsp;prvSampleTimeNow
<LI><a href="#[205]">&gt;&gt;</a>&nbsp;&nbsp;&nbsp;prvInsertTimerInActiveList
<LI><a href="#[20b]">&gt;&gt;</a>&nbsp;&nbsp;&nbsp;xQueueGenericReceive
</UL>
<BR>[Called By]<UL><LI><a href="#[6e]">&gt;&gt;</a>&nbsp;&nbsp;&nbsp;prvTimerTask
</UL>

<P><STRONG><a name="[20c]"></a>prvProcessTimerOrBlockTask</STRONG> (Thumb, 72 bytes, Stack size 24 bytes, timers.o(i.prvProcessTimerOrBlockTask))
<BR><BR>[Stack]<UL><LI>Max Depth = 208<LI>Call Chain = prvProcessTimerOrBlockTask &rArr; prvSampleTimeNow &rArr; prvSwitchTimerLists &rArr; xTimerGenericCommand &rArr; xQueueGenericSend &rArr; xTaskResumeAll &rArr; xTaskIncrementTick
</UL>
<BR>[Calls]<UL><LI><a href="#[20a]">&gt;&gt;</a>&nbsp;&nbsp;&nbsp;prvSampleTimeNow
<LI><a href="#[208]">&gt;&gt;</a>&nbsp;&nbsp;&nbsp;prvProcessExpiredTimer
<LI><a href="#[20d]">&gt;&gt;</a>&nbsp;&nbsp;&nbsp;vQueueWaitForMessageRestricted
<LI><a href="#[201]">&gt;&gt;</a>&nbsp;&nbsp;&nbsp;vPortYield
<LI><a href="#[1fc]">&gt;&gt;</a>&nbsp;&nbsp;&nbsp;xTaskResumeAll
<LI><a href="#[1fb]">&gt;&gt;</a>&nbsp;&nbsp;&nbsp;vTaskSuspendAll
</UL>
<BR>[Called By]<UL><LI><a href="#[6e]">&gt;&gt;</a>&nbsp;&nbsp;&nbsp;prvTimerTask
</UL>

<P><STRONG><a name="[20a]"></a>prvSampleTimeNow</STRONG> (Thumb, 40 bytes, Stack size 16 bytes, timers.o(i.prvSampleTimeNow))
<BR><BR>[Stack]<UL><LI>Max Depth = 184<LI>Call Chain = prvSampleTimeNow &rArr; prvSwitchTimerLists &rArr; xTimerGenericCommand &rArr; xQueueGenericSend &rArr; xTaskResumeAll &rArr; xTaskIncrementTick
</UL>
<BR>[Calls]<UL><LI><a href="#[1a5]">&gt;&gt;</a>&nbsp;&nbsp;&nbsp;xTaskGetTickCount
<LI><a href="#[20e]">&gt;&gt;</a>&nbsp;&nbsp;&nbsp;prvSwitchTimerLists
</UL>
<BR>[Called By]<UL><LI><a href="#[20c]">&gt;&gt;</a>&nbsp;&nbsp;&nbsp;prvProcessTimerOrBlockTask
<LI><a href="#[209]">&gt;&gt;</a>&nbsp;&nbsp;&nbsp;prvProcessReceivedCommands
</UL>

<P><STRONG><a name="[20e]"></a>prvSwitchTimerLists</STRONG> (Thumb, 122 bytes, Stack size 32 bytes, timers.o(i.prvSwitchTimerLists))
<BR><BR>[Stack]<UL><LI>Max Depth = 168<LI>Call Chain = prvSwitchTimerLists &rArr; xTimerGenericCommand &rArr; xQueueGenericSend &rArr; xTaskResumeAll &rArr; xTaskIncrementTick
</UL>
<BR>[Calls]<UL><LI><a href="#[1f0]">&gt;&gt;</a>&nbsp;&nbsp;&nbsp;xTimerGenericCommand
<LI><a href="#[1f5]">&gt;&gt;</a>&nbsp;&nbsp;&nbsp;vListInsert
<LI><a href="#[1fd]">&gt;&gt;</a>&nbsp;&nbsp;&nbsp;uxListRemove
</UL>
<BR>[Called By]<UL><LI><a href="#[20a]">&gt;&gt;</a>&nbsp;&nbsp;&nbsp;prvSampleTimeNow
</UL>

<P><STRONG><a name="[6e]"></a>prvTimerTask</STRONG> (Thumb, 26 bytes, Stack size 8 bytes, timers.o(i.prvTimerTask))
<BR><BR>[Stack]<UL><LI>Max Depth = 232<LI>Call Chain = prvTimerTask &rArr; prvProcessReceivedCommands &rArr; prvSampleTimeNow &rArr; prvSwitchTimerLists &rArr; xTimerGenericCommand &rArr; xQueueGenericSend &rArr; xTaskResumeAll &rArr; xTaskIncrementTick
</UL>
<BR>[Calls]<UL><LI><a href="#[20c]">&gt;&gt;</a>&nbsp;&nbsp;&nbsp;prvProcessTimerOrBlockTask
<LI><a href="#[209]">&gt;&gt;</a>&nbsp;&nbsp;&nbsp;prvProcessReceivedCommands
<LI><a href="#[210]">&gt;&gt;</a>&nbsp;&nbsp;&nbsp;prvGetNextExpireTime
</UL>
<BR>[Address Reference Count : 1]<UL><LI> timers.o(i.xTimerCreateTimerTask)
</UL>
<P><STRONG><a name="[214]"></a>prvHeapInit</STRONG> (Thumb, 98 bytes, Stack size 12 bytes, heap_4.o(i.prvHeapInit))
<BR><BR>[Stack]<UL><LI>Max Depth = 12<LI>Call Chain = prvHeapInit
</UL>
<BR>[Called By]<UL><LI><a href="#[ea]">&gt;&gt;</a>&nbsp;&nbsp;&nbsp;pvPortMalloc
</UL>

<P><STRONG><a name="[215]"></a>prvInsertBlockIntoFreeList</STRONG> (Thumb, 96 bytes, Stack size 8 bytes, heap_4.o(i.prvInsertBlockIntoFreeList))
<BR><BR>[Stack]<UL><LI>Max Depth = 8<LI>Call Chain = prvInsertBlockIntoFreeList
</UL>
<BR>[Called By]<UL><LI><a href="#[111]">&gt;&gt;</a>&nbsp;&nbsp;&nbsp;vPortFree
<LI><a href="#[ea]">&gt;&gt;</a>&nbsp;&nbsp;&nbsp;pvPortMalloc
</UL>

<P><STRONG><a name="[6c]"></a>prvTaskExitError</STRONG> (Thumb, 8 bytes, Stack size 0 bytes, port.o(i.prvTaskExitError))
<BR><BR>[Calls]<UL><LI><a href="#[20f]">&gt;&gt;</a>&nbsp;&nbsp;&nbsp;ulPortSetInterruptMask
</UL>
<BR>[Address Reference Count : 1]<UL><LI> port.o(i.pxPortInitialiseStack)
</UL>
<P><STRONG><a name="[7a]"></a>__sti___11_network_cpp_txsize</STRONG> (Thumb, 10 bytes, Stack size 4 bytes, network.o(i.__sti___11_network_cpp_txsize))
<BR><BR>[Stack]<UL><LI>Max Depth = 4<LI>Call Chain = __sti___11_network_cpp_txsize
</UL>
<BR>[Calls]<UL><LI><a href="#[1cc]">&gt;&gt;</a>&nbsp;&nbsp;&nbsp;network::network()
</UL>
<BR>[Address Reference Count : 1]<UL><LI> network.o(.init_array)
</UL>
<P><STRONG><a name="[7b]"></a>__sti___13_canruleln_cpp_testaddr</STRONG> (Thumb, 20 bytes, Stack size 8 bytes, canruleln.o(i.__sti___13_canruleln_cpp_testaddr))
<BR><BR>[Stack]<UL><LI>Max Depth = 80<LI>Call Chain = __sti___13_canruleln_cpp_testaddr &rArr; __aeabi_atexit &rArr; malloc &rArr; __Heap_Full &rArr; __Heap_ProvideMemory &rArr; free
</UL>
<BR>[Calls]<UL><LI><a href="#[1cd]">&gt;&gt;</a>&nbsp;&nbsp;&nbsp;CanRuleLn::CanRuleLn()
<LI><a href="#[1c1]">&gt;&gt;</a>&nbsp;&nbsp;&nbsp;__aeabi_atexit
</UL>
<BR>[Address Reference Count : 1]<UL><LI> canruleln.o(.init_array)
</UL>
<P><STRONG><a name="[24e]"></a>_dadd1</STRONG> (Thumb, 0 bytes, Stack size unknown bytes, daddsub_clz.o(x$fpl$dadd), UNUSED)
<BR><BR>[Called By]<UL><LI><a href="#[24f]">&gt;&gt;</a>&nbsp;&nbsp;&nbsp;_dsub
<LI><a href="#[24d]">&gt;&gt;</a>&nbsp;&nbsp;&nbsp;_drsb
</UL>

<P><STRONG><a name="[241]"></a>_dsub1</STRONG> (Thumb, 0 bytes, Stack size unknown bytes, daddsub_clz.o(x$fpl$dsub), UNUSED)
<BR><BR>[Called By]<UL><LI><a href="#[24d]">&gt;&gt;</a>&nbsp;&nbsp;&nbsp;_drsb
<LI><a href="#[240]">&gt;&gt;</a>&nbsp;&nbsp;&nbsp;_dadd
</UL>

<P><STRONG><a name="[25d]"></a>_fadd1</STRONG> (Thumb, 0 bytes, Stack size unknown bytes, faddsub_clz.o(x$fpl$fadd), UNUSED)
<BR><BR>[Called By]<UL><LI><a href="#[25e]">&gt;&gt;</a>&nbsp;&nbsp;&nbsp;_fsub
<LI><a href="#[25c]">&gt;&gt;</a>&nbsp;&nbsp;&nbsp;_frsb
</UL>

<P><STRONG><a name="[253]"></a>_fsub1</STRONG> (Thumb, 0 bytes, Stack size unknown bytes, faddsub_clz.o(x$fpl$fsub), UNUSED)
<BR><BR>[Called By]<UL><LI><a href="#[25c]">&gt;&gt;</a>&nbsp;&nbsp;&nbsp;_frsb
<LI><a href="#[252]">&gt;&gt;</a>&nbsp;&nbsp;&nbsp;_fadd
</UL>
<P>
<H3>
Undefined Global Symbols
</H3><HR></body></html>
