Component: ARM Compiler 5.05 update 1 (build 106) Tool: armlink [4d0efa]

==============================================================================

Section Cross References

    main.o(i.HardFault_Handler) refers to initdata.o(i._Z9SoftResetv) for SoftReset()
    main.o(i._Z8track_osPv) refers to _printf_percent.o(.ARM.Collect$$_printf_percent$$00000000) for _printf_percent
    main.o(i._Z8track_osPv) refers to _printf_d.o(.ARM.Collect$$_printf_percent$$00000009) for _printf_d
    main.o(i._Z8track_osPv) refers to _printf_dec.o(.text) for _printf_int_dec
    main.o(i._Z8track_osPv) refers to heap_4.o(i.pvPortMalloc) for pvPortMalloc
    main.o(i._Z8track_osPv) refers to rt_memclr.o(.text) for __aeabi_memclr
    main.o(i._Z8track_osPv) refers to heap_4.o(i.xPortGetMinimumEverFreeHeapSize) for xPortGetMinimumEverFreeHeapSize
    main.o(i._Z8track_osPv) refers to noretval__2sprintf.o(.text) for __2sprintf
    main.o(i._Z8track_osPv) refers to strlen.o(.text) for strlen
    main.o(i._Z8track_osPv) refers to strcat.o(.text) for strcat
    main.o(i._Z8track_osPv) refers to tasks.o(i.vTaskList) for vTaskList
    main.o(i._Z8track_osPv) refers to usart.o(i._ZN9UsartPort10SendDataExEPht) for UsartPort::SendDataEx(unsigned char*, unsigned short)
    main.o(i._Z8track_osPv) refers to heap_4.o(i.vPortFree) for vPortFree
    main.o(i._Z8track_osPv) refers to tasks.o(i.vTaskDelay) for vTaskDelay
    main.o(i._Z8track_osPv) refers to main.o(.conststring) for .conststring
    main.o(i._Z8track_osPv) refers to usart.o(.data) for pusartBatt
    main.o(i.main) refers to gd32f10x_misc.o(i.nvic_priority_group_set) for nvic_priority_group_set
    main.o(i.main) refers to rtc.o(i.Rtc_configuration) for Rtc_configuration
    main.o(i.main) refers to initdata.o(i._Z8InitDatav) for InitData()
    main.o(i.main) refers to gd32f10x_dbg.o(i.dbg_periph_enable) for dbg_periph_enable
    main.o(i.main) refers to gd32f10x_fwdgt.o(i.fwdgt_config) for fwdgt_config
    main.o(i.main) refers to gd32f10x_fwdgt.o(i.fwdgt_enable) for fwdgt_enable
    main.o(i.main) refers to tasks.o(i.xTaskGenericCreate) for xTaskGenericCreate
    main.o(i.main) refers to tasks.o(i.vTaskStartScheduler) for vTaskStartScheduler
    main.o(i.main) refers to screentask.o(i._Z11SCREEN_TaskPv) for SCREEN_Task(void*)
    main.o(i.main) refers to cantask.o(i._Z8CAN_TaskPv) for CAN_Task(void*)
    main.o(i.main) refers to monitortask.o(i._Z12Monitor_TaskPv) for Monitor_Task(void*)
    main.o(i.main) refers to porttask.o(i._Z9PORT_TaskPv) for PORT_Task(void*)
    main.o(i.main) refers to usarttask.o(i._Z9Uart_TaskPv) for Uart_Task(void*)
    main.o(.ARM.exidx) refers to main.o(i.HardFault_Handler) for i.HardFault_Handler
    main.o(.ARM.exidx) refers to main.o(i._Z8track_osPv) for i._Z8track_osPv
    main.o(.ARM.exidx) refers to main.o(i.main) for i.main
    i2c.o(i._Z15I2C_gpio_configv) refers to gd32f10x_rcu.o(i.rcu_periph_clock_enable) for rcu_periph_clock_enable
    i2c.o(i._Z15I2C_gpio_configv) refers to gd32f10x_gpio.o(i.gpio_init) for gpio_init
    i2c.o(i._ZN3I2C11ReceiveByteEv) refers to gd32f10x_gpio.o(i.gpio_bit_set) for gpio_bit_set
    i2c.o(i._ZN3I2C11ReceiveByteEv) refers to gd32f10x_gpio.o(i.gpio_bit_reset) for gpio_bit_reset
    i2c.o(i._ZN3I2C11ReceiveByteEv) refers to i2c.o(i._ZN3I2C5delayEv) for I2C::delay()
    i2c.o(i._ZN3I2C11ReceiveByteEv) refers to gd32f10x_gpio.o(i.gpio_input_bit_get) for gpio_input_bit_get
    i2c.o(i._ZN3I2C3AckEv) refers to gd32f10x_gpio.o(i.gpio_bit_reset) for gpio_bit_reset
    i2c.o(i._ZN3I2C3AckEv) refers to i2c.o(i._ZN3I2C5delayEv) for I2C::delay()
    i2c.o(i._ZN3I2C3AckEv) refers to gd32f10x_gpio.o(i.gpio_bit_set) for gpio_bit_set
    i2c.o(i._ZN3I2C4StopEv) refers to gd32f10x_gpio.o(i.gpio_bit_reset) for gpio_bit_reset
    i2c.o(i._ZN3I2C4StopEv) refers to i2c.o(i._ZN3I2C5delayEv) for I2C::delay()
    i2c.o(i._ZN3I2C4StopEv) refers to gd32f10x_gpio.o(i.gpio_bit_set) for gpio_bit_set
    i2c.o(i._ZN3I2C5NoAckEv) refers to gd32f10x_gpio.o(i.gpio_bit_reset) for gpio_bit_reset
    i2c.o(i._ZN3I2C5NoAckEv) refers to i2c.o(i._ZN3I2C5delayEv) for I2C::delay()
    i2c.o(i._ZN3I2C5NoAckEv) refers to gd32f10x_gpio.o(i.gpio_bit_set) for gpio_bit_set
    i2c.o(i._ZN3I2C5StartEv) refers to gd32f10x_gpio.o(i.gpio_bit_set) for gpio_bit_set
    i2c.o(i._ZN3I2C5StartEv) refers to i2c.o(i._ZN3I2C5delayEv) for I2C::delay()
    i2c.o(i._ZN3I2C5StartEv) refers to gd32f10x_gpio.o(i.gpio_input_bit_get) for gpio_input_bit_get
    i2c.o(i._ZN3I2C5StartEv) refers to gd32f10x_gpio.o(i.gpio_bit_reset) for gpio_bit_reset
    i2c.o(i._ZN3I2C7WaitAckEv) refers to gd32f10x_gpio.o(i.gpio_bit_reset) for gpio_bit_reset
    i2c.o(i._ZN3I2C7WaitAckEv) refers to i2c.o(i._ZN3I2C5delayEv) for I2C::delay()
    i2c.o(i._ZN3I2C7WaitAckEv) refers to gd32f10x_gpio.o(i.gpio_bit_set) for gpio_bit_set
    i2c.o(i._ZN3I2C7WaitAckEv) refers to gd32f10x_gpio.o(i.gpio_input_bit_get) for gpio_input_bit_get
[...]
    0x080021e8   0x0000001c   Code   RO         8030    !!handler_zi        c_w.l(__scatter_zi.o)
    0x08002204   0x00000000   Code   RO         7364    .ARM.Collect$$_printf_percent$$00000000  c_w.l(_printf_percent.o)
    0x08002204   0x00000006   Code   RO         7363    .ARM.Collect$$_printf_percent$$00000003  c_w.l(_printf_f.o)
    0x0800220a   0x00000006   Code   RO         7360    .ARM.Collect$$_printf_percent$$0000000C  c_w.l(_printf_x.o)
    0x08002210   0x00000004   Code   RO         7678    .ARM.Collect$$_printf_percent$$00000017  c_w.l(_printf_percent_end.o)
    0x08002214   0x00000002   Code   RO         7955    .ARM.Collect$$libinit$$00000000  c_w.l(libinit.o)
    0x08002216   0x00000000   Code   RO         7682    .ARM.Collect$$libinit$$00000002  c_w.l(libinit2.o)
    0x08002216   0x00000000   Code   RO         7684    .ARM.Collect$$libinit$$00000004  c_w.l(libinit2.o)
    0x08002216   0x00000008   Code   RO         7685    .ARM.Collect$$libinit$$00000005  c_w.l(libinit2.o)
    0x0800221e   0x00000000   Code   RO         7687    .ARM.Collect$$libinit$$0000000A  c_w.l(libinit2.o)
    0x0800221e   0x00000000   Code   RO         7689    .ARM.Collect$$libinit$$0000000C  c_w.l(libinit2.o)
    0x0800221e   0x00000000   Code   RO         7691    .ARM.Collect$$libinit$$0000000E  c_w.l(libinit2.o)
    0x0800221e   0x00000006   Code   RO         7692    .ARM.Collect$$libinit$$0000000F  c_w.l(libinit2.o)
    0x08002224   0x00000000   Code   RO         7694    .ARM.Collect$$libinit$$00000011  c_w.l(libinit2.o)
    0x08002224   0x00000000   Code   RO         7696    .ARM.Collect$$libinit$$00000013  c_w.l(libinit2.o)
    0x08002224   0x00000000   Code   RO         7698    .ARM.Collect$$libinit$$00000015  c_w.l(libinit2.o)
    0x08002224   0x0000000a   Code   RO         7699    .ARM.Collect$$libinit$$00000016  c_w.l(libinit2.o)
    0x0800222e   0x00000000   Code   RO         7700    .ARM.Collect$$libinit$$00000017  c_w.l(libinit2.o)
    0x0800222e   0x00000000   Code   RO         7702    .ARM.Collect$$libinit$$00000019  c_w.l(libinit2.o)
    0x0800222e   0x00000000   Code   RO         7704    .ARM.Collect$$libinit$$0000001B  c_w.l(libinit2.o)
    0x0800222e   0x00000000   Code   RO         7706    .ARM.Collect$$libinit$$0000001D  c_w.l(libinit2.o)
    0x0800222e   0x00000000   Code   RO         7708    .ARM.Collect$$libinit$$0000001F  c_w.l(libinit2.o)
    0x0800222e   0x00000000   Code   RO         7710    .ARM.Collect$$libinit$$00000021  c_w.l(libinit2.o)
    0x0800222e   0x00000000   Code   RO         7712    .ARM.Collect$$libinit$$00000023  c_w.l(libinit2.o)
    0x0800222e   0x00000000   Code   RO         7714    .ARM.Collect$$libinit$$00000025  c_w.l(libinit2.o)
    0x0800222e   0x00000000   Code   RO         7718    .ARM.Collect$$libinit$$0000002C  c_w.l(libinit2.o)
    0x0800222e   0x00000000   Code   RO         7720    .ARM.Collect$$libinit$$0000002E  c_w.l(libinit2.o)
    0x0800222e   0x00000000   Code   RO         7722    .ARM.Collect$$libinit$$00000030  c_w.l(libinit2.o)
    0x0800222e   0x00000004   Code   RO         7723    .ARM.Collect$$libinit$$00000031  c_w.l(libinit2.o)
    0x08002232   0x00000000   Code   RO         7724    .ARM.Collect$$libinit$$00000032  c_w.l(libinit2.o)
    0x08002232   0x00000002   Code   RO         7725    .ARM.Collect$$libinit$$00000033  c_w.l(libinit2.o)
    0x08002234   0x00000002   Code   RO         8011    .ARM.Collect$$libshutdown$$00000000  c_w.l(libshutdown.o)
    0x08002236   0x00000006   Code   RO         7726    .ARM.Collect$$libshutdown$$00000001  c_w.l(libshutdown2.o)
    0x0800223c   0x00000000   Code   RO         7728    .ARM.Collect$$libshutdown$$00000003  c_w.l(libshutdown2.o)
    0x0800223c   0x00000000   Code   RO         7731    .ARM.Collect$$libshutdown$$00000006  c_w.l(libshutdown2.o)
    0x0800223c   0x00000000   Code   RO         7734    .ARM.Collect$$libshutdown$$00000009  c_w.l(libshutdown2.o)
    0x0800223c   0x00000000   Code   RO         7736    .ARM.Collect$$libshutdown$$0000000B  c_w.l(libshutdown2.o)
    0x0800223c   0x00000000   Code   RO         7739    .ARM.Collect$$libshutdown$$0000000E  c_w.l(libshutdown2.o)
    0x0800223c   0x00000002   Code   RO         7740    .ARM.Collect$$libshutdown$$0000000F  c_w.l(libshutdown2.o)
    0x0800223e   0x00000000   Code   RO         7596    .ARM.Collect$$rtentry$$00000000  c_w.l(__rtentry.o)
    0x0800223e   0x00000000   Code   RO         7800    .ARM.Collect$$rtentry$$00000002  c_w.l(__rtentry2.o)
    0x0800223e   0x00000006   Code   RO         7812    .ARM.Collect$$rtentry$$00000004  c_w.l(__rtentry4.o)
    0x08002244   0x00000000   Code   RO         7802    .ARM.Collect$$rtentry$$00000009  c_w.l(__rtentry2.o)
    0x08002244   0x00000004   Code   RO         7803    .ARM.Collect$$rtentry$$0000000A  c_w.l(__rtentry2.o)
    0x08002248   0x00000000   Code   RO         7805    .ARM.Collect$$rtentry$$0000000C  c_w.l(__rtentry2.o)
    0x08002248   0x00000008   Code   RO         7806    .ARM.Collect$$rtentry$$0000000D  c_w.l(__rtentry2.o)
    0x08002250   0x00000002   Code   RO         7966    .ARM.Collect$$rtexit$$00000000  c_w.l(rtexit.o)
    0x08002252   0x00000000   Code   RO         7987    .ARM.Collect$$rtexit$$00000002  c_w.l(rtexit2.o)
    0x08002252   0x00000004   Code   RO         7988    .ARM.Collect$$rtexit$$00000003  c_w.l(rtexit2.o)
    0x08002256   0x00000006   Code   RO         7989    .ARM.Collect$$rtexit$$00000004  c_w.l(rtexit2.o)
    0x0800225c   0x000000a2   Code   RO         6275    .emb_text           port.o
    0x080022fe   0x00000002   PAD
    0x08002300   0x00000000   Code   RO         7929    .emb_text           c_w.l(maybetermalloc1.o)
    0x08002300   0x00000040   Code   RO         5782    .text               startup_gd32f10x_cl.o
    0x08002340   0x00000026   Code   RO         7302    .text               c_w.l(llshl.o)
    0x08002366   0x00000048   Code   RO         7304    .text               c_w.l(llsdiv.o)
    0x080023ae   0x00000002   PAD
    0x080023b0   0x00000028   Code   RO         7308    .text               c_w.l(noretval__2sprintf.o)
    0x080023d8   0x0000004e   Code   RO         7312    .text               c_w.l(_printf_pad.o)
    0x08002426   0x00000002   PAD
    0x08002428   0x00000058   Code   RO         7321    .text               c_w.l(_printf_hex_int.o)
    0x08002480   0x0000010e   Code   RO         7347    .text               c_w.l(__printf_wp.o)
    0x0800258e   0x00000002   PAD
    0x08002590   0x0000000c   Code   RO         7368    .text               c_w.l(strtok.o)
    0x0800259c   0x00000024   Code   RO         7371    .text               c_w.l(strstr.o)
    0x080025c0   0x00000058   Code   RO         7373    .text               c_w.l(memcmp.o)
    0x08002618   0x0000003e   Code   RO         7377    .text               c_w.l(strlen.o)
    0x08002656   0x00000018   Code   RO         7379    .text               c_w.l(strcat.o)
    0x0800266e   0x0000008a   Code   RO         7381    .text               c_w.l(rt_memcpy_v6.o)
    0x080026f8   0x00000064   Code   RO         7383    .text               c_w.l(rt_memcpy_w.o)
    0x0800275c   0x00000010   Code   RO         7385    .text               c_w.l(aeabi_memset.o)
    0x0800276c   0x00000044   Code   RO         7387    .text               c_w.l(rt_memclr.o)
    0x080027b0   0x0000004e   Code   RO         7389    .text               c_w.l(rt_memclr_w.o)
    0x080027fe   0x00000002   PAD
    0x08002800   0x00000080   Code   RO         7391    .text               c_w.l(strcmpv7m.o)
    0x08002880   0x00000006   Code   RO         7393    .text               c_w.l(heapauxi.o)
    0x08002886   0x00000002   PAD
    0x08002888   0x00000024   Code   RO         7400    .text               c_w.l(init_aeabi.o)
    0x080028ac   0x00000008   Code   RO         7600    .text               c_w.l(rt_ddtor_pointer_addr_intlibspace.o)
    0x080028b4   0x0000005e   Code   RO         7606    .text               c_w.l(h1_alloc.o)
    0x08002912   0x0000004e   Code   RO         7608    .text               c_w.l(h1_free.o)
    0x08002960   0x000000ee   Code   RO         7664    .text               c_w.l(lludivv7m.o)
    0x08002a4e   0x00000016   Code   RO         7666    .text               c_w.l(_rserrno.o)
    0x08002a64   0x000000b2   Code   RO         7668    .text               c_w.l(_printf_intcommon.o)
    0x08002b16   0x0000041a   Code   RO         7670    .text               c_w.l(_printf_fp_dec.o)
    0x08002f30   0x00000030   Code   RO         7672    .text               c_w.l(_printf_char_common.o)
    0x08002f60   0x0000000a   Code   RO         7674    .text               c_w.l(_sputc.o)
    0x08002f6a   0x00000002   PAD
    0x08002f6c   0x00000044   Code   RO         7679    .text               c_w.l(strtok_int.o)
    0x08002fb0   0x00000008   Code   RO         7794    .text               c_w.l(libspace.o)
    0x08002fb8   0x00000008   Code   RO         7821    .text               c_w.l(rt_heap_descriptor_intlibspace.o)
    0x08002fc0   0x00000008   Code   RO         7826    .text               c_w.l(rt_locale_intlibspace.o)
    0x08002fc8   0x00000008   Code   RO         7831    .text               c_w.l(rt_errno_addr_intlibspace.o)
    0x08002fd0   0x00000004   Code   RO         7833    .text               c_w.l(hguard.o)
    0x08002fd4   0x0000008a   Code   RO         7835    .text               c_w.l(init_alloc.o)
    0x0800305e   0x0000000e   Code   RO         7839    .text               c_w.l(h1_init.o)
    0x0800306c   0x0000008a   Code   RO         7853    .text               c_w.l(lludiv10.o)
    0x080030f6   0x00000002   PAD
    0x080030f8   0x00000080   Code   RO         7855    .text               c_w.l(_printf_fp_infnan.o)
    0x08003178   0x000000dc   Code   RO         7859    .text               c_w.l(bigflt0.o)
    0x08003254   0x00000020   Code   RO         7887    .text               c_w.l(strcspn.o)
    0x08003274   0x0000001c   Code   RO         7889    .text               c_w.l(strspn.o)
    0x08003290   0x0000004a   Code   RO         7918    .text               c_w.l(sys_stackheap_outer.o)
    0x080032da   0x00000034   Code   RO         7931    .text               c_w.l(h1_extend.o)
    0x0800330e   0x0000000c   Code   RO         7935    .text               c_w.l(exit.o)
    0x0800331a   0x0000000e   Code   RO         7939    .text               c_w.l(defsig_rtmem_outer.o)
    0x08003328   0x0000000c   Code   RO         7961    .text               c_w.l(sys_exit.o)
    0x08003334   0x00000002   Code   RO         7963    .text               c_w.l(use_no_semi.o)
    0x08003336   0x00000000   Code   RO         7965    .text               c_w.l(indicate_semi.o)
    0x08003336   0x0000000a   Code   RO         7972    .text               c_w.l(defsig_exit.o)
    0x08003340   0x00000050   Code   RO         7982    .text               c_w.l(defsig_rtmem_inner.o)
    0x08003390   0x00000032   Code   RO         7999    .text               c_w.l(defsig_general.o)
    0x080033c2   0x0000000e   Code   RO         8005    .text               c_w.l(sys_wrch.o)
    0x080033d0   0x0000003e   Code   RO         7862    CL$$btod_d2e        c_w.l(btod.o)
    0x0800340e   0x00000046   Code   RO         7864    CL$$btod_d2e_denorm_low  c_w.l(btod.o)
    0x08003454   0x00000060   Code   RO         7863    CL$$btod_d2e_norm_op1  c_w.l(btod.o)
    0x080034b4   0x00000338   Code   RO         7872    CL$$btod_div_common  c_w.l(btod.o)
    0x080037ec   0x000000c6   Code   RO         7869    CL$$btod_e2e        c_w.l(btod.o)
    0x080038b2   0x00000028   Code   RO         7866    CL$$btod_ediv       c_w.l(btod.o)
    0x080038da   0x00000028   Code   RO         7865    CL$$btod_emul       c_w.l(btod.o)
    0x08003902   0x00000244   Code   RO         7871    CL$$btod_mult_common  c_w.l(btod.o)
    0x08003b46   0x00000002   PAD
    0x08003b48   0x00000010   Code   RO          336    i.CAN0_RX0_IRQHandler  can.o
    0x08003b58   0x00000010   Code   RO          337    i.CAN0_RX1_IRQHandler  can.o
    0x08003b68   0x00000010   Code   RO          338    i.CAN0_TX_IRQHandler  can.o
    0x08003b78   0x00000010   Code   RO          339    i.CAN1_RX0_IRQHandler  can.o
    0x08003b88   0x00000010   Code   RO          340    i.CAN1_RX1_IRQHandler  can.o
    0x08003b98   0x00000010   Code   RO          341    i.CAN1_TX_IRQHandler  can.o
    0x08003ba8   0x00000038   Code   RO          342    i.CAN_Init          can.o
    0x08003be0   0x00000008   Code   RO            3    i.HardFault_Handler  main.o
    0x08003be8   0x0000003a   Code   RO         1353    i.Is_Leap_Year      rtc.o
    0x08003c22   0x00000002   PAD
    0x08003c24   0x0000017c   Code   RO         1354    i.RTC_Get           rtc.o
    0x08003da0   0x000000c4   Code   RO         1355    i.RTC_Set           rtc.o
    0x08003e64   0x00000086   Code   RO         1356    i.Rtc_configuration  rtc.o
    0x08003eea   0x00000002   PAD
    0x08003eec   0x00000080   Code   RO         5739    i.SystemInit        system_gd32f10x.o
    0x08003f6c   0x000000d0   Code   RO         2711    i.TIMER1_IRQHandler  rtime.o
    0x0800403c   0x00000010   Code   RO          547    i.UART3_IRQHandler  usart.o
    0x0800404c   0x00000010   Code   RO          548    i.USART0_IRQHandler  usart.o
    0x0800405c   0x00000010   Code   RO          549    i.USART2_IRQHandler  usart.o
    0x0800406c   0x00000030   Code   RO          550    i.Usart_Init        usart.o
    0x0800409c   0x00000040   Code   RO          759    i.Write_cmd         oled_display.o
    0x080040dc   0x00000040   Code   RO          760    i.Write_data        oled_display.o
    0x0800411c   0x00000072   Code   RO         2834    i._Z10AddrChangehh  jingui.o
    0x0800418e   0x00000036   Code   RO         2968    i._Z10AsciiToHexh   brainbattery.o
    0x080041c4   0x0000004a   Code   RO         2743    i._Z10CheckCrc16PhjS_  user.o
    0x0800420e   0x00000002   PAD
    0x08004210   0x000000e4   Code   RO         2835    i._Z10DownOnTicKv   jingui.o
    0x080042f4   0x000002ec   Code   RO         2578    i._Z10FindOnSolth   staggeredpeak.o
    0x080045e0   0x00000036   Code   RO         2662    i._Z10Fun_Converh   moduletp.o
    0x08004616   0x00000002   PAD
    0x08004618   0x0000001c   Code   RO         2278    i._Z10GetDiInputhh  alarmandrecord.o
    0x08004634   0x000001dc   Code   RO         1926    i._Z10SetAirDataP6Screen  setmenuitem.o
    0x08004810   0x000000ec   Code   RO         1927    i._Z10SetBattCutP6Screen  setmenuitem.o
    0x080048fc   0x00000104   Code   RO         1928    i._Z10SetDCDMenuP6Screen  setmenuitem.o
    0x08004a00   0x000000c8   Code   RO         1929    i._Z10SetUSRParaP6Screen  setmenuitem.o
    0x08004ac8   0x0000001a   Code   RO         2435    i._Z10battCutCmdh   downelectronicctrl.o
    0x08004ae2   0x00000002   PAD
    0x08004ae4   0x00000178   Code   RO         2279    i._Z10minusAlarm9AlarmTypeh13AlarmBehaviorj  alarmandrecord.o
    0x08004c5c   0x0000001c   Code   RO         2969    i._Z11AsciiToBytehh  brainbattery.o
    0x08004c78   0x00000022   Code   RO         2970    i._Z11CalChecksumPht  brainbattery.o
    0x08004c9a   0x00000002   PAD
    0x08004c9c   0x00000074   Code   RO         1930    i._Z11GetBattDataP6Screen  setmenuitem.o
    0x08004d10   0x00001c00   Code   RO         2280    i._Z11OnTickAlarmv  alarmandrecord.o
    0x08006910   0x000000d4   Code   RO         2744    i._Z11ReplyUpDatahPhPt  user.o
    0x080069e4   0x00000068   Code   RO         6656    i._Z11SCREEN_TaskPv  screentask.o
    0x08006a4c   0x000002c8   Code   RO         1931    i._Z11SetBootMenuP6Screen  setmenuitem.o
    0x08006d14   0x000000a4   Code   RO         1932    i._Z11SetModuleTPP6Screen  setmenuitem.o
    0x08006db8   0x00000528   Code   RO         1933    i._Z11SetPeakParaP6Screen  setmenuitem.o
    0x080072e0   0x00000138   Code   RO         1934    i._Z11SetTimeParaP6Screen  setmenuitem.o
    0x08007418   0x000000dc   Code   RO         1935    i._Z11SetUSR2MenuP6Screen  setmenuitem.o
    0x080074f4   0x00000090   Code   RO         1936    i._Z11SetUSR3MenuP6Screen  setmenuitem.o
    0x08007584   0x00000188   Code   RO         2579    i._Z11SpeakOnTickv  staggeredpeak.o
    0x0800770c   0x00000310   Code   RO         2745    i._Z11UpDateFlashPhPth  user.o
    0x08007a1c   0x00000090   Code   RO         2746    i._Z11getInfodataPh  user.o
    0x08007aac   0x00000068   Code   RO         1937    i._Z11setSMRONOFFP6Screen  setmenuitem.o
    0x08007b14   0x00000090   Code   RO         2747    i._Z12DuleWithDataPhPt  user.o
    0x08007ba4   0x0000002c   Code   RO         2748    i._Z12ErrEscUpDatav  user.o
    0x08007bd0   0x00000022   Code   RO         2663    i._Z12Fun_CoverHexh  moduletp.o
    0x08007bf2   0x00000002   PAD
    0x08007bf4   0x00000034   Code   RO         2580    i._Z12GetSpeakFlaghh  staggeredpeak.o
    0x08007c28   0x0000003e   Code   RO         2581    i._Z12GetTimeInMintPhh  staggeredpeak.o
    0x08007c66   0x00000002   PAD
    0x08007c68   0x0000004c   Code   RO         2281    i._Z12GetWarnInPuthhh  alarmandrecord.o
    0x08007cb4   0x000000d0   Code   RO         2836    i._Z12JinGuiOnTickv  jingui.o
    0x08007d84   0x00000024   Code   RO         6783    i._Z12Monitor_TaskPv  monitortask.o
    0x08007da8   0x000002f8   Code   RO         1938    i._Z12SetAlarmParaP6Screen  setmenuitem.o
    0x080080a0   0x00000378   Code   RO         1939    i._Z12SetBrainBattP6Screen  setmenuitem.o
    0x08008418   0x0000004c   Code   RO         6395    i._Z12SetParaByCmdhP6CanBufPh  powercan.o
    0x08008464   0x00000058   Code   RO         2582    i._Z12SetSPeakDatahhh  staggeredpeak.o
    0x080084bc   0x00000244   Code   RO         1940    i._Z12SetSleepParaP6Screen  setmenuitem.o
    0x08008700   0x00000058   Code   RO         2583    i._Z12SetSpeakFlaghh9SpeakFlag  staggeredpeak.o
    0x08008758   0x0000003c   Code   RO         1046    i._Z12findValiVbatv  monitor.o
    0x08008794   0x000001a4   Code   RO         2282    i._Z12ledIndicatorv  alarmandrecord.o
    0x08008938   0x00000184   Code   RO         2283    i._Z12removeModulehh  alarmandrecord.o
    0x08008abc   0x0000000c   Code   RO         2972    i._Z12swapTwoBytest  brainbattery.o
    0x08008ac8   0x00000054   Code   RO         2584    i._Z13DateToYeardayhh  staggeredpeak.o
    0x08008b1c   0x00000064   Code   RO         2973    i._Z13GetBatteryCmdhh  brainbattery.o
    0x08008b80   0x00000334   Code   RO         1799    i._Z13OnTickSetParaP6Screen  menuitem.o
    0x08008eb4   0x000000c0   Code   RO         2749    i._Z13SaveUpDataLogv  user.o
    0x08008f74   0x000000d4   Code   RO         2974    i._Z13SetBatteryCmdhhPh  brainbattery.o
    0x08009048   0x00000254   Code   RO         1941    i._Z13SetLocalPowerP6Screen  setmenuitem.o
    0x0800929c   0x00000044   Code   RO         1800    i._Z13SetScreenItemP4ItemPhPvS1_h  menuitem.o
    0x080092e0   0x0000010c   Code   RO         2750    i._Z13UplogGeneratehh  user.o
    0x080093ec   0x00000094   Code   RO         2585    i._Z13YeardayToDatetPhh  staggeredpeak.o
    0x08009480   0x000000b8   Code   RO         2975    i._Z14BattCmdPollingv  brainbattery.o
    0x08009538   0x00000b1c   Code   RO         2839    i._Z14DownElectrictyv  jingui.o
    0x0800a054   0x0000007a   Code   RO         2665    i._Z14Fun_TeaDecryptPtS_  moduletp.o
    0x0800a0ce   0x00000002   PAD
    0x0800a0d0   0x000002e4   Code   RO         2976    i._Z14SetBattWarningv  brainbattery.o
    0x0800a3b4   0x00000084   Code   RO         2977    i._Z14SetBatteryDatahhPh  brainbattery.o
    0x0800a438   0x00000020   Code   RO         2436    i._Z14SetBatteryflag9CtrlState  downelectronicctrl.o
    0x0800a458   0x00000068   Code   RO         2586    i._Z14SetIimeIntevalhhhh  staggeredpeak.o
    0x0800a4c0   0x00000084   Code   RO         2978    i._Z14detcetBattDatav  brainbattery.o
    0x0800a544   0x00000034   Code   RO         2437    i._Z15ADMonlineDetectv  downelectronicctrl.o
    0x0800a578   0x0000007a   Code   RO         2979    i._Z15AsciiFrameToHexPhtS_tPt  brainbattery.o
    0x0800a5f2   0x00000002   PAD
    0x0800a5f4   0x00000118   Code   RO         1942    i._Z15ComparaPassWordP6Screen  setmenuitem.o
    0x0800a70c   0x00000136   Code   RO         2666    i._Z15Fun_UbindModulePhS_  moduletp.o
    0x0800a842   0x0000003e   Code   RO         2981    i._Z15HexFrameToAsciiPhhS_  brainbattery.o
    0x0800a880   0x0000001c   Code   RO          261    i._Z15I2C_gpio_configv  i2c.o
    0x0800a89c   0x00000022   Code   RO         2982    i._Z15IsValidHexAsciih  brainbattery.o
    0x0800a8be   0x00000002   PAD
    0x0800a8c0   0x00000078   Code   RO         2751    i._Z15SaveDataToFlashtPh  user.o
    0x0800a938   0x0000007c   Code   RO         1047    i._Z15SendPhaseLimitIP7CanPortPjPh  monitor.o
    0x0800a9b4   0x00000184   Code   RO         1943    i._Z15SetBattTestMenuP6Screen  setmenuitem.o
    0x0800ab38   0x0000031c   Code   RO         1944    i._Z15SetUserDownMenuP6Screen  setmenuitem.o
    0x0800ae54   0x00000250   Code   RO         1945    i._Z15SetUserDownParaP6Screen  setmenuitem.o
    0x0800b0a4   0x00000260   Code   RO         6730    i._Z15Swtmr1_CallbackPv  swtmr1callback.o
    0x0800b304   0x0000002c   Code   RO         6759    i._Z15Swtmr2_CallbackPv  swtmr2callback.o
    0x0800b330   0x00000310   Code   RO         1946    i._Z15Update_BattDataP6Screen  setmenuitem.o
    0x0800b640   0x00000038   Code   RO         2984    i._Z15setDisChargeMosh9CtrlState  brainbattery.o
    0x0800b678   0x0000005c   Code   RO         2985    i._Z15updateRemainCapv  brainbattery.o
    0x0800b6d4   0x00000264   Code   RO         1947    i._Z16GetUpDataLogMenuP6Screen  setmenuitem.o
    0x0800b938   0x0000001c   Code   RO         2986    i._Z16SetBatteryDataInhhPh  brainbattery.o
    0x0800b954   0x00000070   Code   RO         2843    i._Z16SetJinGuiDataCmdPhhhtth  jingui.o
    0x0800b9c4   0x00000078   Code   RO         1948    i._Z16SetPOWERRATEMenuP6Screen  setmenuitem.o
    0x0800ba3c   0x00000174   Code   RO         1949    i._Z16SetPeakShaveParaP6Screen  setmenuitem.o
    0x0800bbb0   0x00000370   Code   RO         1950    i._Z16SetPeakShiftParaP6Screen  setmenuitem.o
    0x0800bf20   0x0000005e   Code   RO         2844    i._Z16changeJinGuiAddrhh  jingui.o
    0x0800bf7e   0x00000002   PAD
    0x0800bf80   0x00000524   Code   RO         2987    i._Z16parseBatteryDatahPhth  brainbattery.o
    0x0800c4a4   0x00000022   Code   RO         1951    i._Z17CheckParaBoundaryPtss  setmenuitem.o
    0x0800c4c6   0x00000002   PAD
    0x0800c4c8   0x000000a8   Code   RO         2845    i._Z17JinGuiOnLineCountv  jingui.o
    0x0800c570   0x00000588   Code   RO         2846    i._Z17JinGuiSendCmdDatahPh  jingui.o
    0x0800caf8   0x0000069c   Code   RO         1952    i._Z17SetBattBranchMenuP6Screen  setmenuitem.o
    0x0800d194   0x00000e00   Code   RO         1953    i._Z17SetBranchParaMenuP6Screen  setmenuitem.o
    0x0800df94   0x00000238   Code   RO         1954    i._Z17SetBttCalibrationP6Screen  setmenuitem.o
    0x0800e1cc   0x0000001e   Code   RO         1955    i._Z18CheckParaBoundary8Phhh  setmenuitem.o
    0x0800e1ea   0x00000002   PAD
    0x0800e1ec   0x0000068c   Code   RO         2847    i._Z18DealWithJinGuiDataPv  jingui.o
    0x0800e878   0x000002ac   Code   RO         2438    i._Z18DownElectronicCtrlv  downelectronicctrl.o
    0x0800eb24   0x00000424   Code   RO         1956    i._Z18FactorySettingParaP6Screen  setmenuitem.o
    0x0800ef48   0x0000013c   Code   RO         1957    i._Z18GetAlarmRecordMenuP6Screen  setmenuitem.o
    0x0800f084   0x0000013c   Code   RO         2988    i._Z18PackBattCmdPollinghhhtPKh  brainbattery.o
    0x0800f1c0   0x0000063c   Code   RO         1958    i._Z18SetBattParaSetMenuP6Screen  setmenuitem.o
    0x0800f7fc   0x0000011c   Code   RO         2989    i._Z18calculateTotalDatav  brainbattery.o
    0x0800f918   0x0000049c   Code   RO         2990    i._Z19DuleWithDataBatteryPhPt  brainbattery.o
    0x0800fdb4   0x00000148   Code   RO         1959    i._Z19SetCalibrationBattIP6Screen  setmenuitem.o
    0x0800fefc   0x00000054   Code   RO         1960    i._Z19SetCalibrationBattVP6Screen  setmenuitem.o
    0x0800ff50   0x00000174   Code   RO         1961    i._Z19SetCalibrationMenu2P6Screen  setmenuitem.o
    0x080100c4   0x000000b0   Code   RO         2991    i._Z19detectBatteryOnlinev  brainbattery.o
    0x08010174   0x0000012c   Code   RO         2992    i._Z20BattCmdPollingCommonb  brainbattery.o
    0x080102a0   0x0000016c   Code   RO         2439    i._Z20DownElectronicOnTickv  downelectronicctrl.o
    0x0801040c   0x000000e8   Code   RO         1962    i._Z20GetEenergyRecordMenuP6Screen  setmenuitem.o
    0x080104f4   0x0000014c   Code   RO         1963    i._Z21GetBattTestRecordMenuP6Screen  setmenuitem.o
    0x08010640   0x000002c0   Code   RO         2440    i._Z22DownElectronicDetectACv  downelectronicctrl.o
    0x08010900   0x000000cc   Code   RO         1964    i._Z23ComparapFactoryPassWordP6Screen  setmenuitem.o
    0x080109cc   0x00000068   Code   RO         2848    i._Z23JinGuiOutLineCheckCountv  jingui.o
    0x08010a34   0x0000005a   Code   RO         1965    i._Z23RecordOrderNumToGetAddrP10RecordInfot  setmenuitem.o
    0x08010a8e   0x00000002   PAD
    0x08010a90   0x0000010c   Code   RO         1966    i._Z24GetEenergyRateRecordMenuP6Screen  setmenuitem.o
    0x08010b9c   0x00000006   Code   RO         1801    i._Z24SetScreenItemSelectFirstP4Item  menuitem.o
    0x08010ba2   0x00000002   PAD
    0x08010ba4   0x000000f0   Code   RO         2993    i._Z25DuleWithDataBatteryCommonPhPt  brainbattery.o
    0x08010c94   0x00000120   Code   RO         1967    i._Z25GetEenergy90dayRecordMenuP6Screen  setmenuitem.o
    0x08010db4   0x0000052c   Code   RO         1968    i._Z7SetOterP6Screen  setmenuitem.o
    0x080112e0   0x00000198   Code   RO         2441    i._Z7battCuth       downelectronicctrl.o
    0x08011478   0x00004c14   Code   RO         1802    i._Z7setMenuPP4Item  menuitem.o
    0x0801608c   0x00000230   Code   RO         6680    i._Z8CAN_TaskPv     cantask.o
    0x080162bc   0x00000380   Code   RO         1169    i._Z8InitDatav      initdata.o
    0x0801663c   0x00000134   Code   RO         2285    i._Z8addAlarm9AlarmTypeh13AlarmBehaviorj  alarmandrecord.o
    0x08016770   0x0000000c   Code   RO         1286    i._Z8bswap_16t      database.o
    0x0801677c   0x0000001a   Code   RO         1287    i._Z8bswap_32j      database.o
    0x08016796   0x00000002   PAD
    0x08016798   0x00000058   Code   RO         2286    i._Z8ledFlashh      alarmandrecord.o
    0x080167f0   0x00000060   Code   RO         2442    i._Z8setRelayhh     downelectronicctrl.o
    0x08016850   0x00000070   Code   RO         2849    i._Z9AirOnTickv     jingui.o
    0x080168c0   0x00000010   Code   RO         2287    i._Z9BeeAndLedv     alarmandrecord.o
    0x080168d0   0x0000003e   Code   RO         2994    i._Z9CalLengtht     brainbattery.o
    0x0801690e   0x00000002   PAD
    0x08016910   0x00000114   Code   RO         6396    i._Z9GetEnergyv     powercan.o
    0x08016a24   0x000000e0   Code   RO         6705    i._Z9PORT_TaskPv    porttask.o
    0x08016b04   0x00000144   Code   RO         6496    i._Z9SetLimitIP7CanPorthf  canruleln.o
    0x08016c48   0x00000154   Code   RO         1969    i._Z9ShowALARMP6Screen  setmenuitem.o
    0x08016d9c   0x00000034   Code   RO         1170    i._Z9SoftResetv     initdata.o
    0x08016dd0   0x00000062   Code   RO         2712    i._Z9TIM1_Initv     rtime.o
    0x08016e32   0x00000002   PAD
    0x08016e34   0x000000b0   Code   RO         6625    i._Z9Uart_TaskPv    usarttask.o
    0x08016ee4   0x00000038   Code   RO         2995    i._Z9count_CRCPhi   brainbattery.o
    0x08016f1c   0x0000028c   Code   RO         1970    i._Z9setDiParaP6Screen  setmenuitem.o
    0x080171a8   0x000000d0   Code   RO         1971    i._Z9setDoParaP6Screen  setmenuitem.o
    0x08017278   0x00000008   Code   RO         2372    i._ZN12BattCapacity25ClearTotatleDisChagerTimeEv  battery.o
    0x08017280   0x0000004c   Code   RO         2373    i._ZN12BattCapacity4InitEv  battery.o
    0x080172cc   0x00000124   Code   RO         2374    i._ZN12BattCapacity6UpdateEtsj  battery.o
    0x080173f0   0x00000010   Code   RO         2375    i._ZN12BattCapacity8ReSetCapEv  battery.o
    0x08017400   0x00000002   Code   RO         2376    i._ZN12BattCapacityC1Ev  battery.o
    0x08017402   0x00000002   Code   RO         2377    i._ZN12BattCapacityD1Ev  battery.o
    0x08017404   0x0000005c   Code   RO          262    i._ZN3I2C11ReceiveByteEv  i2c.o
    0x08017460   0x00000044   Code   RO          264    i._ZN3I2C4StopEv    i2c.o
    0x080174a4   0x00000044   Code   RO          265    i._ZN3I2C5NoAckEv   i2c.o
    0x080174e8   0x00000060   Code   RO          266    i._ZN3I2C5StartEv   i2c.o
    0x08017548   0x0000000e   Code   RO          267    i._ZN3I2C5delayEv   i2c.o
    0x08017556   0x00000002   PAD
    0x08017558   0x00000054   Code   RO          268    i._ZN3I2C7WaitAckEv  i2c.o
    0x080175ac   0x00000060   Code   RO          269    i._ZN3I2C8SendByteEh  i2c.o
    0x0801760c   0x0000000c   Code   RO          270    i._ZN3I2CC1Ev       i2c.o
    0x08017618   0x0000019c   Code   RO          901    i._ZN3adc34ReadADResultforLowPassfilter3orderEv  adc.o
    0x080177b4   0x00000014   Code   RO          903    i._ZN3adc8startADCEv  adc.o
    0x080177c8   0x00000024   Code   RO          904    i._ZN3adcC1EPtt     adc.o
    0x080177ec   0x00000044   Code   RO          761    i._ZN4OLED12GetCNFontId2EPh  oled_display.o
    0x08017830   0x0000003e   Code   RO          762    i._ZN4OLED12Refresh_GramEv  oled_display.o
    0x0801786e   0x00000038   Code   RO          763    i._ZN4OLED4FillEhhhhh  oled_display.o
    0x080178a6   0x00000002   PAD
    0x080178a8   0x000000c0   Code   RO          764    i._ZN4OLED4InitEv   oled_display.o
    0x08017968   0x00000026   Code   RO          765    i._ZN4OLED5ClearEv  oled_display.o
    0x0801798e   0x00000020   Code   RO          766    i._ZN4OLED7delaymsEh  oled_display.o
    0x080179ae   0x0000000e   Code   RO          767    i._ZN4OLED7initSPIEv  oled_display.o
    0x080179bc   0x00000114   Code   RO          768    i._ZN4OLED8ShowCharEhhhhh  oled_display.o
    0x08017ad0   0x0000007e   Code   RO          771    i._ZN4OLED9DrawPointEhhh  oled_display.o
    0x08017b4e   0x00000002   PAD
    0x08017b50   0x00000104   Code   RO          772    i._ZN4OLED9ShowFont2Ehhth  oled_display.o
    0x08017c54   0x0000001a   Code   RO          774    i._ZN4OLED9clrScreenEv  oled_display.o
    0x08017c6e   0x00000010   Code   RO          775    i._ZN4OLEDC1Ev      oled_display.o
    0x08017c7e   0x00000002   PAD
    0x08017c80   0x00000020   Code   RO         1235    i._ZN4gpio3getEh    gpio.o
    0x08017ca0   0x00000038   Code   RO         1236    i._ZN4gpio3setEhh   gpio.o
    0x08017cd8   0x000001d8   Code   RO         1237    i._ZN4gpio7scankeyEt  gpio.o
    0x08017eb0   0x000000c8   Code   RO         1239    i._ZN4gpioC1Ev      gpio.o
    0x08017f78   0x0000007c   Code   RO         1522    i._ZN5h52c010GetCRCDataEtPhh  h52c0.o
    0x08017ff4   0x0000033e   Code   RO         1523    i._ZN5h52c010portOntickEv  h52c0.o
    0x08018332   0x00000056   Code   RO         1524    i._ZN5h52c011SaveCRCDataEtPhh  h52c0.o
    0x08018388   0x00000044   Code   RO         1525    i._ZN5h52c014GetFlashData16EPht  h52c0.o
    0x080183cc   0x000000c8   Code   RO         1526    i._ZN5h52c014SaveRecordInfoEtPvth  h52c0.o
    0x08018494   0x00000040   Code   RO         1527    i._ZN5h52c014SaveSwitchParaEPvt  h52c0.o
    0x080184d4   0x000003a8   Code   RO         1528    i._ZN5h52c014ad_calibrationEh  h52c0.o
    0x0801887c   0x00000090   Code   RO         1529    i._ZN5h52c015SaveFlashData16EPht  h52c0.o
    0x0801890c   0x00000330   Code   RO         1530    i._ZN5h52c016SaveEnergyOnTickEv  h52c0.o
    0x08018c3c   0x00000050   Code   RO         1531    i._ZN5h52c021SaveACDataToBuckUpRegEhPv  h52c0.o
    0x08018c8c   0x00000050   Code   RO         1532    i._ZN5h52c022GetACDataFromBuckUpRegEhPv  h52c0.o
    0x08018cdc   0x00000094   Code   RO         1533    i._ZN5h52c04InitEv  h52c0.o
    0x08018d70   0x00000010   Code   RO         1534    i._ZN5h52c05clrdoEh  h52c0.o
    0x08018d80   0x00000010   Code   RO         1535    i._ZN5h52c05setdoEh  h52c0.o
    0x08018d90   0x00000398   Code   RO         1536    i._ZN5h52c06GetAdcEv  h52c0.o
    0x08019128   0x00000028   Code   RO         1537    i._ZN5h52c07readI2CEtPht  h52c0.o
    0x08019150   0x000005b4   Code   RO         1538    i._ZN5h52c08InitParaEv  h52c0.o
    0x08019704   0x00000028   Code   RO         1539    i._ZN5h52c08readI2C2EtPht  h52c0.o
    0x0801972c   0x0000003c   Code   RO         1540    i._ZN5h52c08saveParaEPv  h52c0.o
    0x08019768   0x00000028   Code   RO         1541    i._ZN5h52c08writeI2CEtPht  h52c0.o
    0x08019790   0x000000b0   Code   RO         1543    i._ZN5h52c09setIvalueEsh  h52c0.o
    0x08019840   0x00000028   Code   RO         1544    i._ZN5h52c09writeI2C2EtPht  h52c0.o
    0x08019868   0x00000044   Code   RO         1545    i._ZN5h52c0C1Ev     h52c0.o
    0x080198ac   0x00000002   Code   RO         1546    i._ZN5h52c0D1Ev     h52c0.o
    0x080198ae   0x00000028   Code   RO          987    i._ZN6E2PROM10ReadStringEtPht  e2prom.o
    0x080198d6   0x00000028   Code   RO          988    i._ZN6E2PROM11WriteStringEtPht  e2prom.o
    0x080198fe   0x0000007e   Code   RO          989    i._ZN6E2PROM8ReadByteEt  e2prom.o
    0x0801997c   0x0000007e   Code   RO          990    i._ZN6E2PROM9WriteByteEht  e2prom.o
    0x080199fa   0x0000001c   Code   RO         1027    i._ZN6E2PROMC1Eht   e2prom.o
    0x08019a16   0x00000002   PAD
    0x08019a18   0x000004f8   Code   RO         1862    i._ZN6Module16AssignAndGetDataEP9CanRuleLnP8DATABASE  module.o
    0x08019f10   0x0000000e   Code   RO         1863    i._ZN6Module7SetParaEPtPhS1_S1_  module.o
    0x08019f1e   0x00000004   Code   RO         1864    i._ZN6ModuleC1EPh   module.o
    0x08019f22   0x00000002   Code   RO         1865    i._ZN6ModuleD1Ev    module.o
    0x08019f24   0x00000014   Code   RO         1700    i._ZN6Screen11ClearScreenEv  screen.o
    0x08019f38   0x00001980   Code   RO         1701    i._ZN6Screen11DealWithKeyEP4Item  screen.o
    0x0801b8b8   0x00000016   Code   RO         1702    i._ZN6Screen12SetScreenFunEPFhPvE  screen.o
    0x0801b8ce   0x0000013c   Code   RO         1703    i._ZN6Screen3HMIEv  screen.o
    0x0801ba0a   0x00000002   PAD
    0x0801ba0c   0x00000e68   Code   RO         1704    i._ZN6Screen5printEhhhhP4ItemP9CoursCtrl  screen.o
    0x0801c874   0x000000c2   Code   RO         1705    i._ZN6Screen5reSetEP4Itemh  screen.o
    0x0801c936   0x00000004   Code   RO         1706    i._ZN6Screen6SetKeyEP8KeyStats  screen.o
    0x0801c93a   0x00000002   PAD
    0x0801c93c   0x00000108   Code   RO         1707    i._ZN6Screen6printDEPhS0_S0_Pvhhhh  screen.o
    0x0801ca44   0x00000004   Code   RO         1708    i._ZN6Screen7SetOledEP4OLED  screen.o
    0x0801ca48   0x00000014   Code   RO         1709    i._ZN6Screen9FreshGramEv  screen.o
    0x0801ca5c   0x00000050   Code   RO         1710    i._ZN6ScreenC1EPP4ItemS2_  screen.o
    0x0801caac   0x00000002   Code   RO         1711    i._ZN6ScreenD1Ev    screen.o
    0x0801caae   0x00000048   Code   RO          343    i._ZN7CanPort11onRecvFrameEhP6CanBuf  can.o
    0x0801caf6   0x00000002   PAD
    0x0801caf8   0x00000078   Code   RO          344    i._ZN7CanPort14SendCanMessageEP6CanBuf  can.o
    0x0801cb70   0x00000082   Code   RO          345    i._ZN7CanPort14WriteToRecvBufEP26can_receive_message_structh  can.o
    0x0801cbf2   0x00000002   PAD
    0x0801cbf4   0x0000019c   Code   RO          346    i._ZN7CanPort23SetCanFilterAndFIFO1bufEP5QueueI6CanBufE  can.o
    0x0801cd90   0x00000060   Code   RO          347    i._ZN7CanPort7rIRQpfnERS_h  can.o
    0x0801cdf0   0x0000003c   Code   RO          348    i._ZN7CanPort7sIRQpfnERS_  can.o
    0x0801ce2c   0x0000005c   Code   RO          349    i._ZN7CanPort8SendDataEP6CanBuf  can.o
    0x0801ce88   0x00000028   Code   RO          350    i._ZN7CanPortC1EhtP5QueueI6CanBufES3_  can.o
    0x0801ceb0   0x0000034c   Code   RO         1048    i._ZN7Monitor13MonitorOnTickEPv  monitor.o
    0x0801d1fc   0x00000354   Code   RO         1049    i._ZN7Monitor16ChargeConversionEv  monitor.o
    0x0801d550   0x000002dc   Code   RO         1050    i._ZN7Monitor16LiDiangShiftModeEPv  monitor.o
    0x0801d82c   0x000000b4   Code   RO         1051    i._ZN7Monitor18getBattDischageSOCEj  monitor.o
    0x0801d8e0   0x000000ac   Code   RO         1052    i._ZN7Monitor29ChargeConversionAndSleepOnSecEv  monitor.o
    0x0801d98c   0x0000006c   Code   RO         1053    i._ZN7Monitor4InitEv  monitor.o
    0x0801d9f8   0x000008dc   Code   RO         1054    i._ZN7Monitor5SleepEPv  monitor.o
    0x0801e2d4   0x00000434   Code   RO         1055    i._ZN7Monitor6LimitIEPv  monitor.o
    0x0801e708   0x000001dc   Code   RO         1057    i._ZN7Monitor8SetVParaEPv  monitor.o
    0x0801e8e4   0x00000002   Code   RO         1058    i._ZN7MonitorC1Ev   monitor.o
    0x0801e8e6   0x00000002   Code   RO         1059    i._ZN7MonitorD1Ev   monitor.o
    0x0801e8e8   0x00000554   Code   RO         6397    i._ZN7PowrCan12DuleWiteDataEP6CanBuf  powercan.o
    0x0801ee3c   0x00000074   Code   RO         6398    i._ZN7PowrCan13AccUserEnergyEv  powercan.o
    0x0801eeb0   0x0000061c   Code   RO         6399    i._ZN7PowrCan14CanPowerOnTickEP6CanBufPv  powercan.o
    0x0801f4cc   0x00000178   Code   RO         6400    i._ZN7PowrCan14UpDataACEnergyEv  powercan.o
    0x0801f644   0x000000f8   Code   RO         6401    i._ZN7PowrCan16UpDataUserEnergyEv  powercan.o
    0x0801f73c   0x00000024   Code   RO         6402    i._ZN7PowrCan9OnMinTickEv  powercan.o
    0x0801f760   0x00000060   Code   RO         6804    i._ZN8CYDT136310AsciitoHexEPhS0_  cydt1363.o
    0x0801f7c0   0x00000072   Code   RO         6805    i._ZN8CYDT136310GetdatalenEPtPh  cydt1363.o
    0x0801f832   0x00000032   Code   RO         6806    i._ZN8CYDT136310HextoAsciiEPhh  cydt1363.o
    0x0801f864   0x0000006c   Code   RO         6807    i._ZN8CYDT136310SetDataLenEt  cydt1363.o
    0x0801f8d0   0x00000044   Code   RO         6808    i._ZN8CYDT136310SetVersionEh  cydt1363.o
    0x0801f914   0x000000b4   Code   RO         6809    i._ZN8CYDT136311Get1363DataEPh  cydt1363.o
    0x0801f9c8   0x00000080   Code   RO         6810    i._ZN8CYDT136312AsciitoHex16EPtPh  cydt1363.o
    0x0801fa48   0x000000c2   Code   RO         6811    i._ZN8CYDT136313AsciitoHex32LEPjPh  cydt1363.o
    0x0801fb0a   0x00000002   PAD
    0x0801fb0c   0x000000a8   Code   RO         6812    i._ZN8CYDT136313Set1363PacketEv  cydt1363.o
    0x0801fbb4   0x00000018   Code   RO         6813    i._ZN8CYDT136314ReturnVailDataEh  cydt1363.o
    0x0801fbcc   0x00000038   Code   RO         6814    i._ZN8CYDT136314SetOneByteDataEhh  cydt1363.o
    0x0801fc04   0x00000020   Code   RO         6815    i._ZN8CYDT136315SetFourByteDataEfh  cydt1363.o
    0x0801fc24   0x00000020   Code   RO         6816    i._ZN8CYDT136315SetTowByeteDataEth  cydt1363.o
    0x0801fc44   0x00000454   Code   RO         6817    i._ZN8CYDT136316DuleWith1363DataEv  cydt1363.o
    0x08020098   0x0000002e   Code   RO         6819    i._ZN8CYDT136317AsciitoHexOneByteEPhS0_  cydt1363.o
    0x080200c6   0x00000024   Code   RO         6820    i._ZN8CYDT136318SetFourByteU32DataEjh  cydt1363.o
    0x080200ea   0x0000004e   Code   RO         6821    i._ZN8CYDT136322SetOneByteSwitchStatusEhjh  cydt1363.o
    0x08020138   0x00000016   Code   RO         6822    i._ZN8CYDT13634InitEPh  cydt1363.o
    0x0802014e   0x00000002   PAD
    0x08020150   0x0000018c   Code   RO         6823    i._ZN8CYDT13637set4041Ev  cydt1363.o
    0x080202dc   0x00000084   Code   RO         6824    i._ZN8CYDT13637set4043Ev  cydt1363.o
    0x08020360   0x00000114   Code   RO         6825    i._ZN8CYDT13637set4044Ev  cydt1363.o
    0x08020474   0x000000d8   Code   RO         6826    i._ZN8CYDT13637set4046Ev  cydt1363.o
    0x0802054c   0x00000118   Code   RO         6827    i._ZN8CYDT13637set4048Ev  cydt1363.o
    0x08020664   0x00000110   Code   RO         6828    i._ZN8CYDT13637set4141Ev  cydt1363.o
    0x08020774   0x000000f0   Code   RO         6829    i._ZN8CYDT13637set4143Ev  cydt1363.o
    0x08020864   0x000000e8   Code   RO         6830    i._ZN8CYDT13637set4144Ev  cydt1363.o
    0x0802094c   0x000001c4   Code   RO         6831    i._ZN8CYDT13637set4145Ev  cydt1363.o
    0x08020b10   0x00000394   Code   RO         6832    i._ZN8CYDT13637set4241Ev  cydt1363.o
    0x08020ea4   0x00000110   Code   RO         6833    i._ZN8CYDT13637set4244Ev  cydt1363.o
    0x08020fb4   0x000003f4   Code   RO         6834    i._ZN8CYDT13637set4246Ev  cydt1363.o
    0x080213a8   0x00000778   Code   RO         6835    i._ZN8CYDT13637set4248Ev  cydt1363.o
    0x08021b20   0x00000090   Code   RO         6836    i._ZN8CYDT13637set4280Ev  cydt1363.o
    0x08021bb0   0x0000024c   Code   RO         6837    i._ZN8CYDT13637set42A7Ev  cydt1363.o
    0x08021dfc   0x00000118   Code   RO         6838    i._ZN8CYDT13637set42A8Ev  cydt1363.o
    0x08021f14   0x000000d0   Code   RO         6839    i._ZN8CYDT13637set42A9Ev  cydt1363.o
    0x08021fe4   0x00000430   Code   RO         6840    i._ZN8CYDT13637set42AAEv  cydt1363.o
    0x08022414   0x00000134   Code   RO         6841    i._ZN8CYDT13637set42ABEv  cydt1363.o
    0x08022548   0x00000044   Code   RO         6842    i._ZN8CYDT13637set42AEEv  cydt1363.o
    0x0802258c   0x000000b4   Code   RO         6843    i._ZN8CYDT13637set42AFEv  cydt1363.o
    0x08022640   0x00000134   Code   RO         6844    i._ZN8CYDT13637set4341Ev  cydt1363.o
    0x08022774   0x000000bc   Code   RO         6845    i._ZN8CYDT13637set4343Ev  cydt1363.o
    0x08022830   0x000000c4   Code   RO         6846    i._ZN8CYDT13637set4344Ev  cydt1363.o
    0x080228f4   0x00000150   Code   RO         6847    i._ZN8CYDT13637set4345Ev  cydt1363.o
    0x08022a44   0x00000390   Code   RO         6848    i._ZN8CYDT13637set4A41Ev  cydt1363.o
    0x08022dd4   0x000000d4   Code   RO         6849    i._ZN8CYDT13637set4A43Ev  cydt1363.o
    0x08022ea8   0x000003f4   Code   RO         6850    i._ZN8CYDT13637set4A44Ev  cydt1363.o
    0x0802329c   0x00000130   Code   RO         6851    i._ZN8CYDT13637set4A46Ev  cydt1363.o
    0x080233cc   0x0000012c   Code   RO         6852    i._ZN8CYDT13637set4A48Ev  cydt1363.o
    0x080234f8   0x00000150   Code   RO         6853    i._ZN8CYDT13637setE141Ev  cydt1363.o
    0x08023648   0x00000048   Code   RO         6854    i._ZN8CYDT13637setE144Ev  cydt1363.o
    0x08023690   0x00000056   Code   RO         6855    i._ZN8CYDT13637setE1A0Ev  cydt1363.o
    0x080236e6   0x00000002   PAD
    0x080236e8   0x00000090   Code   RO         6856    i._ZN8CYDT13637setE1A1Ev  cydt1363.o
    0x08023778   0x00000144   Code   RO         6857    i._ZN8CYDT13637setE241Ev  cydt1363.o
    0x080238bc   0x000000f0   Code   RO         6858    i._ZN8CYDT13637setE244Ev  cydt1363.o
    0x080239ac   0x00000190   Code   RO         6859    i._ZN8CYDT13637setE246Ev  cydt1363.o
    0x08023b3c   0x00000160   Code   RO         6860    i._ZN8CYDT13637setE248Ev  cydt1363.o
    0x08023c9c   0x000001c8   Code   RO         6861    i._ZN8CYDT13637setE2A3Ev  cydt1363.o
    0x08023e64   0x000001e8   Code   RO         6862    i._ZN8CYDT13637setE2A4Ev  cydt1363.o
    0x0802404c   0x00000444   Code   RO         6863    i._ZN8CYDT13637setE2A5Ev  cydt1363.o
    0x08024490   0x00000a14   Code   RO         6864    i._ZN8CYDT13637setE2A6Ev  cydt1363.o
    0x08024ea4   0x0000023c   Code   RO         6865    i._ZN8CYDT13637setE2ACEv  cydt1363.o
    0x080250e0   0x00000550   Code   RO         6866    i._ZN8CYDT13637setE2ADEv  cydt1363.o
    0x08025630   0x00000140   Code   RO         6867    i._ZN8CYDT13637setE541Ev  cydt1363.o
    0x08025770   0x000000d0   Code   RO         6868    i._ZN8CYDT13637setE543Ev  cydt1363.o
    0x08025840   0x000001c8   Code   RO         6869    i._ZN8CYDT13637setE544Ev  cydt1363.o
    0x08025a08   0x00000108   Code   RO         6870    i._ZN8CYDT13637setE546Ev  cydt1363.o
    0x08025b10   0x00000124   Code   RO         6871    i._ZN8CYDT13637setE548Ev  cydt1363.o
    0x08025c34   0x00000088   Code   RO         6872    i._ZN8CYDT13637setE646Ev  cydt1363.o
    0x08025cbc   0x000000a4   Code   RO         6873    i._ZN8CYDT13637setE648Ev  cydt1363.o
    0x08025d60   0x00000080   Code   RO         6874    i._ZN8CYDT13638setXX4DFEv  cydt1363.o
    0x08025de0   0x00000164   Code   RO         6875    i._ZN8CYDT13638setXX4EFEv  cydt1363.o
    0x08025f44   0x000000f4   Code   RO         6876    i._ZN8CYDT13638setXX51FEv  cydt1363.o
    0x08026038   0x00000144   Code   RO         6877    i._ZN8CYDT13638setXXD4FEv  cydt1363.o
    0x0802617c   0x00000158   Code   RO         6878    i._ZN8CYDT13638setXXD8FEv  cydt1363.o
    0x080262d4   0x000000f8   Code   RO         6879    i._ZN8CYDT13638setXXDDFEv  cydt1363.o
    0x080263cc   0x00000002   Code   RO         6880    i._ZN8CYDT1363C1Ev  cydt1363.o
    0x080263ce   0x00000002   Code   RO         6881    i._ZN8CYDT1363D1Ev  cydt1363.o
    0x080263d0   0x0000001c   Code   RO         1289    i._ZN8DATABASE11GetDataAddrEh  database.o
    0x080263ec   0x00000006   Code   RO         1290    i._ZN8DATABASE4InitEhh  database.o
    0x080263f2   0x00000122   Code   RO         1291    i._ZN8DATABASE6AppendEh  database.o
    0x08026514   0x00000154   Code   RO         6497    i._ZN9CanRuleLn10ModudleTP2EP6CanBufh  canruleln.o
    0x08026668   0x0000014c   Code   RO         6498    i._ZN9CanRuleLn10ModudleTP3EP6CanBufh  canruleln.o
    0x080267b4   0x00000038   Code   RO         6499    i._ZN9CanRuleLn11ApplySNListEv  canruleln.o
    0x080267ec   0x00000040   Code   RO         6500    i._ZN9CanRuleLn11DeletSNListEP10_LeiNengSN  canruleln.o
    0x0802682c   0x00000c9c   Code   RO         6501    i._ZN9CanRuleLn12DuleWithDataEP6CanBufP8DATABASE  canruleln.o
    0x080274c8   0x00000014   Code   RO         6502    i._ZN9CanRuleLn14SetModuleOnOffEhh  canruleln.o
    0x080274dc   0x00000190   Code   RO         6503    i._ZN9CanRuleLn16PollingModuleCmdEP6CanBuf  canruleln.o
    0x0802766c   0x000000ec   Code   RO         6504    i._ZN9CanRuleLn18ModuleOnLineDetectEP8DATABASE  canruleln.o
    0x08027758   0x000000fa   Code   RO         6507    i._ZN9CanRuleLn7SendCmdEP6CanBufP8DATABASE  canruleln.o
    0x08027852   0x00000002   PAD
    0x08027854   0x00000240   Code   RO         6508    i._ZN9CanRuleLn9ModudleTPEP6CanBufh  canruleln.o
    0x08027a94   0x000000e2   Code   RO         6509    i._ZN9CanRuleLnC1Ev  canruleln.o
    0x08027b76   0x0000001e   Code   RO         6510    i._ZN9CanRuleLnD1Ev  canruleln.o
    0x08027b94   0x0000001c   Code   RO          551    i._ZN9UsartPort10EnableRecvEv  usart.o
    0x08027bb0   0x0000003c   Code   RO          552    i._ZN9UsartPort10SendDataExEPht  usart.o
    0x08027bec   0x0000001c   Code   RO          553    i._ZN9UsartPort11DisableRecvEv  usart.o
    0x08027c08   0x000001d4   Code   RO          554    i._ZN9UsartPort11onRecvFrameEPFPvS0_S0_E  usart.o
    0x08027ddc   0x000000ae   Code   RO          555    i._ZN9UsartPort12onRecvCommonEPFPvS0_S0_E  usart.o
    0x08027e8a   0x00000054   Code   RO          556    i._ZN9UsartPort15onRecvModulebusEPFPvS0_S0_E  usart.o
    0x08027ede   0x00000002   PAD
    0x08027ee0   0x0000014c   Code   RO          557    i._ZN9UsartPort6IRQpfnERS_  usart.o
    0x0802802c   0x0000003e   Code   RO          558    i._ZN9UsartPort8CRCcheckEPhh  usart.o
    0x0802806a   0x00000002   PAD
    0x0802806c   0x00000054   Code   RO          559    i._ZN9UsartPort8SendDataEPht  usart.o
    0x080280c0   0x0000003c   Code   RO          560    i._ZN9UsartPortC1EhtP5QueueIhES2_  usart.o
    0x080280fc   0x00000008   Code   RO         7403    i._ZdaPv            cpprt_w.l(array_del.o)
    0x08028104   0x00000008   Code   RO         7406    i._ZdlPv            cpprt_w.l(delete.o)
    0x0802810c   0x00000028   Code   RO         7914    i.__ARM_fpclassify  m_ws.l(fpclassify.o)
    0x08028134   0x00000032   Code   RO         7515    i.__aeabi_atexit    cpprt_w.l(aeabi_atexit.o)
    0x08028166   0x00000042   Code   RO         7744    i.__cxa_finalize    cpprt_w.l(cxa_finalize.o)
    0x080281a8   0x000000aa   Code   RO         7791    i.__kernel_poly     m_ws.l(poly.o)
    0x08028252   0x00000002   PAD
    0x08028254   0x00000010   Code   RO         7777    i.__mathlib_dbl_divzero  m_ws.l(dunder.o)
    0x08028264   0x00000006   Code   RO         7778    i.__mathlib_dbl_infnan  m_ws.l(dunder.o)
    0x0802826a   0x0000000c   Code   RO         7780    i.__mathlib_dbl_invalid  m_ws.l(dunder.o)
    0x08028276   0x00000002   PAD
    0x08028278   0x00000020   Code   RO          991    i.__sti___10_E2PROM_cpp_gEprom  e2prom.o
    0x08028298   0x0000002c   Code   RO         1712    i.__sti___10_Screen_cpp_7b7f2f66  screen.o
    0x080282c4   0x00000028   Code   RO         1866    i.__sti___10_module_cpp_df9c3874  module.o
    0x080282ec   0x00000020   Code   RO         2378    i.__sti___11_battery_cpp_gbattCap  battery.o
    0x0802830c   0x00000020   Code   RO         1060    i.__sti___11_monitor_cpp_21fc56ba  monitor.o
    0x0802832c   0x00000020   Code   RO         6882    i.__sti___12_cydt1363_cpp_com1363  cydt1363.o
    0x0802834c   0x00000020   Code   RO         6511    i.__sti___13_canruleln_cpp_83ccb631  canruleln.o
    0x0802836c   0x00000014   Code   RO         2996    i.__sti___16_brainbattery_cpp_82133c81  brainbattery.o
    0x08028380   0x00000030   Code   RO          776    i.__sti___16_oled_display_cpp_FONT_LEN  oled_display.o
    0x080283b0   0x000000a4   Code   RO          351    i.__sti___7_CAN_cpp_7264de47  can.o
    0x08028454   0x00000018   Code   RO          905    i.__sti___7_adc_cpp_gadc  adc.o
    0x0802846c   0x00000010   Code   RO         1240    i.__sti___8_gpio_cpp_ee1adfa5  gpio.o
    0x0802847c   0x000000d8   Code   RO          561    i.__sti___9_USART_cpp_com4rbuf  usart.o
    0x08028554   0x00000020   Code   RO         1547    i.__sti___9_h52c0_cpp_psysPara  h52c0.o
    0x08028574   0x0000000e   Code   RO         7349    i._is_digit         c_w.l(__printf_wp.o)
    0x08028582   0x00000046   Code   RO         4331    i.adc_channel_length_config  gd32f10x_adc.o
    0x080285c8   0x000000b8   Code   RO          906    i.adc_config        adc.o
    0x08028680   0x00000016   Code   RO         4332    i.adc_data_alignment_config  gd32f10x_adc.o
    0x08028696   0x00000002   PAD
    0x08028698   0x00000040   Code   RO         4333    i.adc_deinit        gd32f10x_adc.o
    0x080286d8   0x0000000a   Code   RO         4337    i.adc_dma_mode_enable  gd32f10x_adc.o
    0x080286e2   0x00000012   Code   RO         4338    i.adc_enable        gd32f10x_adc.o
    0x080286f4   0x0000003e   Code   RO         4339    i.adc_external_trigger_config  gd32f10x_adc.o
    0x08028732   0x00000030   Code   RO         4340    i.adc_external_trigger_source_config  gd32f10x_adc.o
    0x08028762   0x00000002   PAD
    0x08028764   0x00000064   Code   RO          907    i.adc_gpio_config   adc.o
    0x080287c8   0x0000001c   Code   RO         4351    i.adc_mode_config   gd32f10x_adc.o
    0x080287e4   0x000000ac   Code   RO         4352    i.adc_regular_channel_config  gd32f10x_adc.o
    0x08028890   0x0000001e   Code   RO         4355    i.adc_software_trigger_enable  gd32f10x_adc.o
    0x080288ae   0x0000005a   Code   RO         4356    i.adc_special_function_config  gd32f10x_adc.o
    0x08028908   0x00000038   Code   RO         4833    i.bkp_data_read     gd32f10x_bkp.o
    0x08028940   0x00000034   Code   RO         4834    i.bkp_data_write    gd32f10x_bkp.o
    0x08028974   0x0000000c   Code   RO         4835    i.bkp_deinit        gd32f10x_bkp.o
    0x08028980   0x000000c0   Code   RO          352    i.can_config        can.o
    0x08028a40   0x00000020   Code   RO         3579    i.can_deinit        gd32f10x_can.o
    0x08028a60   0x00000110   Code   RO         3582    i.can_filter_init   gd32f10x_can.o
    0x08028b70   0x00000060   Code   RO          353    i.can_gpio_config   can.o
    0x08028bd0   0x00000122   Code   RO         3585    i.can_init          gd32f10x_can.o
    0x08028cf2   0x00000008   Code   RO         3586    i.can_interrupt_disable  gd32f10x_can.o
    0x08028cfa   0x00000008   Code   RO         3587    i.can_interrupt_enable  gd32f10x_can.o
    0x08028d02   0x000000e4   Code   RO         3590    i.can_message_receive  gd32f10x_can.o
    0x08028de6   0x00000002   PAD
    0x08028de8   0x00000150   Code   RO         3591    i.can_message_transmit  gd32f10x_can.o
    0x08028f38   0x0000009e   Code   RO         3594    i.can_struct_para_init  gd32f10x_can.o
    0x08028fd6   0x00000002   PAD
    0x08028fd8   0x00000010   Code   RO         3750    i.dbg_periph_enable  gd32f10x_dbg.o
    0x08028fe8   0x00000032   Code   RO         4549    i.dma_channel_enable  gd32f10x_dma.o
    0x0802901a   0x00000032   Code   RO         4551    i.dma_circulation_enable  gd32f10x_dma.o
    0x0802904c   0x00000060   Code   RO          908    i.dma_config        adc.o
    0x080290ac   0x00000070   Code   RO         4552    i.dma_deinit        gd32f10x_dma.o
    0x0802911c   0x0000012e   Code   RO         4555    i.dma_init          gd32f10x_dma.o
    0x0802924a   0x00000002   PAD
    0x0802924c   0x00000018   Code   RO         4567    i.dma_periph_and_channel_check  gd32f10x_dma.o
    0x08029264   0x00000022   Code   RO         5044    i.fmc_bank0_ready_wait  gd32f10x_fmc.o
    0x08029286   0x00000002   PAD
    0x08029288   0x00000030   Code   RO         5045    i.fmc_bank0_state_get  gd32f10x_fmc.o
    0x080292b8   0x00000022   Code   RO         5049    i.fmc_bank1_ready_wait  gd32f10x_fmc.o
    0x080292da   0x00000002   PAD
    0x080292dc   0x00000030   Code   RO         5050    i.fmc_bank1_state_get  gd32f10x_fmc.o
    0x0802930c   0x000000c0   Code   RO         5054    i.fmc_halfword_program  gd32f10x_fmc.o
    0x080293cc   0x0000002c   Code   RO         5059    i.fmc_lock          gd32f10x_fmc.o
    0x080293f8   0x000000ec   Code   RO         5061    i.fmc_page_erase    gd32f10x_fmc.o
    0x080294e4   0x00000044   Code   RO         5062    i.fmc_unlock        gd32f10x_fmc.o
    0x08029528   0x000000c0   Code   RO         5063    i.fmc_word_program  gd32f10x_fmc.o
    0x080295e8   0x00000068   Code   RO         5260    i.fwdgt_config      gd32f10x_fwdgt.o
    0x08029650   0x00000010   Code   RO         5261    i.fwdgt_counter_reload  gd32f10x_fwdgt.o
    0x08029660   0x00000010   Code   RO         5262    i.fwdgt_enable      gd32f10x_fwdgt.o
    0x08029670   0x00000004   Code   RO         3455    i.gpio_bit_reset    gd32f10x_gpio.o
    0x08029674   0x00000004   Code   RO         3456    i.gpio_bit_set      gd32f10x_gpio.o
    0x08029678   0x000000ac   Code   RO         3464    i.gpio_init         gd32f10x_gpio.o
    0x08029724   0x00000010   Code   RO         3465    i.gpio_input_bit_get  gd32f10x_gpio.o
    0x08029734   0x00000090   Code   RO         3470    i.gpio_pin_remap_config  gd32f10x_gpio.o
    0x080297c4   0x0000035c   Code   RO         7587    i.log               m_ws.l(log.o)
    0x08029b20   0x000000e8   Code   RO            5    i.main              main.o
    0x08029c08   0x00000048   Code   RO          354    i.nvic_config       can.o
    0x08029c50   0x000000ac   Code   RO         3809    i.nvic_irq_enable   gd32f10x_misc.o
    0x08029cfc   0x00000014   Code   RO         3810    i.nvic_priority_group_set  gd32f10x_misc.o
    0x08029d10   0x00000014   Code   RO         4956    i.pmu_backup_write_enable  gd32f10x_pmu.o
    0x08029d24   0x00000054   Code   RO         5831    i.prvAddCurrentTaskToDelayedList  tasks.o
    0x08029d78   0x00000042   Code   RO         5832    i.prvAllocateTCBAndStack  tasks.o
    0x08029dba   0x00000002   PAD
    0x08029dbc   0x00000064   Code   RO         5833    i.prvCheckTasksWaitingTermination  tasks.o
    0x08029e20   0x00000012   Code   RO         5834    i.prvDeleteTCB      tasks.o
    0x08029e32   0x00000002   PAD
    0x08029e34   0x0000007c   Code   RO         6340    i.prvHeapInit       heap_4.o
    0x08029eb0   0x00000018   Code   RO         5835    i.prvIdleTask       tasks.o
    0x08029ec8   0x0000005c   Code   RO         5836    i.prvInitialiseTCBVariables  tasks.o
    0x08029f24   0x00000068   Code   RO         5837    i.prvInitialiseTaskLists  tasks.o
    0x08029f8c   0x00000068   Code   RO         6341    i.prvInsertBlockIntoFreeList  heap_4.o
    0x08029ff4   0x00000034   Code   RO         5839    i.prvResetNextTaskUnblockTime  tasks.o
    0x0802a028   0x00000008   Code   RO         6276    i.prvTaskExitError  port.o
    0x0802a030   0x000000d0   Code   RO         6342    i.pvPortMalloc      heap_4.o
    0x0802a100   0x00000020   Code   RO         6277    i.pxPortInitialiseStack  port.o
    0x0802a120   0x00000048   Code   RO         3191    i.rcu_adc_clock_config  gd32f10x_rcu.o
    0x0802a168   0x00000014   Code   RO         3196    i.rcu_bkp_reset_disable  gd32f10x_rcu.o
    0x0802a17c   0x00000014   Code   RO         3197    i.rcu_bkp_reset_enable  gd32f10x_rcu.o
    0x0802a190   0x00000170   Code   RO         3199    i.rcu_clock_freq_get  gd32f10x_rcu.o
    0x0802a300   0x00000024   Code   RO         3202    i.rcu_flag_get      gd32f10x_rcu.o
    0x0802a324   0x00000020   Code   RO         3215    i.rcu_osci_on       gd32f10x_rcu.o
    0x0802a344   0x0000012c   Code   RO         3216    i.rcu_osci_stab_wait  gd32f10x_rcu.o
    0x0802a470   0x00000020   Code   RO         3218    i.rcu_periph_clock_enable  gd32f10x_rcu.o
    0x0802a490   0x00000020   Code   RO         3221    i.rcu_periph_reset_disable  gd32f10x_rcu.o
    0x0802a4b0   0x00000020   Code   RO         3222    i.rcu_periph_reset_enable  gd32f10x_rcu.o
    0x0802a4d0   0x00000018   Code   RO         3228    i.rcu_rtc_clock_config  gd32f10x_rcu.o
    0x0802a4e8   0x00000014   Code   RO         4730    i.rtc_configuration_mode_enter  gd32f10x_rtc.o
    0x0802a4fc   0x00000014   Code   RO         4731    i.rtc_configuration_mode_exit  gd32f10x_rtc.o
    0x0802a510   0x00000014   Code   RO         4732    i.rtc_counter_get   gd32f10x_rtc.o
    0x0802a524   0x00000020   Code   RO         4733    i.rtc_counter_set   gd32f10x_rtc.o
    0x0802a544   0x00000010   Code   RO         4738    i.rtc_interrupt_enable  gd32f10x_rtc.o
    0x0802a554   0x00000014   Code   RO         4741    i.rtc_lwoff_wait    gd32f10x_rtc.o
    0x0802a568   0x00000020   Code   RO         4742    i.rtc_prescaler_set  gd32f10x_rtc.o
    0x0802a588   0x00000020   Code   RO         4743    i.rtc_register_sync_wait  gd32f10x_rtc.o
    0x0802a5a8   0x00000048   Code   RO          777    i.spi_config        oled_display.o
    0x0802a5f0   0x0000000a   Code   RO         4148    i.spi_disable       gd32f10x_spi.o
    0x0802a5fa   0x0000000a   Code   RO         4151    i.spi_enable        gd32f10x_spi.o
    0x0802a604   0x00000038   Code   RO          778    i.spi_gpio_config   oled_display.o
    0x0802a63c   0x00000004   Code   RO         4154    i.spi_i2s_data_transmit  gd32f10x_spi.o
    0x0802a640   0x00000058   Code   RO         4155    i.spi_i2s_deinit    gd32f10x_spi.o
    0x0802a698   0x00000010   Code   RO         4156    i.spi_i2s_flag_get  gd32f10x_spi.o
    0x0802a6a8   0x00000032   Code   RO         4160    i.spi_init          gd32f10x_spi.o
    0x0802a6da   0x00000010   Code   RO         4165    i.spi_struct_para_init  gd32f10x_spi.o
    0x0802a6ea   0x00000002   PAD
    0x0802a6ec   0x000000e8   Code   RO         5740    i.system_clock_72m_hxtal  system_gd32f10x.o
    0x0802a7d4   0x00000008   Code   RO         5741    i.system_clock_config  system_gd32f10x.o
    0x0802a7dc   0x000000dc   Code   RO         5341    i.timer_deinit      gd32f10x_timer.o
    0x0802a8b8   0x0000000a   Code   RO         5346    i.timer_enable      gd32f10x_timer.o
    0x0802a8c2   0x00000002   PAD
    0x0802a8c4   0x000000e0   Code   RO         5356    i.timer_init        gd32f10x_timer.o
    0x0802a9a4   0x00000008   Code   RO         5363    i.timer_interrupt_enable  gd32f10x_timer.o
    0x0802a9ac   0x00000006   Code   RO         5364    i.timer_interrupt_flag_clear  gd32f10x_timer.o
    0x0802a9b2   0x00000018   Code   RO         5365    i.timer_interrupt_flag_get  gd32f10x_timer.o
    0x0802a9ca   0x00000016   Code   RO         5375    i.timer_struct_para_init  gd32f10x_timer.o
    0x0802a9e0   0x00000090   Code   RO         3865    i.usart_baudrate_set  gd32f10x_usart.o
    0x0802aa70   0x00000080   Code   RO          562    i.usart_config      usart.o
    0x0802aaf0   0x0000000a   Code   RO         3866    i.usart_data_receive  gd32f10x_usart.o
    0x0802aafa   0x00000008   Code   RO         3867    i.usart_data_transmit  gd32f10x_usart.o
    0x0802ab02   0x00000002   PAD
    0x0802ab04   0x00000090   Code   RO         3868    i.usart_deinit      gd32f10x_usart.o
    0x0802ab94   0x0000000a   Code   RO         3872    i.usart_enable      gd32f10x_usart.o
    0x0802ab9e   0x0000001e   Code   RO         3874    i.usart_flag_get    gd32f10x_usart.o
    0x0802abbc   0x000000a4   Code   RO          563    i.usart_gpio_config  usart.o
    0x0802ac60   0x00000010   Code   RO         3878    i.usart_hardware_flow_cts_config  gd32f10x_usart.o
    0x0802ac70   0x00000010   Code   RO         3879    i.usart_hardware_flow_rts_config  gd32f10x_usart.o
    0x0802ac80   0x0000001a   Code   RO         3880    i.usart_interrupt_disable  gd32f10x_usart.o
    0x0802ac9a   0x0000001a   Code   RO         3881    i.usart_interrupt_enable  gd32f10x_usart.o
    0x0802acb4   0x0000001a   Code   RO         3882    i.usart_interrupt_flag_clear  gd32f10x_usart.o
    0x0802acce   0x00000038   Code   RO         3883    i.usart_interrupt_flag_get  gd32f10x_usart.o
    0x0802ad06   0x00000002   PAD
    0x0802ad08   0x00000028   Code   RO          564    i.usart_nvic_config  usart.o
    0x0802ad30   0x00000010   Code   RO         3893    i.usart_parity_config  gd32f10x_usart.o
    0x0802ad40   0x00000010   Code   RO         3895    i.usart_receive_config  gd32f10x_usart.o
    0x0802ad50   0x00000010   Code   RO         3901    i.usart_stop_bit_set  gd32f10x_usart.o
    0x0802ad60   0x00000010   Code   RO         3905    i.usart_transmit_config  gd32f10x_usart.o
    0x0802ad70   0x00000010   Code   RO         3906    i.usart_word_length_set  gd32f10x_usart.o
    0x0802ad80   0x00000028   Code   RO         5786    i.uxListRemove      list.o
    0x0802ada8   0x0000001a   Code   RO         5787    i.vListInitialise   list.o
    0x0802adc2   0x00000006   Code   RO         5788    i.vListInitialiseItem  list.o
    0x0802adc8   0x00000034   Code   RO         5789    i.vListInsert       list.o
    0x0802adfc   0x00000018   Code   RO         5790    i.vListInsertEnd    list.o
    0x0802ae14   0x00000020   Code   RO         6279    i.vPortEnterCritical  port.o
    0x0802ae34   0x00000020   Code   RO         6280    i.vPortExitCritical  port.o
    0x0802ae54   0x00000048   Code   RO         6343    i.vPortFree         heap_4.o
    0x0802ae9c   0x00000014   Code   RO         6281    i.vPortSetupTimerInterrupt  port.o
    0x0802aeb0   0x00000018   Code   RO         6282    i.vPortYield        port.o
    0x0802aec8   0x00000054   Code   RO         5850    i.vTaskDelay        tasks.o
    0x0802af1c   0x00000054   Code   RO         5863    i.vTaskStartScheduler  tasks.o
    0x0802af70   0x00000010   Code   RO         5865    i.vTaskSuspendAll   tasks.o
    0x0802af80   0x00000060   Code   RO         5866    i.vTaskSwitchContext  tasks.o
    0x0802afe0   0x00000034   Code   RO         6283    i.xPortStartScheduler  port.o
    0x0802b014   0x00000020   Code   RO         6284    i.xPortSysTickHandler  port.o
    0x0802b034   0x00000100   Code   RO         5868    i.xTaskGenericCreate  tasks.o
    0x0802b134   0x0000000c   Code   RO         5871    i.xTaskGetTickCount  tasks.o
    0x0802b140   0x00000120   Code   RO         5873    i.xTaskIncrementTick  tasks.o
    0x0802b260   0x000000dc   Code   RO         5877    i.xTaskResumeAll    tasks.o
    0x0802b33c   0x0000002c   Code   RO         7885    locale$$code        c_w.l(lc_numeric_c.o)
    0x0802b368   0x00000024   Code   RO          492    t._ZN5QueueI6CanBufE3popEv  can.o
    0x0802b38c   0x0000000c   Code   RO          498    t._ZN5QueueI6CanBufE3topEv  can.o
    0x0802b398   0x00000034   Code   RO          480    t._ZN5QueueI6CanBufE4pushERKS0_  can.o
    0x0802b3cc   0x00000014   Code   RO          510    t._ZN5QueueI6CanBufE7destoryEv  can.o
    0x0802b3e0   0x00000030   Code   RO          504    t._ZN5QueueI6CanBufEC1Et  can.o
    0x0802b410   0x00000018   Code   RO          516    t._ZN5QueueI6CanBufED1Ev  can.o
    0x0802b428   0x00000024   Code   RO          682    t._ZN5QueueIhE3popEv  usart.o
    0x0802b44c   0x0000000a   Code   RO          688    t._ZN5QueueIhE3topEv  usart.o
    0x0802b456   0x0000002e   Code   RO          700    t._ZN5QueueIhE4pushERKh  usart.o
    0x0802b484   0x00000014   Code   RO          718    t._ZN5QueueIhE7destoryEv  usart.o
    0x0802b498   0x0000002c   Code   RO          712    t._ZN5QueueIhEC1Et  usart.o
    0x0802b4c4   0x00000018   Code   RO          724    t._ZN5QueueIhED1Ev  usart.o
    0x0802b4dc   0x0000001e   Code   RO          474    t._ZNK5QueueI6CanBufE6IsFullEv  can.o
    0x0802b4fa   0x00000012   Code   RO          486    t._ZNK5QueueI6CanBufE7IsEmptyEv  can.o
    0x0802b50c   0x00000018   Code   RO          706    t._ZNK5QueueIhE4sizeEv  usart.o
    0x0802b524   0x0000001e   Code   RO          694    t._ZNK5QueueIhE6IsFullEv  usart.o
    0x0802b542   0x00000012   Code   RO          676    t._ZNK5QueueIhE7IsEmptyEv  usart.o
    0x0802b554   0x00000062   Code   RO         7518    x$fpl$d2f           fz_ws.l(d2f.o)
    0x0802b5b6   0x00000002   PAD
    0x0802b5b8   0x00000150   Code   RO         7520    x$fpl$dadd          fz_ws.l(daddsub_clz.o)
    0x0802b708   0x00000010   Code   RO         7908    x$fpl$dcheck1       fz_ws.l(dcheck1.o)
    0x0802b718   0x00000018   Code   RO         7760    x$fpl$dcmpinf       fz_ws.l(dcmpi.o)
    0x0802b730   0x000002b0   Code   RO         7527    x$fpl$ddiv          fz_ws.l(ddiv.o)
    0x0802b9e0   0x00000078   Code   RO         7762    x$fpl$deqf          fz_ws.l(deqf.o)
    0x0802ba58   0x0000005e   Code   RO         7530    x$fpl$dfix          fz_ws.l(dfix.o)
    0x0802bab6   0x00000002   PAD
    0x0802bab8   0x0000005a   Code   RO         7534    x$fpl$dfixu         fz_ws.l(dfixu.o)
    0x0802bb12   0x0000002e   Code   RO         7539    x$fpl$dflt          fz_ws.l(dflt_clz.o)
    0x0802bb40   0x00000026   Code   RO         7538    x$fpl$dfltu         fz_ws.l(dflt_clz.o)
    0x0802bb66   0x00000002   PAD
    0x0802bb68   0x00000078   Code   RO         7544    x$fpl$dleqf         fz_ws.l(dleqf.o)
    0x0802bbe0   0x00000154   Code   RO         7546    x$fpl$dmul          fz_ws.l(dmul.o)
    0x0802bd34   0x0000009c   Code   RO         7764    x$fpl$dnaninf       fz_ws.l(dnaninf.o)
    0x0802bdd0   0x0000000c   Code   RO         7766    x$fpl$dretinf       fz_ws.l(dretinf.o)
    0x0802bddc   0x0000006c   Code   RO         7548    x$fpl$drleqf        fz_ws.l(drleqf.o)
    0x0802be48   0x00000016   Code   RO         7521    x$fpl$drsb          fz_ws.l(daddsub_clz.o)
    0x0802be5e   0x00000002   PAD
    0x0802be60   0x000001d4   Code   RO         7522    x$fpl$dsub          fz_ws.l(daddsub_clz.o)
    0x0802c034   0x00000056   Code   RO         7550    x$fpl$f2d           fz_ws.l(f2d.o)
    0x0802c08a   0x00000002   PAD
    0x0802c08c   0x000000c4   Code   RO         7552    x$fpl$fadd          fz_ws.l(faddsub_clz.o)
    0x0802c150   0x00000018   Code   RO         7768    x$fpl$fcmpinf       fz_ws.l(fcmpi.o)
    0x0802c168   0x00000184   Code   RO         7559    x$fpl$fdiv          fz_ws.l(fdiv.o)
    0x0802c2ec   0x00000068   Code   RO         7562    x$fpl$feqf          fz_ws.l(feqf.o)
    0x0802c354   0x00000036   Code   RO         7564    x$fpl$ffix          fz_ws.l(ffix.o)
    0x0802c38a   0x00000002   PAD
    0x0802c38c   0x0000003e   Code   RO         7568    x$fpl$ffixu         fz_ws.l(ffixu.o)
    0x0802c3ca   0x00000002   PAD
    0x0802c3cc   0x00000030   Code   RO         7573    x$fpl$fflt          fz_ws.l(fflt_clz.o)
    0x0802c3fc   0x00000026   Code   RO         7572    x$fpl$ffltu         fz_ws.l(fflt_clz.o)
    0x0802c422   0x00000002   PAD
    0x0802c424   0x00000068   Code   RO         7578    x$fpl$fleqf         fz_ws.l(fleqf.o)
    0x0802c48c   0x00000102   Code   RO         7580    x$fpl$fmul          fz_ws.l(fmul.o)
    0x0802c58e   0x0000008c   Code   RO         7770    x$fpl$fnaninf       fz_ws.l(fnaninf.o)
    0x0802c61a   0x0000000a   Code   RO         7772    x$fpl$fretinf       fz_ws.l(fretinf.o)
    0x0802c624   0x00000062   Code   RO         7582    x$fpl$frleqf        fz_ws.l(frleqf.o)
    0x0802c686   0x00000014   Code   RO         7553    x$fpl$frsb          fz_ws.l(faddsub_clz.o)
    0x0802c69a   0x00000002   PAD
    0x0802c69c   0x000000ea   Code   RO         7554    x$fpl$fsub          fz_ws.l(faddsub_clz.o)
    0x0802c786   0x00000004   Code   RO         7584    x$fpl$printf1       fz_ws.l(printf1.o)
    0x0802c78a   0x00000064   Code   RO         7959    x$fpl$retnan        fz_ws.l(retnan.o)
    0x0802c7ee   0x0000005c   Code   RO         7774    x$fpl$scalbn        fz_ws.l(scalbn.o)
    0x0802c84a   0x00000030   Code   RO         7984    x$fpl$trapveneer    fz_ws.l(trapv.o)
    0x0802c87a   0x00000000   Code   RO         7776    x$fpl$usenofp       fz_ws.l(usenofp.o)
    0x0802c87a   0x00000002   PAD
    0x0802c87c   0x00000042   Data   RO          375    .constdata          can.o
    0x0802c8be   0x00000002   PAD
    0x0802c8c0   0x00000094   Data   RO          584    .constdata          usart.o
    0x0802c954   0x0000000c   Data   RO         1357    .constdata          rtc.o
    0x0802c960   0x00000024   Data   RO         1575    .constdata          h52c0.o
    0x0802c984   0x0000003c   Data   RO         2019    .constdata          setmenuitem.o
    0x0802c9c0   0x00000018   Data   RO         2299    .constdata          alarmandrecord.o
    0x0802c9d8   0x0000007e   Data   RO         2762    .constdata          user.o
    0x0802ca56   0x00000002   PAD
    0x0802ca58   0x0000002e   Data   RO         3027    .constdata          brainbattery.o
    0x0802ca86   0x00000002   PAD
    0x0802ca88   0x0000001a   Data   RO         6416    .constdata          powercan.o
    0x0802caa2   0x00000002   PAD
    0x0802caa4   0x0000000c   Data   RO         6963    .constdata          cydt1363.o
    0x0802cab0   0x00000028   Data   RO         7322    .constdata          c_w.l(_printf_hex_int.o)
    0x0802cad8   0x00000038   Data   RO         7588    .constdata          m_ws.l(log.o)
    0x0802cb10   0x00000008   Data   RO         7793    .constdata          m_ws.l(qnan.o)
    0x0802cb18   0x00000094   Data   RO         7860    .constdata          c_w.l(bigflt0.o)
    0x0802cbac   0x00000010   Data   RO          473    .constdata__ZTV5QueueI6CanBufE  can.o
    0x0802cbbc   0x00000010   Data   RO          675    .constdata__ZTV5QueueIhE  usart.o
    0x0802cbcc   0x00000915   Data   RO         1808    .conststring        menuitem.o
    0x0802d4e1   0x00000003   PAD
    0x0802d4e4   0x00000020   Data   RO         8024    Region$$Table       anon$$obj.o
    0x0802d504   0x0000001c   Data   RO         7884    locale$$data        c_w.l(lc_numeric_c.o)
    0x0802d520   0x00000004   Data   RO          377    .init_array         can.o
    0x0802d524   0x00000004   Data   RO          586    .init_array         usart.o
    0x0802d528   0x00000004   Data   RO          801    .init_array         oled_display.o
    0x0802d52c   0x00000004   Data   RO          921    .init_array         adc.o
    0x0802d530   0x00000004   Data   RO          998    .init_array         e2prom.o
    0x0802d534   0x00000004   Data   RO         1078    .init_array         monitor.o
    0x0802d538   0x00000004   Data   RO         1248    .init_array         gpio.o
    0x0802d53c   0x00000004   Data   RO         1577    .init_array         h52c0.o
    0x0802d540   0x00000004   Data   RO         1728    .init_array         screen.o
    0x0802d544   0x00000004   Data   RO         1874    .init_array         module.o
    0x0802d548   0x00000004   Data   RO         2388    .init_array         battery.o
    0x0802d54c   0x00000004   Data   RO         3029    .init_array         brainbattery.o
    0x0802d550   0x00000004   Data   RO         6530    .init_array         canruleln.o
    0x0802d554   0x00000004   Data   RO         6965    .init_array         cydt1363.o
    0x0802d558   0x00000000   Data   RO         7398    .init_array         c_w.l(init_aeabi.o)


    Execution Region RW_IRAM1 (Base: 0x20000000, Size: 0x0000cdb8, Max: 0x00018000, ABSOLUTE, COMPRESSED[0x000007f0])

    Base Addr    Size         Type   Attr      Idx    E Section Name        Object

    0x20000000   0x00000008   Data   RW          376    .data               can.o
    0x20000008   0x00000014   Data   RW          585    .data               usart.o
    0x2000001c   0x00000010   Data   RW          800    .data               oled_display.o
    0x2000002c   0x00000024   Data   RW          920    .data               adc.o
    0x20000050   0x00000008   Data   RW          997    .data               e2prom.o
    0x20000058   0x00000056   Data   RW         1077    .data               monitor.o
    0x200000ae   0x00000002   PAD
    0x200000b0   0x000003a0   Data   RW         1175    .data               initdata.o
    0x20000450   0x00000104   Data   RW         1247    .data               gpio.o
    0x20000554   0x00000014   Data   RW         1358    .data               rtc.o
    0x20000568   0x00000036   Data   RW         1576    .data               h52c0.o
    0x2000059e   0x00000002   PAD
    0x200005a0   0x00000014   Data   RW         1727    .data               screen.o
    0x200005b4   0x000008b4   Data   RW         1809    .data               menuitem.o
    0x20000e68   0x0000001c   Data   RW         1873    .data               module.o
    0x20000e84   0x00000012   Data   RW         2020    .data               setmenuitem.o
    0x20000e96   0x00000002   PAD
    0x20000e98   0x000000c6   Data   RW         2300    .data               alarmandrecord.o
    0x20000f5e   0x00000002   PAD
    0x20000f60   0x00000004   Data   RW         2387    .data               battery.o
    0x20000f64   0x0000003f   Data   RW         2452    .data               downelectronicctrl.o
    0x20000fa3   0x00000001   PAD
    0x20000fa4   0x00000007   Data   RW         2596    .data               staggeredpeak.o
    0x20000fab   0x00000001   PAD
    0x20000fac   0x00000008   Data   RW         2715    .data               rtime.o
    0x20000fb4   0x00000019   Data   RW         2763    .data               user.o
    0x20000fcd   0x00000003   PAD
    0x20000fd0   0x00000014   Data   RW         2867    .data               jingui.o
    0x20000fe4   0x0000007a   Data   RW         3028    .data               brainbattery.o
    0x2000105e   0x00000002   PAD
    0x20001060   0x00000038   Data   RW         5880    .data               tasks.o
    0x20001098   0x00000004   Data   RW         6285    .data               port.o
    0x2000109c   0x00000018   Data   RW         6348    .data               heap_4.o
    0x200010b4   0x00000067   Data   RW         6417    .data               powercan.o
    0x2000111b   0x00000001   PAD
    0x2000111c   0x00000022   Data   RW         6529    .data               canruleln.o
    0x2000113e   0x00000009   Data   RW         6627    .data               usarttask.o
    0x20001147   0x00000002   Data   RW         6658    .data               screentask.o
    0x20001149   0x00000002   Data   RW         6682    .data               cantask.o
    0x2000114b   0x00000002   Data   RW         6707    .data               porttask.o
    0x2000114d   0x00000003   PAD
    0x20001150   0x0000000c   Data   RW         6732    .data               swtmr1callback.o
    0x2000115c   0x00000004   Data   RW         6761    .data               swtmr2callback.o
    0x20001160   0x00000004   Data   RW         7369    .data               c_w.l(strtok.o)
    0x20001164   0x00000080   Zero   RW          374    .bss                can.o
    0x200011e4   0x000000a8   Zero   RW          583    .bss                usart.o
    0x2000128c   0x00000402   Zero   RW          799    .bss                oled_display.o
    0x2000168e   0x00000002   PAD
    0x20001690   0x0000012c   Zero   RW          919    .bss                adc.o
    0x200017bc   0x0000005e   Zero   RW         1076    .bss                monitor.o
    0x2000181a   0x00000002   PAD
    0x2000181c   0x00000a98   Zero   RW         1173    .bss                initdata.o
    0x200022b4   0x00000084   Zero   RW         1574    .bss                h52c0.o
    0x20002338   0x00000060   Zero   RW         1726    .bss                screen.o
    0x20002398   0x00000080   Zero   RW         1807    .bss                menuitem.o
    0x20002418   0x0000005c   Zero   RW         1872    .bss                module.o
    0x20002474   0x00000184   Zero   RW         2018    .bss                setmenuitem.o
    0x200025f8   0x0000000c   Zero   RW         2298    .bss                alarmandrecord.o
    0x20002604   0x00000004   PAD
    0x20002608   0x00000028   Zero   RW         2386    .bss                battery.o
    0x20002630   0x0000000c   Zero   RW         2451    .bss                downelectronicctrl.o
    0x2000263c   0x0000000e   Zero   RW         2761    .bss                user.o
    0x2000264a   0x00000002   PAD
    0x2000264c   0x00000aa6   Zero   RW         2866    .bss                jingui.o
    0x200030f2   0x0000004e   Zero   RW         3026    .bss                brainbattery.o
    0x20003140   0x000000f0   Zero   RW         5879    .bss                tasks.o
    0x20003230   0x00005000   Zero   RW         6347    .bss                heap_4.o
    0x20008230   0x00000ab8   Zero   RW         6415    .bss                powercan.o
    0x20008ce8   0x00000058   Zero   RW         6528    .bss                canruleln.o
    0x20008d40   0x00000018   Zero   RW         6962    .bss                cydt1363.o
    0x20008d58   0x00000060   Zero   RW         7795    .bss                c_w.l(libspace.o)
    0x20008db8   0x00002000   Zero   RW         5780    HEAP                startup_gd32f10x_cl.o
    0x2000adb8   0x00002000   Zero   RW         5779    STACK               startup_gd32f10x_cl.o


==============================================================================

Image component sizes


      Code (inc. data)   RO Data    RW Data    ZI Data      Debug   Object Name

       872         78          4         36        300       4204   adc.o
      8868        500         24        198         12      33892   alarmandrecord.o
       428         28          4          4         40       3671   battery.o
      5972        336         50        122         78      45419   brainbattery.o
      1938        144         86          8        128      18981   can.o
      6114        144          4         34         88      19445   canruleln.o
       560         48          0          2          0       1266   cantask.o
     27786       1396         16          0         24      62957   cydt1363.o
       362          0          0          0          0       5094   database.o
      2366        240          0         63         12      51343   downelectronicctrl.o
       392          8          4          8          0       5113   e2prom.o
       614         10          0          0          0       6514   gd32f10x_adc.o
       120         12          0          0          0       1570   gd32f10x_bkp.o
      1332         18          0          0          0       5477   gd32f10x_can.o
        16          4          0          0          0        488   gd32f10x_dbg.o
       538          6          0          0          0       3294   gd32f10x_dma.o
       896         76          0          0          0       5201   gd32f10x_fmc.o
       136         22          0          0          0       1665   gd32f10x_fwdgt.o
       340          6          0          0          0       3213   gd32f10x_gpio.o
       192         20          0          0          0       1252   gd32f10x_misc.o
        20          6          0          0          0        458   gd32f10x_pmu.o
       968         94          0          0          0       8023   gd32f10x_rcu.o
       192         38          0          0          0       3858   gd32f10x_rtc.o
       194          6          0          0          0       4317   gd32f10x_spi.o
       514         64          0          0          0       4445   gd32f10x_timer.o
       592         16          0          0          0       9734   gd32f10x_usart.o
       776         40          4        260          0       3223   gpio.o
      6486        420         40         54        132      40571   h52c0.o
       508         62          0         24      20480       3839   heap_4.o
       558         34          0          0          0       4398   i2c.o
       948        158          0        928       2712      57783   initdata.o
      7076        216          0         20       2726      32914   jingui.o
       148          0          0          0          0       5694   list.o
       240         58          0          0          0      87107   main.o
     20370       7140       2325       2228        128      43302   menuitem.o
      1332         86          4         28         92      12076   module.o
       520          0          0          0          0       3123   moduletp.o
      6928        642          4         86         94      42528   monitor.o
        36         10          0          0          0        471   monitortask.o
      1470         66          4         16       1026      11014   oled_display.o
       394         56          0          4          0       6889   port.o
       224         40          0          2          0        854   porttask.o
      4056        294         26        103       2744      32112   powercan.o
       768         42         12         20          0      88646   rtc.o
       306         26          0          8          0       1357   rtime.o
     11186        114          4         20         96      19899   screen.o
       104         24          0          2          0        780   screentask.o
     25514       1644         60         18        388      62217   setmenuitem.o
      1766         96          0          7          0      29474   staggeredpeak.o
        64         26        336          0      16384        888   startup_gd32f10x_cl.o
       608        114          0         12          0       1333   swtmr1callback.o
        44         14          0          4          0        743   swtmr2callback.o
       368         50          0          0          0       1617   system_gd32f10x.o
      1596        256          0         56        240      16476   tasks.o
      2276        174        168         20        168      19020   usart.o
       176         38          0          9          0      23674   usarttask.o
      1982        236        126         25         14      30086   user.o

    ----------------------------------------------------------------------
    161246      15496       3348       4448      48116     995002   Object Totals
         0          0         32          0          0          0   (incl. Generated)
        96          0         11         19         10          0   (incl. Padding)

    ----------------------------------------------------------------------

      Code (inc. data)   RO Data    RW Data    ZI Data      Debug   Library Member Name

        90          0          0          0          0          0   __dczerorl2.o
         8          0          0          0          0         68   __main.o
       284          0          0          0          0        156   __printf_wp.o
         0          0          0          0          0          0   __rtentry.o
        12          0          0          0          0          0   __rtentry2.o
         6          0          0          0          0          0   __rtentry4.o
        52          8          0          0          0          0   __scatter.o
        28          0          0          0          0          0   __scatter_zi.o
        48          6          0          0          0         96   _printf_char_common.o
         6          0          0          0          0          0   _printf_f.o
      1050          0          0          0          0        216   _printf_fp_dec.o
       128         16          0          0          0         84   _printf_fp_infnan.o
        88          4         40          0          0         88   _printf_hex_int.o
       178          0          0          0          0         88   _printf_intcommon.o
        78          0          0          0          0        108   _printf_pad.o
         0          0          0          0          0          0   _printf_percent.o
         4          0          0          0          0          0   _printf_percent_end.o
         6          0          0          0          0          0   _printf_x.o
        22          0          0          0          0        100   _rserrno.o
        10          0          0          0          0         68   _sputc.o
        16          0          0          0          0         68   aeabi_memset.o
       220          4        148          0          0         96   bigflt0.o
      1910        128          0          0          0        672   btod.o
        10          0          0          0          0         68   defsig_exit.o
        50          0          0          0          0         88   defsig_general.o
        80         58          0          0          0         76   defsig_rtmem_inner.o
        14          0          0          0          0         80   defsig_rtmem_outer.o
        12          0          0          0          0         72   exit.o
        94          0          0          0          0         80   h1_alloc.o
        52          0          0          0          0         68   h1_extend.o
        78          0          0          0          0         80   h1_free.o
        14          0          0          0          0         84   h1_init.o
         6          0          0          0          0        152   heapauxi.o
         4          0          0          0          0        136   hguard.o
         0          0          0          0          0          0   indicate_semi.o
        36         10          0          0          0         80   init_aeabi.o
       138          0          0          0          0        168   init_alloc.o
        44         10         28          0          0         76   lc_numeric_c.o
         2          0          0          0          0          0   libinit.o
        30          0          0          0          0          0   libinit2.o
         2          0          0          0          0          0   libshutdown.o
         8          0          0          0          0          0   libshutdown2.o
         8          4          0          0         96         68   libspace.o
        72          0          0          0          0         76   llsdiv.o
        38          0          0          0          0         68   llshl.o
       138          0          0          0          0         80   lludiv10.o
       238          0          0          0          0        100   lludivv7m.o
         0          0          0          0          0          0   maybetermalloc1.o
        88          0          0          0          0         76   memcmp.o
        40          6          0          0          0         84   noretval__2sprintf.o
         8          4          0          0          0         68   rt_ddtor_pointer_addr_intlibspace.o
         8          4          0          0          0         68   rt_errno_addr_intlibspace.o
         8          4          0          0          0         68   rt_heap_descriptor_intlibspace.o
         8          4          0          0          0         68   rt_locale_intlibspace.o
        68          0          0          0          0         68   rt_memclr.o
        78          0          0          0          0         80   rt_memclr_w.o
       138          0          0          0          0         68   rt_memcpy_v6.o
       100          0          0          0          0         80   rt_memcpy_w.o
         2          0          0          0          0          0   rtexit.o
        10          0          0          0          0          0   rtexit2.o
        24          0          0          0          0         68   strcat.o
       128          0          0          0          0         68   strcmpv7m.o
        32          0          0          0          0         80   strcspn.o
        62          0          0          0          0         76   strlen.o
        28          0          0          0          0         80   strspn.o
        36          0          0          0          0         80   strstr.o
        12          6          0          4          0         68   strtok.o
        68          4          0          0          0         84   strtok_int.o
        12          4          0          0          0         68   sys_exit.o
        74          0          0          0          0         80   sys_stackheap_outer.o
        14          0          0          0          0         76   sys_wrch.o
         2          0          0          0          0         68   use_no_semi.o
        50          0          0          0          0         84   aeabi_atexit.o
         8          0          0          0          0         76   array_del.o
        66          0          0          0          0         84   cxa_finalize.o
         8          0          0          0          0         76   delete.o
        98          4          0          0          0         92   d2f.o
       826         16          0          0          0        348   daddsub_clz.o
        16          4          0          0          0         68   dcheck1.o
        24          0          0          0          0         68   dcmpi.o
       688        140          0          0          0        208   ddiv.o
       120          4          0          0          0         92   deqf.o
        94          4          0          0          0         92   dfix.o
        90          4          0          0          0         92   dfixu.o
        84          0          0          0          0        136   dflt_clz.o
       120          4          0          0          0         92   dleqf.o
       340         12          0          0          0        104   dmul.o
       156          4          0          0          0         92   dnaninf.o
        12          0          0          0          0         68   dretinf.o
       108          0          0          0          0         80   drleqf.o
        86          4          0          0          0         84   f2d.o
       450          8          0          0          0        236   faddsub_clz.o
        24          0          0          0          0         68   fcmpi.o
       388         76          0          0          0         96   fdiv.o
       104          4          0          0          0         84   feqf.o
        54          4          0          0          0         84   ffix.o
        62          4          0          0          0         84   ffixu.o
        86          0          0          0          0        136   fflt_clz.o
       104          4          0          0          0         84   fleqf.o
       258          4          0          0          0         84   fmul.o
       140          4          0          0          0         84   fnaninf.o
        10          0          0          0          0         68   fretinf.o
        98          0          0          0          0         68   frleqf.o
         4          0          0          0          0         68   printf1.o
       100          0          0          0          0         68   retnan.o
        92          0          0          0          0         68   scalbn.o
        48          0          0          0          0         68   trapv.o
         0          0          0          0          0          0   usenofp.o
        34          4          0          0          0        204   dunder.o
        40          0          0          0          0         68   fpclassify.o
       860         52         56          0          0        256   log.o
       170          0          0          0          0         96   poly.o
         0          0          8          0          0          0   qnan.o

    ----------------------------------------------------------------------
     12622        648        280          4         96       9340   Library Totals
        42          0          0          0          0          0   (incl. Padding)

    ----------------------------------------------------------------------

      Code (inc. data)   RO Data    RW Data    ZI Data      Debug   Library Name

      6460        284        216          4         96       5232   c_w.l
       132          0          0          0          0        320   cpprt_w.l
      4884        308          0          0          0       3164   fz_ws.l
      1104         56         64          0          0        624   m_ws.l

    ----------------------------------------------------------------------
     12622        648        280          4         96       9340   Library Totals

    ----------------------------------------------------------------------

==============================================================================


      Code (inc. data)   RO Data    RW Data    ZI Data      Debug   

    173868      16144       3628       4452      48212     970642   Grand Totals
    173868      16144       3628       2032      48212     970642   ELF Image Totals (compressed)
    173868      16144       3628       2032          0          0   ROM Totals

==============================================================================

    Total RO  Size (Code + RO Data)               177496 ( 173.34kB)
    Total RW  Size (RW Data + ZI Data)             52664 (  51.43kB)
    Total ROM Size (Code + RO Data + RW Data)     179528 ( 175.32kB)

==============================================================================

