Component: ARM Compiler 5.05 update 1 (build 106) Tool: armlink [4d0efa]

==============================================================================

Section Cross References

    main.o(i._Z12AC_PEAK_TaskPv) refers to tasks.o(i.vTaskDelay) for vTaskDelay
    main.o(i._Z12AC_PEAK_TaskPv) refers to main.o(.data) for c
    main.o(i._Z8Net_TaskPv) refers to tasks.o(i.vTaskDelay) for vTaskDelay
    main.o(i._Z8Net_TaskPv) refers to main.o(.data) for c
    main.o(i.main) refers to gd32f10x_misc.o(i.nvic_priority_group_set) for nvic_priority_group_set
    main.o(i.main) refers to rtc.o(i.Rtc_configuration) for Rtc_configuration
    main.o(i.main) refers to initdata.o(i._Z8InitDatav) for InitData()
    main.o(i.main) refers to timers.o(i.xTimerCreate) for xTimerCreate
    main.o(i.main) refers to tasks.o(i.xTaskGetTickCount) for xTaskGetTickCount
    main.o(i.main) refers to timers.o(i.xTimerGenericCommand) for xTimerGenericCommand
    main.o(i.main) refers to tasks.o(i.xTaskGenericCreate) for xTaskGenericCreate
    main.o(i.main) refers to tasks.o(i.vTaskStartScheduler) for vTaskStartScheduler
    main.o(i.main) refers to swtmr1callback.o(i._Z15Swtmr1_CallbackPv) for Swtmr1_Callback(void*)
    main.o(i.main) refers to main.o(.data) for Swtmr1_Handle
    main.o(i.main) refers to swtmr2callback.o(i._Z15Swtmr2_CallbackPv) for Swtmr2_Callback(void*)
    main.o(i.main) refers to screentask.o(i._Z11SCREEN_TaskPv) for SCREEN_Task(void*)
    main.o(i.main) refers to cantask.o(i._Z8CAN_TaskPv) for CAN_Task(void*)
    main.o(i.main) refers to monitortask.o(i._Z12Monitor_TaskPv) for Monitor_Task(void*)
    main.o(i.main) refers to porttask.o(i._Z9PORT_TaskPv) for PORT_Task(void*)
    main.o(i.main) refers to usarttask.o(i._Z9Uart_TaskPv) for Uart_Task(void*)
    main.o(.ARM.exidx) refers to main.o(i.main) for i.main
    main.o(.ARM.exidx) refers to main.o(i._Z8Net_TaskPv) for i._Z8Net_TaskPv
    main.o(.ARM.exidx) refers to main.o(i._Z12AC_PEAK_TaskPv) for i._Z12AC_PEAK_TaskPv
    i2c.o(i._Z15I2C_gpio_configv) refers to gd32f10x_rcu.o(i.rcu_periph_clock_enable) for rcu_periph_clock_enable
    i2c.o(i._Z15I2C_gpio_configv) refers to gd32f10x_gpio.o(i.gpio_init) for gpio_init
    i2c.o(i._ZN3I2C11ReceiveByteEv) refers to gd32f10x_gpio.o(i.gpio_bit_set) for gpio_bit_set
    i2c.o(i._ZN3I2C11ReceiveByteEv) refers to gd32f10x_gpio.o(i.gpio_bit_reset) for gpio_bit_reset
    i2c.o(i._ZN3I2C11ReceiveByteEv) refers to i2c.o(i._ZN3I2C5delayEv) for I2C::delay()
    i2c.o(i._ZN3I2C11ReceiveByteEv) refers to gd32f10x_gpio.o(i.gpio_input_bit_get) for gpio_input_bit_get
    i2c.o(i._ZN3I2C3AckEv) refers to gd32f10x_gpio.o(i.gpio_bit_reset) for gpio_bit_reset
    i2c.o(i._ZN3I2C3AckEv) refers to i2c.o(i._ZN3I2C5delayEv) for I2C::delay()
    i2c.o(i._ZN3I2C3AckEv) refers to gd32f10x_gpio.o(i.gpio_bit_set) for gpio_bit_set
    i2c.o(i._ZN3I2C4StopEv) refers to gd32f10x_gpio.o(i.gpio_bit_reset) for gpio_bit_reset
    i2c.o(i._ZN3I2C4StopEv) refers to i2c.o(i._ZN3I2C5delayEv) for I2C::delay()
    i2c.o(i._ZN3I2C4StopEv) refers to gd32f10x_gpio.o(i.gpio_bit_set) for gpio_bit_set
    i2c.o(i._ZN3I2C5NoAckEv) refers to gd32f10x_gpio.o(i.gpio_bit_reset) for gpio_bit_reset
    i2c.o(i._ZN3I2C5NoAckEv) refers to i2c.o(i._ZN3I2C5delayEv) for I2C::delay()
    i2c.o(i._ZN3I2C5NoAckEv) refers to gd32f10x_gpio.o(i.gpio_bit_set) for gpio_bit_set
    i2c.o(i._ZN3I2C5StartEv) refers to gd32f10x_gpio.o(i.gpio_bit_set) for gpio_bit_set
    i2c.o(i._ZN3I2C5StartEv) refers to i2c.o(i._ZN3I2C5delayEv) for I2C::delay()
    i2c.o(i._ZN3I2C5StartEv) refers to gd32f10x_gpio.o(i.gpio_input_bit_get) for gpio_input_bit_get
    i2c.o(i._ZN3I2C5StartEv) refers to gd32f10x_gpio.o(i.gpio_bit_reset) for gpio_bit_reset
    i2c.o(i._ZN3I2C7WaitAckEv) refers to gd32f10x_gpio.o(i.gpio_bit_reset) for gpio_bit_reset
    i2c.o(i._ZN3I2C7WaitAckEv) refers to i2c.o(i._ZN3I2C5delayEv) for I2C::delay()
    i2c.o(i._ZN3I2C7WaitAckEv) refers to gd32f10x_gpio.o(i.gpio_bit_set) for gpio_bit_set
    i2c.o(i._ZN3I2C7WaitAckEv) refers to gd32f10x_gpio.o(i.gpio_input_bit_get) for gpio_input_bit_get
    i2c.o(i._ZN3I2C8SendByteEh) refers to gd32f10x_gpio.o(i.gpio_bit_reset) for gpio_bit_reset
    i2c.o(i._ZN3I2C8SendByteEh) refers to i2c.o(i._ZN3I2C5delayEv) for I2C::delay()
    i2c.o(i._ZN3I2C8SendByteEh) refers to gd32f10x_gpio.o(i.gpio_bit_set) for gpio_bit_set
    i2c.o(i._ZN3I2CC1Ev) refers to i2c.o(i._Z15I2C_gpio_configv) for I2C_gpio_config()
    i2c.o(.ARM.exidx) refers to i2c.o(i._Z15I2C_gpio_configv) for i._Z15I2C_gpio_configv
    i2c.o(.ARM.exidx) refers to i2c.o(i._ZN3I2CC1Ev) for i._ZN3I2CC1Ev
    i2c.o(.ARM.exidx) refers to i2c.o(i._ZN3I2C5delayEv) for i._ZN3I2C5delayEv
    i2c.o(.ARM.exidx) refers to i2c.o(i._ZN3I2C5StartEv) for i._ZN3I2C5StartEv
    i2c.o(.ARM.exidx) refers to i2c.o(i._ZN3I2C4StopEv) for i._ZN3I2C4StopEv
    i2c.o(.ARM.exidx) refers to i2c.o(i._ZN3I2C3AckEv) for i._ZN3I2C3AckEv
    i2c.o(.ARM.exidx) refers to i2c.o(i._ZN3I2C5NoAckEv) for i._ZN3I2C5NoAckEv
[...]
    gpEnergy_pre                             0x200003c8   Data           4  initdata.o(.data)
    gGetACEnergy                             0x200003cc   Data           1  initdata.o(.data)
    gGetDCEnergy                             0x200003cd   Data           1  initdata.o(.data)
    palarmtable                              0x200003d0   Data           4  initdata.o(.data)
    gbattDownCount                           0x200003d4   Data           2  initdata.o(.data)
    EnergyDataWriteConunt                    0x200003d6   Data           1  initdata.o(.data)
    gbattDownDelay                           0x200003d7   Data           1  initdata.o(.data)
    gtestSaveFlag                            0x200003d8   Data           1  initdata.o(.data)
    gbattTestCount                           0x200003d9   Data           1  initdata.o(.data)
    updatamem                                0x200003dc   Data           4  initdata.o(.data)
    gtestStarTimer                           0x200003e0   Data           8  initdata.o(.data)
    gtestStopTimer                           0x200003e8   Data           8  initdata.o(.data)
    tmp                                      0x200003f0   Data           2  rtc.o(.data)
    gTimer                                   0x200003f4   Data           8  rtc.o(.data)
    gYear                                    0x200003fc   Data           2  rtc.o(.data)
    pgh52c0                                  0x20000400   Data           4  h52c0.o(.data)
    b1                                       0x20000404   Data           4  h52c0.o(.data)
    k                                        0x20000408   Data           4  h52c0.o(.data)
    W100ms                                   0x2000040c   Data           8  h52c0.o(.data)
    ghumi                                    0x20000414   Data           1  h52c0.o(.data)
    passWordToChange                         0x20000418   Data           4  screen.o(.data)
    pPASSWORD                                0x2000041c   Data           4  screen.o(.data)
    password                                 0x20000420   Data           4  screen.o(.data)
    passwordshow                             0x20000424   Data           4  screen.o(.data)
    genterflag                               0x20000428   Data           1  screen.o(.data)
    pScreen                                  0x2000042c   Data           4  screen.o(.data)
    pMainMenu                                0x20000430   Data           4  menuitem.o(.data)
    pALARMMenu                               0x20000434   Data           4  menuitem.o(.data)
    pSYSMenu                                 0x20000438   Data           4  menuitem.o(.data)
    pDCDMenu                                 0x2000043c   Data           4  menuitem.o(.data)
    pSMRMenu                                 0x20000440   Data           4  menuitem.o(.data)
    pACDMenu                                 0x20000444   Data           4  menuitem.o(.data)
    pBattParaSetMenu                         0x20000448   Data           4  menuitem.o(.data)
    pBattBootSetMenu                         0x2000044c   Data           4  menuitem.o(.data)
    pBattTestSetMenu                         0x20000450   Data           4  menuitem.o(.data)
    pBattDownParaSetMenu                     0x20000454   Data           4  menuitem.o(.data)
    pUsrDownParaSetMenu                      0x20000458   Data           4  menuitem.o(.data)
    pSetDIMenu                               0x2000045c   Data           4  menuitem.o(.data)
    pSavePowrSetMenu                         0x20000460   Data           4  menuitem.o(.data)
    pSleepMenu                               0x20000464   Data           4  menuitem.o(.data)
    pPeakShiftMenu                           0x20000468   Data           4  menuitem.o(.data)
    pPeakShaveMenu                           0x2000046c   Data           4  menuitem.o(.data)
    pSysParaSetMenu                          0x20000470   Data           4  menuitem.o(.data)
    pCalibrationMenu                         0x20000474   Data           4  menuitem.o(.data)
    pCalibrationVMenu                        0x20000478   Data           4  menuitem.o(.data)
    pUSRCalibrationMenu                      0x2000047c   Data           4  menuitem.o(.data)
    pRemoteCtrlMenu                          0x20000480   Data           4  menuitem.o(.data)
    pPeakTimeMenu                            0x20000484   Data           4  menuitem.o(.data)
    pAlarmParaSetMenu                        0x20000488   Data           4  menuitem.o(.data)
    pTimeMenu                                0x2000048c   Data           4  menuitem.o(.data)
    pRECORDMenu                              0x20000490   Data           4  menuitem.o(.data)
    pAlarmRecordMenu                         0x20000494   Data           4  menuitem.o(.data)
    pPowrRecordMenu                          0x20000498   Data           4  menuitem.o(.data)
    pPowrRecord90Menu                        0x2000049c   Data           4  menuitem.o(.data)
    pBattRecordMenu                          0x200004a0   Data           4  menuitem.o(.data)
    pdisPlayItem                             0x200004a4   Data           4  menuitem.o(.data)
    pdisDisPlayData                          0x200004a8   Data           4  menuitem.o(.data)
    isSetModule                              0x200004ac   Data           1  menuitem.o(.data)
    downModle                                0x200004ad   Data           1  menuitem.o(.data)
    timeDownEnable                           0x200004ae   Data           1  menuitem.o(.data)
    UserDownSetItem                          0x200004af   Data           3  menuitem.o(.data)
    downVoltageLimit                         0x200004b2   Data           2  menuitem.o(.data)
    downDelayTimeMin                         0x200004b4   Data           2  menuitem.o(.data)
    starDownTime                             0x200004b6   Data           2  menuitem.o(.data)
    stopDownTime                             0x200004b8   Data           2  menuitem.o(.data)
    LocalInPutNb                             0x200004ba   Data           2  menuitem.o(.data)
    onofflist                                0x200004bc   Data          12  menuitem.o(.data)
    OnOffLis                                 0x200004c8   Data           4  menuitem.o(.data)
    ALarmStatusFlag                          0x200004cc   Data          12  menuitem.o(.data)
    ALarmListStatus                          0x200004d8   Data           4  menuitem.o(.data)
    ALarmList                                0x200004dc   Data         136  menuitem.o(.data)
    ALarmnbList                              0x20000564   Data          60  menuitem.o(.data)
    BehaviorList                             0x200005a0   Data          44  menuitem.o(.data)
    AlarmMunklis                             0x200005cc   Data          12  menuitem.o(.data)
    removelist                               0x200005d8   Data          16  menuitem.o(.data)
    RemoveList                               0x200005e8   Data           4  menuitem.o(.data)
    Work_AC_Mode_Cur_List                    0x200005ec   Data          24  menuitem.o(.data)
    workModList                              0x20000604   Data          20  menuitem.o(.data)
    workModList2                             0x20000618   Data          12  menuitem.o(.data)
    workModList3                             0x20000624   Data          12  menuitem.o(.data)
    workModList4                             0x20000630   Data          12  menuitem.o(.data)
    Worklis                                  0x2000063c   Data          20  menuitem.o(.data)
    changemodlist                            0x20000650   Data          20  menuitem.o(.data)
    ChangeModList                            0x20000664   Data           4  menuitem.o(.data)
    swlist                                   0x20000668   Data          16  menuitem.o(.data)
    limtCurlist                              0x20000678   Data          12  menuitem.o(.data)
    Workstatuslist                           0x20000684   Data           8  menuitem.o(.data)
    SwitchModule                             0x2000068c   Data           4  menuitem.o(.data)
    WorkACModeCurList                        0x20000690   Data          24  menuitem.o(.data)
    ACWorkMode                               0x200006a8   Data           4  menuitem.o(.data)
    calibrationList                          0x200006ac   Data          20  menuitem.o(.data)
    Calilis                                  0x200006c0   Data           4  menuitem.o(.data)
    phaselist                                0x200006c4   Data          16  menuitem.o(.data)
    PHlist                                   0x200006d4   Data           4  menuitem.o(.data)
    battDownList                             0x200006d8   Data          16  menuitem.o(.data)
    BattDownLis                              0x200006e8   Data           4  menuitem.o(.data)
    userDownList                             0x200006ec   Data          20  menuitem.o(.data)
    userDownlis                              0x20000700   Data           4  menuitem.o(.data)
    TriggerList                              0x20000704   Data          12  menuitem.o(.data)
    ALarmStatusFlag2                         0x20000710   Data          12  menuitem.o(.data)
    DiTriggerlist                            0x2000071c   Data           4  menuitem.o(.data)
    DIsetlist                                0x20000720   Data           4  menuitem.o(.data)
    ReLayerlist                              0x20000724   Data           4  menuitem.o(.data)
    Behaviorlist                             0x20000728   Data           4  menuitem.o(.data)
    ALarmNblist                              0x2000072c   Data           4  menuitem.o(.data)
    AlarmStatuslist                          0x20000730   Data           8  menuitem.o(.data)
    outPutAlarmlist                          0x20000738   Data          32  menuitem.o(.data)
    outAlarmList                             0x20000758   Data           4  menuitem.o(.data)
    threeandonephlist                        0x2000075c   Data          12  menuitem.o(.data)
    ThreeAndOnephlist                        0x20000768   Data           4  menuitem.o(.data)
    userAddrList                             0x2000076c   Data          24  menuitem.o(.data)
    userCHList                               0x20000784   Data          16  menuitem.o(.data)
    UserList                                 0x20000794   Data           4  menuitem.o(.data)
    ModuleOnlineMessage                      0x2000079c   Data           6  module.o(.data)
    pModule                                  0x200007a4   Data           4  module.o(.data)
    setPeakKey0                              0x200007aa   Data           1  setmenuitem.o(.data)
    setPeakKey1                              0x200007ab   Data           1  setmenuitem.o(.data)
    pbattCap                                 0x200007b4   Data           4  battery.o(.data)
    gDiInPutFlag                             0x200007b8   Data           2  alarmandrecord.o(.data)
    gpAlarmbit                               0x200007bc   Data           4  alarmandrecord.o(.data)
    alarmtail                                0x200007c0   Data          12  alarmandrecord.o(.data)
    alarmhead                                0x200007cc   Data          12  alarmandrecord.o(.data)
    recordAlarmCount                         0x200007d8   Data           4  alarmandrecord.o(.data)
    alarmdisplay                             0x200007dc   Data           3  alarmandrecord.o(.data)
    alarmCount                               0x200007df   Data           3  alarmandrecord.o(.data)
    outAlarm                                 0x200007e2   Data           6  alarmandrecord.o(.data)
    acAlarmV                                 0x200007e8   Data           8  alarmandrecord.o(.data)
    AlarmVolitage                            0x200007f0   Data           1  alarmandrecord.o(.data)
    ACstopflag                               0x200007f1   Data           1  alarmandrecord.o(.data)
    mod                                      0x200007f2   Data           1  alarmandrecord.o(.data)
    galram                                   0x200007f3   Data           1  alarmandrecord.o(.data)
    downflag                                 0x200007f4   Data           1  alarmandrecord.o(.data)
    battbreak                                0x200007f5   Data           1  alarmandrecord.o(.data)
    locdDownFlag                             0x200007f6   Data           1  alarmandrecord.o(.data)
    moduleBreakFlag                          0x200007f8   Data           4  alarmandrecord.o(.data)
    modulecomm                               0x200007fc   Data           4  alarmandrecord.o(.data)
    moduleCommBreakFlag                      0x20000800   Data           4  alarmandrecord.o(.data)
    gledtimer                                0x20000804   Data           1  alarmandrecord.o(.data)
    gAcStopTime                              0x20000808   Data          20  downelectronicctrl.o(.data)
    ticktimeDelay                            0x2000081c   Data           5  downelectronicctrl.o(.data)
    ticktimeAC                               0x20000821   Data           5  downelectronicctrl.o(.data)
    usart3ConnetTimeOut                      0x20000826   Data           1  downelectronicctrl.o(.data)
    preV                                     0x20000828   Data           2  downelectronicctrl.o(.data)
    newV                                     0x2000082a   Data           2  downelectronicctrl.o(.data)
    testTimeflag                             0x2000082c   Data           1  downelectronicctrl.o(.data)
    testCont                                 0x2000082d   Data           1  downelectronicctrl.o(.data)
    delayDownFlag                            0x2000082e   Data           5  downelectronicctrl.o(.data)
    strDatatype                              0x20000834   Data           4  user.o(.data)
    strVer                                   0x20000838   Data           4  user.o(.data)
    strCmd                                   0x2000083c   Data           4  user.o(.data)
    updataflashaddr                          0x20000840   Data           4  user.o(.data)
    isTieta                                  0x20000844   Data           1  user.o(.data)
    UpdateFlag                               0x20000845   Data           1  user.o(.data)
    PackNum                                  0x20000846   Data           2  user.o(.data)
    packlen                                  0x20000848   Data           2  user.o(.data)
    upDataErrCount                           0x2000084a   Data           1  user.o(.data)
    isUnlockFlash                            0x2000084b   Data           1  user.o(.data)
    isUpDataTimeOut                          0x2000084c   Data           1  user.o(.data)
    pxCurrentTCB                             0x20000850   Data           4  tasks.o(.data)
    romveModuleMasklist                      0x200008b4   Data           4  canruleln.o(.data)
    testaddr                                 0x200008b8   Data           1  canruleln.o(.data)
    pcanruleln                               0x200008bc   Data           4  canruleln.o(.data)
    counterSn                                0x200008c0   Data           1  canruleln.o(.data)
    prol                                     0x200008c1   Data           1  canruleln.o(.data)
    SetTime                                  0x200008c2   Data           5  powercan.o(.data)
    paraTimeStamp                            0x200008c7   Data          20  powercan.o(.data)
    gDcmOnlineFlag                           0x200008db   Data           4  powercan.o(.data)
    gDcmStatus                               0x200008df   Data           4  powercan.o(.data)
    gparaFrameType                           0x200008e3   Data           4  powercan.o(.data)
    isNewData                                0x200008e7   Data           4  powercan.o(.data)
    stopSupplyflag                           0x200008eb   Data           2  powercan.o(.data)
    userfuseflag                             0x200008ed   Data           2  powercan.o(.data)
    DTC                                      0x200008ef   Data           1  powercan.o(.data)
    CID1                                     0x200008f0   Data           1  powercan.o(.data)
    ADR                                      0x200008f1   Data           1  powercan.o(.data)
    CID2                                     0x200008f2   Data           2  powercan.o(.data)
    c_Uac                                    0x200008f4   Data           6  powercan.o(.data)
    gDcmOnLineCount                          0x200008fa   Data           4  powercan.o(.data)
    gAcmOnLineCount                          0x200008fe   Data           1  powercan.o(.data)
    gAcOnLineFlag                            0x200008ff   Data           1  powercan.o(.data)
    gDcmSuccess                              0x20000900   Data           4  powercan.o(.data)
    SyncInFlag                               0x20000904   Data           1  powercan.o(.data)
    SyncPass                                 0x20000905   Data           4  powercan.o(.data)
    SyncTimeOut                              0x20000909   Data           1  powercan.o(.data)
    saveflag                                 0x2000090a   Data           4  powercan.o(.data)
    TmpTime                                  0x2000090e   Data           5  powercan.o(.data)
    powerCanSendEnable                       0x20000913   Data           1  powercan.o(.data)
    actimes                                  0x20000914   Data           1  powercan.o(.data)
    gscreensleep                             0x20000915   Data           1  screentask.o(.data)
    gled2onoff                               0x20000916   Data           1  screentask.o(.data)
    aa                                       0x20000917   Data           6  swtmr1callback.o(.data)
    ab                                       0x20000920   Data           4  swtmr2callback.o(.data)
    saveE1D3                                 0x20000924   Data           1  ydt1363.o(.data)
    saveE2D3                                 0x20000925   Data           1  ydt1363.o(.data)
    save40D7                                 0x20000926   Data           1  ydt1363.o(.data)
    tenant                                   0x20000927   Data          10  ydt1363.o(.data)
    dataflag                                 0x20000931   Data           1  ydt1363.o(.data)
    nomal                                    0x20000932   Data           1  ydt1363.o(.data)
    _NONE                                    0x20000934   Data           2  ydt1363.o(.data)
    battCellVoltAlarm                        0x20000936   Data           4  ydt1363.o(.data)
    battCellFaultAlarm                       0x2000093a   Data           4  ydt1363.o(.data)
    battCellTAlarm                           0x2000093e   Data           4  ydt1363.o(.data)
    gCan1RecvBuf                             0x2000094c   Data          16  can.o(.bss)
    gCan2RecvBuf                             0x2000095c   Data          16  can.o(.bss)
    gCan1SendBuf                             0x2000096c   Data          16  can.o(.bss)
    gCan2SendBuf                             0x2000097c   Data          16  can.o(.bss)
    gCan1                                    0x2000098c   Data          24  can.o(.bss)
    gCan2                                    0x200009a4   Data          24  can.o(.bss)
    com4rbuf                                 0x200009bc   Data          16  usart.o(.bss)
    com4sbuf                                 0x200009cc   Data          16  usart.o(.bss)
    gcom4                                    0x200009dc   Data          24  usart.o(.bss)
    gOled                                    0x200009f4   Data        1026  oled_display.o(.bss)
    uADCvalue                                0x20000df8   Data        1024  adc.o(.bss)
    AD_channel                               0x200011f8   Data          32  adc.o(.bss)
    gMonitor                                 0x20001218   Data          64  monitor.o(.bss)
    limitIaddr                               0x20001258   Data          30  monitor.o(.bss)
    gyh                                      0x20001278   Data          12  h52c0.o(.bss)
    gyl                                      0x20001284   Data          12  h52c0.o(.bss)
    gxh                                      0x20001290   Data          24  h52c0.o(.bss)
    gxl                                      0x200012a8   Data          24  h52c0.o(.bss)
    gh52c0                                   0x200012c0   Data          40  h52c0.o(.bss)
    gScreen                                  0x200012e8   Data          92  screen.o(.bss)
    gModule                                  0x20001344   Data          28  module.o(.bss)
    bitAlarmTypeList                         0x20001360   Data          12  setmenuitem.o(.bss)
    gbattCap                                 0x2000136c   Data          60  battery.o(.bss)
    gnetwork                                 0x2000f4c0   Data          33  network.o(.bss)
    gVac                                     0x2000f4e4   Data          14  canruleln.o(.bss)
    gCanRuleLn                               0x2000f4f4   Data          64  canruleln.o(.bss)
    tenantcount                              0x2000f534   Data          10  ydt1363.o(.bss)
    moduledatatmp3                           0x2000f53e   Data          30  ydt1363.o(.bss)
    moduledatatmp4                           0x2000f55c   Data          30  ydt1363.o(.bss)
    moduledatatmp5                           0x2000f57a   Data          30  ydt1363.o(.bss)
    WorkingStatus                            0x2000f598   Data          30  ydt1363.o(.bss)
    gAlarmRecord                             0x2000f5b6   Data          10  ydt1363.o(.bss)
    __libspace_start                         0x2000f5c0   Data          96  libspace.o(.bss)
    __temporary_stack_top$libspace           0x2000f620   Data           0  libspace.o(.bss)



==============================================================================

Memory Map of the image

  Image Entry point : 0x08002151

  Load Region LR_IROM1 (Base: 0x08002000, Size: 0x0001c674, Max: 0x00100000, ABSOLUTE, COMPRESSED[0x0001c0dc])

    Execution Region ER_IROM1 (Base: 0x08002000, Size: 0x0001bd28, Max: 0x00100000, ABSOLUTE)

    Base Addr    Size         Type   Attr      Idx    E Section Name        Object

    0x08002000   0x00000150   Data   RO         4522    RESET               startup_gd32f10x_cl.o
    0x08002150   0x00000008   Code   RO         6315  * !!!main             c_w.l(__main.o)
    0x08002158   0x00000034   Code   RO         6948    !!!scatter          c_w.l(__scatter.o)
    0x0800218c   0x0000005a   Code   RO         6946    !!dczerorl2         c_w.l(__dczerorl2.o)
    0x080021e6   0x00000002   PAD
    0x080021e8   0x0000001c   Code   RO         6950    !!handler_zi        c_w.l(__scatter_zi.o)
    0x08002204   0x00000002   Code   RO         6855    .ARM.Collect$$libinit$$00000000  c_w.l(libinit.o)
    0x08002206   0x00000000   Code   RO         6591    .ARM.Collect$$libinit$$00000002  c_w.l(libinit2.o)
    0x08002206   0x00000000   Code   RO         6593    .ARM.Collect$$libinit$$00000004  c_w.l(libinit2.o)
    0x08002206   0x00000008   Code   RO         6594    .ARM.Collect$$libinit$$00000005  c_w.l(libinit2.o)
    0x0800220e   0x00000000   Code   RO         6596    .ARM.Collect$$libinit$$0000000A  c_w.l(libinit2.o)
    0x0800220e   0x00000000   Code   RO         6598    .ARM.Collect$$libinit$$0000000C  c_w.l(libinit2.o)
    0x0800220e   0x00000000   Code   RO         6600    .ARM.Collect$$libinit$$0000000E  c_w.l(libinit2.o)
    0x0800220e   0x00000000   Code   RO         6603    .ARM.Collect$$libinit$$00000011  c_w.l(libinit2.o)
    0x0800220e   0x00000000   Code   RO         6605    .ARM.Collect$$libinit$$00000013  c_w.l(libinit2.o)
    0x0800220e   0x00000000   Code   RO         6607    .ARM.Collect$$libinit$$00000015  c_w.l(libinit2.o)
    0x0800220e   0x00000000   Code   RO         6609    .ARM.Collect$$libinit$$00000017  c_w.l(libinit2.o)
    0x0800220e   0x00000000   Code   RO         6611    .ARM.Collect$$libinit$$00000019  c_w.l(libinit2.o)
    0x0800220e   0x00000000   Code   RO         6613    .ARM.Collect$$libinit$$0000001B  c_w.l(libinit2.o)
    0x0800220e   0x00000000   Code   RO         6615    .ARM.Collect$$libinit$$0000001D  c_w.l(libinit2.o)
    0x0800220e   0x00000000   Code   RO         6617    .ARM.Collect$$libinit$$0000001F  c_w.l(libinit2.o)
    0x0800220e   0x00000000   Code   RO         6619    .ARM.Collect$$libinit$$00000021  c_w.l(libinit2.o)
    0x0800220e   0x00000000   Code   RO         6621    .ARM.Collect$$libinit$$00000023  c_w.l(libinit2.o)
    0x0800220e   0x00000000   Code   RO         6623    .ARM.Collect$$libinit$$00000025  c_w.l(libinit2.o)
    0x0800220e   0x00000000   Code   RO         6627    .ARM.Collect$$libinit$$0000002C  c_w.l(libinit2.o)
    0x0800220e   0x00000000   Code   RO         6629    .ARM.Collect$$libinit$$0000002E  c_w.l(libinit2.o)
    0x0800220e   0x00000000   Code   RO         6631    .ARM.Collect$$libinit$$00000030  c_w.l(libinit2.o)
    0x0800220e   0x00000004   Code   RO         6632    .ARM.Collect$$libinit$$00000031  c_w.l(libinit2.o)
    0x08002212   0x00000000   Code   RO         6633    .ARM.Collect$$libinit$$00000032  c_w.l(libinit2.o)
    0x08002212   0x00000002   Code   RO         6634    .ARM.Collect$$libinit$$00000033  c_w.l(libinit2.o)
    0x08002214   0x00000002   Code   RO         6931    .ARM.Collect$$libshutdown$$00000000  c_w.l(libshutdown.o)
    0x08002216   0x00000006   Code   RO         6635    .ARM.Collect$$libshutdown$$00000001  c_w.l(libshutdown2.o)
    0x0800221c   0x00000000   Code   RO         6637    .ARM.Collect$$libshutdown$$00000003  c_w.l(libshutdown2.o)
    0x0800221c   0x00000000   Code   RO         6640    .ARM.Collect$$libshutdown$$00000006  c_w.l(libshutdown2.o)
    0x0800221c   0x00000000   Code   RO         6643    .ARM.Collect$$libshutdown$$00000009  c_w.l(libshutdown2.o)
    0x0800221c   0x00000000   Code   RO         6645    .ARM.Collect$$libshutdown$$0000000B  c_w.l(libshutdown2.o)
    0x0800221c   0x00000000   Code   RO         6648    .ARM.Collect$$libshutdown$$0000000E  c_w.l(libshutdown2.o)
    0x0800221c   0x00000002   Code   RO         6649    .ARM.Collect$$libshutdown$$0000000F  c_w.l(libshutdown2.o)
    0x0800221e   0x00000000   Code   RO         6508    .ARM.Collect$$rtentry$$00000000  c_w.l(__rtentry.o)
    0x0800221e   0x00000000   Code   RO         6709    .ARM.Collect$$rtentry$$00000002  c_w.l(__rtentry2.o)
    0x0800221e   0x00000006   Code   RO         6721    .ARM.Collect$$rtentry$$00000004  c_w.l(__rtentry4.o)
    0x08002224   0x00000000   Code   RO         6711    .ARM.Collect$$rtentry$$00000009  c_w.l(__rtentry2.o)
    0x08002224   0x00000004   Code   RO         6712    .ARM.Collect$$rtentry$$0000000A  c_w.l(__rtentry2.o)
    0x08002228   0x00000000   Code   RO         6714    .ARM.Collect$$rtentry$$0000000C  c_w.l(__rtentry2.o)
    0x08002228   0x00000008   Code   RO         6715    .ARM.Collect$$rtentry$$0000000D  c_w.l(__rtentry2.o)
    0x08002230   0x00000002   Code   RO         6868    .ARM.Collect$$rtexit$$00000000  c_w.l(rtexit.o)
    0x08002232   0x00000000   Code   RO         6899    .ARM.Collect$$rtexit$$00000002  c_w.l(rtexit2.o)
    0x08002232   0x00000004   Code   RO         6900    .ARM.Collect$$rtexit$$00000003  c_w.l(rtexit2.o)
    0x08002236   0x00000006   Code   RO         6901    .ARM.Collect$$rtexit$$00000004  c_w.l(rtexit2.o)
    0x0800223c   0x000000a2   Code   RO         5112    .emb_text           port.o
    0x080022de   0x00000002   PAD
    0x080022e0   0x00000000   Code   RO         6810    .emb_text           c_w.l(maybetermalloc1.o)
    0x080022e0   0x00000040   Code   RO         4523    .text               startup_gd32f10x_cl.o
    0x08002320   0x0000000c   Code   RO         6290    .text               c_w.l(strtok.o)
    0x0800232c   0x00000024   Code   RO         6293    .text               c_w.l(strstr.o)
    0x08002350   0x0000003e   Code   RO         6297    .text               c_w.l(strlen.o)
    0x0800238e   0x00000018   Code   RO         6299    .text               c_w.l(strcat.o)
    0x080023a6   0x0000008a   Code   RO         6301    .text               c_w.l(rt_memcpy_v6.o)
    0x08002430   0x00000010   Code   RO         6303    .text               c_w.l(aeabi_memset.o)
    0x08002440   0x00000044   Code   RO         6305    .text               c_w.l(rt_memclr.o)
    0x08002484   0x0000004e   Code   RO         6307    .text               c_w.l(rt_memclr_w.o)
    0x080024d2   0x00000002   PAD
    0x080024d4   0x00000080   Code   RO         6311    .text               c_w.l(strcmpv7m.o)
    0x08002554   0x00000006   Code   RO         6313    .text               c_w.l(heapauxi.o)
    0x0800255a   0x00000002   PAD
    0x0800255c   0x00000024   Code   RO         6320    .text               c_w.l(init_aeabi.o)
    0x08002580   0x00000008   Code   RO         6512    .text               c_w.l(rt_ddtor_pointer_addr_intlibspace.o)
    0x08002588   0x0000005e   Code   RO         6518    .text               c_w.l(h1_alloc.o)
    0x080025e6   0x0000004e   Code   RO         6520    .text               c_w.l(h1_free.o)
    0x08002634   0x00000016   Code   RO         6576    .text               c_w.l(_rserrno.o)
    0x0800264a   0x00000002   PAD
    0x0800264c   0x00000044   Code   RO         6586    .text               c_w.l(strtok_int.o)
    0x08002690   0x00000064   Code   RO         6588    .text               c_w.l(rt_memcpy_w.o)
    0x080026f4   0x00000008   Code   RO         6703    .text               c_w.l(libspace.o)
    0x080026fc   0x00000008   Code   RO         6726    .text               c_w.l(rt_heap_descriptor_intlibspace.o)
    0x08002704   0x00000008   Code   RO         6731    .text               c_w.l(rt_errno_addr_intlibspace.o)
    0x0800270c   0x00000004   Code   RO         6733    .text               c_w.l(hguard.o)
    0x08002710   0x0000008a   Code   RO         6735    .text               c_w.l(init_alloc.o)
    0x0800279a   0x0000000e   Code   RO         6739    .text               c_w.l(h1_init.o)
    0x080027a8   0x00000020   Code   RO         6769    .text               c_w.l(strcspn.o)
    0x080027c8   0x0000001c   Code   RO         6771    .text               c_w.l(strspn.o)
    0x080027e4   0x0000004a   Code   RO         6801    .text               c_w.l(sys_stackheap_outer.o)
    0x0800282e   0x00000034   Code   RO         6812    .text               c_w.l(h1_extend.o)
    0x08002862   0x0000000c   Code   RO         6831    .text               c_w.l(exit.o)
    0x0800286e   0x0000000e   Code   RO         6839    .text               c_w.l(defsig_rtmem_outer.o)
    0x0800287c   0x0000000c   Code   RO         6863    .text               c_w.l(sys_exit.o)
    0x08002888   0x00000002   Code   RO         6865    .text               c_w.l(use_no_semi.o)
    0x0800288a   0x00000000   Code   RO         6867    .text               c_w.l(indicate_semi.o)
    0x0800288a   0x0000000a   Code   RO         6884    .text               c_w.l(defsig_exit.o)
    0x08002894   0x00000050   Code   RO         6892    .text               c_w.l(defsig_rtmem_inner.o)
    0x080028e4   0x00000032   Code   RO         6921    .text               c_w.l(defsig_general.o)
    0x08002916   0x0000000e   Code   RO         6925    .text               c_w.l(sys_wrch.o)
    0x08002924   0x00000010   Code   RO          331    i.CAN0_RX0_IRQHandler  can.o
    0x08002934   0x00000010   Code   RO          332    i.CAN0_RX1_IRQHandler  can.o
    0x08002944   0x00000010   Code   RO          333    i.CAN0_TX_IRQHandler  can.o
    0x08002954   0x00000010   Code   RO          334    i.CAN1_RX0_IRQHandler  can.o
    0x08002964   0x00000010   Code   RO          335    i.CAN1_RX1_IRQHandler  can.o
    0x08002974   0x00000010   Code   RO          336    i.CAN1_TX_IRQHandler  can.o
    0x08002984   0x00000038   Code   RO          337    i.CAN_Init          can.o
    0x080029bc   0x0000003a   Code   RO         1244    i.Is_Leap_Year      rtc.o
    0x080029f6   0x00000002   PAD
    0x080029f8   0x00000120   Code   RO         1245    i.RTC_Get           rtc.o
    0x08002b18   0x000000c4   Code   RO         1246    i.RTC_Set           rtc.o
    0x08002bdc   0x00000086   Code   RO         1247    i.Rtc_configuration  rtc.o
    0x08002c62   0x00000002   PAD
    0x08002c64   0x00000080   Code   RO         4480    i.SystemInit        system_gd32f10x.o
    0x08002ce4   0x00000010   Code   RO          536    i.UART3_IRQHandler  usart.o
    0x08002cf4   0x00000030   Code   RO          537    i.Usart_Init        usart.o
    0x08002d24   0x00000034   Code   RO          710    i.Write_cmd         oled_display.o
    0x08002d58   0x00000034   Code   RO          711    i.Write_data        oled_display.o
    0x08002d8c   0x00000060   Code   RO         6168    i._Z10AsciitoHexPhS_  ydt1363.o
    0x08002dec   0x0000004a   Code   RO         2238    i._Z10CheckCrc16PhjS_  user.o
    0x08002e36   0x00000002   PAD
    0x08002e38   0x000002a0   Code   RO         2326    i._Z10FindOnSolth   staggeredpeak.o
    0x080030d8   0x000000c6   Code   RO         6169    i._Z10GetPackLenP11ytd1363datatPt  ydt1363.o
    0x0800319e   0x00000034   Code   RO         6170    i._Z10HextoAsciiPhS_  ydt1363.o
    0x080031d2   0x00000002   PAD
    0x080031d4   0x00000068   Code   RO         1765    i._Z10SetDCDMenuP6Screen  setmenuitem.o
    0x0800323c   0x00000030   Code   RO         6171    i._Z10SetYDT1363P11ytd1363datahPvh  ydt1363.o
    0x0800326c   0x00000066   Code   RO         2239    i._Z10getdatalenPtPh  user.o
    0x080032d2   0x00000002   PAD
    0x080032d4   0x000001b0   Code   RO         2043    i._Z10minusAlarm9AlarmTypeh13AlarmBehavior  alarmandrecord.o
    0x08003484   0x00000320   Code   RO         6172    i._Z10warnChangePhP10WarnStruct  ydt1363.o
    0x080037a4   0x00000010   Code   RO         6173    i._Z11LittleToBigt  ydt1363.o
    0x080037b4   0x00000e9c   Code   RO         2044    i._Z11OnTickAlarmv  alarmandrecord.o
    0x08004650   0x000000e8   Code   RO         2240    i._Z11ReplyUpDatahPhPt  user.o
    0x08004738   0x00000084   Code   RO         6029    i._Z11SCREEN_TaskPv  screentask.o
    0x080047bc   0x000001c4   Code   RO         1766    i._Z11SetBootMenuP6Screen  setmenuitem.o
    0x08004980   0x000000a4   Code   RO         1767    i._Z11SetIimeParaP6Screen  setmenuitem.o
    0x08004a24   0x000002d8   Code   RO         1768    i._Z11SetPeakParaP6Screen  setmenuitem.o
    0x08004cfc   0x00000070   Code   RO         1190    i._Z11SetUserNamehPhh  initdata.o
    0x08004d6c   0x000000ec   Code   RO         2327    i._Z11SpeakOnTickv  staggeredpeak.o
    0x08004e58   0x00000298   Code   RO         2241    i._Z11UpDateFlashPhPt  user.o
    0x080050f0   0x000064d4   Code   RO         6174    i._Z11get1363dataPhS_  ydt1363.o
    0x0800b5c4   0x00000090   Code   RO         2242    i._Z11getInfodataPh  user.o
    0x0800b654   0x00000068   Code   RO         1769    i._Z11setSMRONOFFP6Screen  setmenuitem.o
    0x0800b6bc   0x0000007c   Code   RO         6175    i._Z12AsciitoHex16Ph  ydt1363.o
    0x0800b738   0x000000be   Code   RO         6176    i._Z12AsciitoHex32Ph  ydt1363.o
    0x0800b7f6   0x00000002   PAD
    0x0800b7f8   0x00000290   Code   RO         2243    i._Z12DuleWithDataPhPt  user.o
    0x0800ba88   0x00000020   Code   RO         2244    i._Z12ErrEscUpDatav  user.o
    0x0800baa8   0x00000034   Code   RO         2328    i._Z12GetSpeakFlaghh  staggeredpeak.o
    0x0800badc   0x00000040   Code   RO         2329    i._Z12GetTimeInMintPhh  staggeredpeak.o
    0x0800bb1c   0x00000024   Code   RO         6147    i._Z12Monitor_TaskPv  monitortask.o
    0x0800bb40   0x000001e0   Code   RO         1770    i._Z12SetAlarmParaP6Screen  setmenuitem.o
    0x0800bd20   0x00000058   Code   RO         2330    i._Z12SetSPeakDatahhh  staggeredpeak.o
    0x0800bd78   0x00000200   Code   RO         1771    i._Z12SetSleepParaP6Screen  setmenuitem.o
    0x0800bf78   0x00000058   Code   RO         2331    i._Z12SetSpeakFlaghh9SpeakFlag  staggeredpeak.o
    0x0800bfd0   0x000000cc   Code   RO         2045    i._Z12removeModuleh  alarmandrecord.o
    0x0800c09c   0x00000060   Code   RO         2332    i._Z13DateToYeardayhh  staggeredpeak.o
    0x0800c0fc   0x000001e0   Code   RO         1641    i._Z13OnTickSetParaP6Screen  menuitem.o
    0x0800c2dc   0x00000040   Code   RO         1642    i._Z13SetScreenItemP4ItemPhPvS1_h  menuitem.o
    0x0800c31c   0x00000094   Code   RO         2333    i._Z13YeardayToDatetPhh  staggeredpeak.o
    0x0800c3b0   0x00000110   Code   RO         2046    i._Z13setFirstAlarmt  alarmandrecord.o
    0x0800c4c0   0x00000064   Code   RO         2334    i._Z14SetIimeIntevalhhhh  staggeredpeak.o
    0x0800c524   0x0000001c   Code   RO          256    i._Z15I2C_gpio_configv  i2c.o
    0x0800c540   0x00000078   Code   RO         2245    i._Z15SaveDataToFlashtPh  user.o
    0x0800c5b8   0x000000b8   Code   RO         1772    i._Z15SetBattDownParaP6Screen  setmenuitem.o
    0x0800c670   0x00000128   Code   RO         1773    i._Z15SetBattTestMenuP6Screen  setmenuitem.o
    0x0800c798   0x00000454   Code   RO         1774    i._Z15SetUserDownParaP6Screen  setmenuitem.o
    0x0800cbec   0x00000180   Code   RO         6074    i._Z15Swtmr1_CallbackPv  swtmr1callback.o
    0x0800cd6c   0x00000020   Code   RO         6099    i._Z15Swtmr2_CallbackPv  swtmr2callback.o
    0x0800cd8c   0x00000154   Code   RO         1775    i._Z15setOnRemoteCtrlP6Screen  setmenuitem.o
    0x0800cee0   0x00000198   Code   RO         1776    i._Z16SetPeakShaveParaP6Screen  setmenuitem.o
    0x0800d078   0x00000194   Code   RO         1777    i._Z16SetPeakShiftParaP6Screen  setmenuitem.o
    0x0800d20c   0x00000260   Code   RO         2047    i._Z16addIndexForAlarm9AlarmTypet  alarmandrecord.o
    0x0800d46c   0x0000002e   Code   RO         2246    i._Z17ActiitoHexOneBytePhS_  user.o
    0x0800d49a   0x00000002   PAD
    0x0800d49c   0x000002d0   Code   RO         2115    i._Z18DownElectronicCtrlv  downelectronicctrl.o
    0x0800d76c   0x0000013c   Code   RO         1778    i._Z18GetAlarmRecordMenuP6Screen  setmenuitem.o
    0x0800d8a8   0x000000a8   Code   RO         1779    i._Z18SetBattParaSetMenuP6Screen  setmenuitem.o
    0x0800d950   0x0000027c   Code   RO         1780    i._Z19SetCalibrationBattIP6Screen  setmenuitem.o
    0x0800dbcc   0x00000128   Code   RO         1781    i._Z19SetCalibrationBattVP6Screen  setmenuitem.o
    0x0800dcf4   0x00000154   Code   RO         6177    i._Z19protocol_TieTa_1363hhhhhPh  ydt1363.o
    0x0800de48   0x0000006c   Code   RO         2116    i._Z20DownElectronicOnTickv  downelectronicctrl.o
    0x0800deb4   0x00000224   Code   RO         1782    i._Z20GetEenergyRecordMenuP6Screen  setmenuitem.o
    0x0800e0d8   0x00000188   Code   RO         1783    i._Z21GetBattTestRecordMenuP6Screen  setmenuitem.o
    0x0800e260   0x0000010c   Code   RO         2117    i._Z22DownElectronicDetectACv  downelectronicctrl.o
    0x0800e36c   0x000004d8   Code   RO         6178    i._Z7GetdataP11ytd1363datahPhPt  ydt1363.o
    0x0800e844   0x000000dc   Code   RO         1784    i._Z7SetOterP6Screen  setmenuitem.o
    0x0800e920   0x00002264   Code   RO         1643    i._Z7setMenuPP4Item  menuitem.o
    0x08010b84   0x00000094   Code   RO         6008    i._Z8CAN_TaskPv     cantask.o
    0x08010c18   0x000001d4   Code   RO         1191    i._Z8InitDatav      initdata.o
    0x08010dec   0x00000058   Code   RO         1785    i._Z8Save40D7v      setmenuitem.o
    0x08010e44   0x00000034   Code   RO         1786    i._Z8SaveE1D3v      setmenuitem.o
    0x08010e78   0x00000078   Code   RO         1787    i._Z8SaveE2D3v      setmenuitem.o
    0x08010ef0   0x0000017c   Code   RO         2048    i._Z8addAlarm9AlarmTypeh13AlarmBehavior  alarmandrecord.o
    0x0801106c   0x0000000c   Code   RO         1123    i._Z8bswap_16t      database.o
    0x08011078   0x0000001a   Code   RO         1124    i._Z8bswap_32j      database.o
    0x08011092   0x00000002   PAD
    0x08011094   0x00000094   Code   RO         2049    i._Z8ledFlashh      alarmandrecord.o
    0x08011128   0x00000074   Code   RO         2118    i._Z8setRelayhh     downelectronicctrl.o
    0x0801119c   0x00000032   Code   RO         6179    i._Z9Check_SumPht   ydt1363.o
    0x080111ce   0x00000002   PAD
    0x080111d0   0x0000002c   Code   RO         6053    i._Z9PORT_TaskPv    porttask.o
    0x080111fc   0x000000e8   Code   RO         1788    i._Z9ShowALARMP6Screen  setmenuitem.o
    0x080112e4   0x00000034   Code   RO         1192    i._Z9SoftResetv     initdata.o
    0x08011318   0x0000001c   Code   RO         6123    i._Z9Uart_TaskPv    usarttask.o
    0x08011334   0x00000274   Code   RO         1789    i._Z9setDiParaP6Screen  setmenuitem.o
    0x080115a8   0x0000010c   Code   RO         1969    i._ZN12BattCapacity15CalculateOutPutEv  battery.o
    0x080116b4   0x00000158   Code   RO         1970    i._ZN12BattCapacity16CalculateInBoostEv  battery.o
    0x0801180c   0x00000158   Code   RO         1971    i._ZN12BattCapacity16CalculateInFloatEv  battery.o
    0x08011964   0x0000007c   Code   RO         1973    i._ZN12BattCapacity6AdjustEh  battery.o
    0x080119e0   0x000001f0   Code   RO         1974    i._ZN12BattCapacity6UpdateEtsjh  battery.o
    0x08011bd0   0x00000064   Code   RO         1975    i._ZN12BattCapacityC1Ev  battery.o
    0x08011c34   0x00000002   Code   RO         1976    i._ZN12BattCapacityD1Ev  battery.o
    0x08011c36   0x00000002   PAD
    0x08011c38   0x0000005c   Code   RO          257    i._ZN3I2C11ReceiveByteEv  i2c.o
    0x08011c94   0x00000044   Code   RO          259    i._ZN3I2C4StopEv    i2c.o
    0x08011cd8   0x00000044   Code   RO          260    i._ZN3I2C5NoAckEv   i2c.o
    0x08011d1c   0x00000060   Code   RO          261    i._ZN3I2C5StartEv   i2c.o
    0x08011d7c   0x0000000e   Code   RO          262    i._ZN3I2C5delayEv   i2c.o
    0x08011d8a   0x00000002   PAD
    0x08011d8c   0x00000054   Code   RO          263    i._ZN3I2C7WaitAckEv  i2c.o
    0x08011de0   0x00000060   Code   RO          264    i._ZN3I2C8SendByteEh  i2c.o
    0x08011e40   0x0000000c   Code   RO          265    i._ZN3I2CC1Ev       i2c.o
    0x08011e4c   0x00000160   Code   RO          843    i._ZN3adc12ReadADResultEv  adc.o
    0x08011fac   0x00000014   Code   RO          844    i._ZN3adc8startADCEv  adc.o
    0x08011fc0   0x00000020   Code   RO          845    i._ZN3adcC1EPtt     adc.o
    0x08011fe0   0x0000003c   Code   RO          712    i._ZN4OLED12GetCNFontId2EPh  oled_display.o
    0x0801201c   0x0000003e   Code   RO          713    i._ZN4OLED12Refresh_GramEv  oled_display.o
    0x0801205a   0x00000038   Code   RO          714    i._ZN4OLED4FillEhhhhh  oled_display.o
    0x08012092   0x00000002   PAD
    0x08012094   0x0000006c   Code   RO          715    i._ZN4OLED4InitEv   oled_display.o
    0x08012100   0x00000026   Code   RO          716    i._ZN4OLED5ClearEv  oled_display.o
    0x08012126   0x00000020   Code   RO          717    i._ZN4OLED7delaymsEh  oled_display.o
    0x08012146   0x00000002   PAD
    0x08012148   0x000000a0   Code   RO          718    i._ZN4OLED8ShowCharEhhhhh  oled_display.o
    0x080121e8   0x0000007e   Code   RO          721    i._ZN4OLED9DrawPointEhhh  oled_display.o
    0x08012266   0x00000002   PAD
    0x08012268   0x00000100   Code   RO          722    i._ZN4OLED9ShowFont2Ehhth  oled_display.o
    0x08012368   0x0000001a   Code   RO          724    i._ZN4OLED9clrScreenEv  oled_display.o
    0x08012382   0x00000010   Code   RO          725    i._ZN4OLEDC1Ev      oled_display.o
    0x08012392   0x00000002   PAD
    0x08012394   0x00000020   Code   RO         1072    i._ZN4gpio3getEh    gpio.o
    0x080123b4   0x00000038   Code   RO         1073    i._ZN4gpio3setEhh   gpio.o
    0x080123ec   0x00000162   Code   RO         1074    i._ZN4gpio7scankeyEt  gpio.o
    0x0801254e   0x00000002   PAD
    0x08012550   0x00000038   Code   RO         1075    i._ZN4gpio8setOnOffEh  gpio.o
    0x08012588   0x000000c8   Code   RO         1076    i._ZN4gpioC1Ev      gpio.o
    0x08012650   0x00000340   Code   RO         1412    i._ZN5h52c010portOntickEv  h52c0.o
    0x08012990   0x000000e8   Code   RO         1413    i._ZN5h52c014ad_calibrationEh  h52c0.o
    0x08012a78   0x000001dc   Code   RO         1414    i._ZN5h52c016SaveEnergyOnTickEv  h52c0.o
    0x08012c54   0x00000034   Code   RO         1415    i._ZN5h52c016SaverUserEenergyEv  h52c0.o
    0x08012c88   0x000000fc   Code   RO         1416    i._ZN5h52c04InitEv  h52c0.o
    0x08012d84   0x00000010   Code   RO         1417    i._ZN5h52c05clrdoEh  h52c0.o
    0x08012d94   0x00000010   Code   RO         1418    i._ZN5h52c05setdoEh  h52c0.o
    0x08012da4   0x00000110   Code   RO         1419    i._ZN5h52c06GetAdcEv  h52c0.o
    0x08012eb4   0x00000028   Code   RO         1420    i._ZN5h52c07readI2CEtPht  h52c0.o
    0x08012edc   0x000002b4   Code   RO         1421    i._ZN5h52c08InitParaEv  h52c0.o
    0x08013190   0x0000005a   Code   RO         1423    i._ZN5h52c08saveParaEPv  h52c0.o
    0x080131ea   0x00000002   PAD
    0x080131ec   0x00000028   Code   RO         1424    i._ZN5h52c08writeI2CEtPht  h52c0.o
    0x08013214   0x00000022   Code   RO         1425    i._ZN5h52c09GetOffSetEPv  h52c0.o
    0x08013236   0x00000002   PAD
    0x08013238   0x00000044   Code   RO         1427    i._ZN5h52c0C1Ev     h52c0.o
    0x0801327c   0x00000002   Code   RO         1428    i._ZN5h52c0D1Ev     h52c0.o
    0x0801327e   0x00000028   Code   RO          912    i._ZN6E2PROM10ReadStringEtPht  e2prom.o
    0x080132a6   0x00000028   Code   RO          913    i._ZN6E2PROM11WriteStringEtPht  e2prom.o
    0x080132ce   0x00000078   Code   RO          914    i._ZN6E2PROM8ReadByteEt  e2prom.o
    0x08013346   0x0000007e   Code   RO          915    i._ZN6E2PROM9WriteByteEht  e2prom.o
    0x080133c4   0x0000001c   Code   RO          952    i._ZN6E2PROMC1Eht   e2prom.o
    0x080133e0   0x00000378   Code   RO         1701    i._ZN6Module16AssignAndGetDataEP9CanRuleLnP8DATABASE  module.o
    0x08013758   0x0000000e   Code   RO         1702    i._ZN6Module7SetParaEPtPhS1_S1_  module.o
    0x08013766   0x00000004   Code   RO         1703    i._ZN6ModuleC1EPh   module.o
    0x0801376a   0x00000002   Code   RO         1704    i._ZN6ModuleD1Ev    module.o
    0x0801376c   0x00000014   Code   RO         1541    i._ZN6Screen11ClearScreenEv  screen.o
    0x08013780   0x00000e14   Code   RO         1542    i._ZN6Screen11DealWithKeyEP4Item  screen.o
    0x08014594   0x00000016   Code   RO         1543    i._ZN6Screen12SetScreenFunEPFhPvE  screen.o
    0x080145aa   0x00000116   Code   RO         1544    i._ZN6Screen3HMIEv  screen.o
    0x080146c0   0x00000900   Code   RO         1545    i._ZN6Screen5printEhhhhP4ItemP9CoursCtrl  screen.o
    0x08014fc0   0x000000b2   Code   RO         1546    i._ZN6Screen5reSetEP4Itemh  screen.o
    0x08015072   0x00000004   Code   RO         1547    i._ZN6Screen6SetKeyEP8KeyStats  screen.o
    0x08015076   0x00000002   PAD
    0x08015078   0x00000108   Code   RO         1548    i._ZN6Screen6printDEPhS0_S0_Pvhhhh  screen.o
    0x08015180   0x00000004   Code   RO         1549    i._ZN6Screen7SetOledEP4OLED  screen.o
    0x08015184   0x00000014   Code   RO         1550    i._ZN6Screen9FreshGramEv  screen.o
    0x08015198   0x00000052   Code   RO         1551    i._ZN6ScreenC1EPP4ItemS2_  screen.o
    0x080151ea   0x00000002   Code   RO         1552    i._ZN6ScreenD1Ev    screen.o
    0x080151ec   0x00000048   Code   RO          338    i._ZN7CanPort11onRecvFrameEhP6CanBuf  can.o
    0x08015234   0x00000078   Code   RO          339    i._ZN7CanPort14SendCanMessageEP6CanBuf  can.o
    0x080152ac   0x00000082   Code   RO          340    i._ZN7CanPort14WriteToRecvBufEP26can_receive_message_structh  can.o
    0x0801532e   0x00000002   PAD
    0x08015330   0x00000060   Code   RO          341    i._ZN7CanPort7rIRQpfnERS_h  can.o
    0x08015390   0x0000003c   Code   RO          342    i._ZN7CanPort7sIRQpfnERS_  can.o
    0x080153cc   0x0000005c   Code   RO          343    i._ZN7CanPort8SendDataEP6CanBuf  can.o
    0x08015428   0x00000028   Code   RO          344    i._ZN7CanPortC1EhtP5QueueI6CanBufES3_  can.o
    0x08015450   0x00000380   Code   RO          971    i._ZN7Monitor13MonitorOnTickEPv  monitor.o
    0x080157d0   0x00000288   Code   RO          972    i._ZN7Monitor16ChargeConversionEv  monitor.o
    0x08015a58   0x000000b4   Code   RO          973    i._ZN7Monitor18getBattDischageSOCEj  monitor.o
    0x08015b0c   0x000000ac   Code   RO          974    i._ZN7Monitor29ChargeConversionAndSleepOnSecEv  monitor.o
    0x08015bb8   0x000000b0   Code   RO          975    i._ZN7Monitor4InitEv  monitor.o
    0x08015c68   0x00000968   Code   RO          976    i._ZN7Monitor5SleepEPv  monitor.o
    0x080165d0   0x000012a0   Code   RO          977    i._ZN7Monitor6LimitIEPv  monitor.o
    0x08017870   0x00000164   Code   RO          978    i._ZN7Monitor8SetVParaEPv  monitor.o
    0x080179d4   0x00000002   Code   RO          979    i._ZN7MonitorC1Ev   monitor.o
    0x080179d6   0x00000002   Code   RO          980    i._ZN7MonitorD1Ev   monitor.o
    0x080179d8   0x00000002   Code   RO         5771    i._ZN7networkC1Ev   network.o
    0x080179da   0x0000001c   Code   RO         1126    i._ZN8DATABASE11GetDataAddrEh  database.o
    0x080179f6   0x00000006   Code   RO         1127    i._ZN8DATABASE4InitEhh  database.o
    0x080179fc   0x0000011a   Code   RO         1128    i._ZN8DATABASE6AppendEh  database.o
    0x08017b16   0x00000042   Code   RO         5860    i._ZN9CanRuleLn11DeletSNListEP10_LeiNengSN  canruleln.o
    0x08017b58   0x00000700   Code   RO         5861    i._ZN9CanRuleLn12DuleWithDataEP6CanBufP8DATABASE  canruleln.o
    0x08018258   0x00000014   Code   RO         5862    i._ZN9CanRuleLn14SetModuleOnOffEhh  canruleln.o
    0x0801826c   0x000001c8   Code   RO         5863    i._ZN9CanRuleLn16PollingModuleCmdEP6CanBuf  canruleln.o
    0x08018434   0x0000006e   Code   RO         5864    i._ZN9CanRuleLn18ModuleOnLineDetectEP8DATABASE  canruleln.o
    0x080184a2   0x000000fa   Code   RO         5867    i._ZN9CanRuleLn7SendCmdEP6CanBufP8DATABASE  canruleln.o
    0x0801859c   0x000000a8   Code   RO         5868    i._ZN9CanRuleLnC1Ev  canruleln.o
    0x08018644   0x0000001e   Code   RO         5869    i._ZN9CanRuleLnD1Ev  canruleln.o
    0x08018662   0x00000002   PAD
    0x08018664   0x0000001c   Code   RO          538    i._ZN9UsartPort10EnableRecvEv  usart.o
    0x08018680   0x0000001c   Code   RO          539    i._ZN9UsartPort11DisableRecvEv  usart.o
    0x0801869c   0x000001e0   Code   RO          540    i._ZN9UsartPort11onRecvFrameEPFPvS0_S0_E  usart.o
    0x0801887c   0x0000014c   Code   RO          541    i._ZN9UsartPort6IRQpfnERS_  usart.o
    0x080189c8   0x00000054   Code   RO          542    i._ZN9UsartPort8SendDataEPht  usart.o
    0x08018a1c   0x0000003c   Code   RO          543    i._ZN9UsartPortC1EhtP5QueueIhES2_  usart.o
    0x08018a58   0x00000008   Code   RO         6323    i._ZdaPv            cpprt_w.l(array_del.o)
    0x08018a60   0x00000008   Code   RO         6326    i._ZdlPv            cpprt_w.l(delete.o)
    0x08018a68   0x00000032   Code   RO         6435    i.__aeabi_atexit    cpprt_w.l(aeabi_atexit.o)
    0x08018a9a   0x00000042   Code   RO         6653    i.__cxa_finalize    cpprt_w.l(cxa_finalize.o)
    0x08018adc   0x000000aa   Code   RO         6700    i.__kernel_poly     m_ws.l(poly.o)
    0x08018b86   0x00000002   PAD
    0x08018b88   0x00000010   Code   RO         6686    i.__mathlib_dbl_divzero  m_ws.l(dunder.o)
    0x08018b98   0x00000006   Code   RO         6687    i.__mathlib_dbl_infnan  m_ws.l(dunder.o)
    0x08018b9e   0x0000000c   Code   RO         6689    i.__mathlib_dbl_invalid  m_ws.l(dunder.o)
    0x08018baa   0x00000002   PAD
    0x08018bac   0x00000020   Code   RO          916    i.__sti___10_E2PROM_cpp_gEprom  e2prom.o
    0x08018bcc   0x0000002c   Code   RO         1553    i.__sti___10_Screen_cpp_7b7f2f66  screen.o
    0x08018bf8   0x00000028   Code   RO         1705    i.__sti___10_module_cpp_df9c3874  module.o
    0x08018c20   0x00000020   Code   RO         1977    i.__sti___11_battery_cpp_gbattCap  battery.o
    0x08018c40   0x00000020   Code   RO          981    i.__sti___11_monitor_cpp_21fc56ba  monitor.o
    0x08018c60   0x00000010   Code   RO         5772    i.__sti___11_network_cpp_txsize  network.o
    0x08018c70   0x00000020   Code   RO         5870    i.__sti___13_canruleln_cpp_testaddr  canruleln.o
    0x08018c90   0x00000010   Code   RO          726    i.__sti___16_oled_display_cpp_gOled  oled_display.o
    0x08018ca0   0x0000008c   Code   RO          345    i.__sti___7_CAN_cpp_7264de47  can.o
    0x08018d2c   0x00000018   Code   RO          846    i.__sti___7_adc_cpp_gadc  adc.o
    0x08018d44   0x00000010   Code   RO         1077    i.__sti___8_gpio_cpp_inputIO  gpio.o
    0x08018d54   0x00000054   Code   RO          544    i.__sti___9_USART_cpp_com4rbuf  usart.o
    0x08018da8   0x00000020   Code   RO         1429    i.__sti___9_h52c0_cpp_gh52c0  h52c0.o
    0x08018dc8   0x00000046   Code   RO         3550    i.adc_channel_length_config  gd32f10x_adc.o
    0x08018e0e   0x00000002   PAD
    0x08018e10   0x000000c4   Code   RO          847    i.adc_config        adc.o
    0x08018ed4   0x00000016   Code   RO         3551    i.adc_data_alignment_config  gd32f10x_adc.o
    0x08018eea   0x00000002   PAD
    0x08018eec   0x00000040   Code   RO         3552    i.adc_deinit        gd32f10x_adc.o
    0x08018f2c   0x0000000a   Code   RO         3556    i.adc_dma_mode_enable  gd32f10x_adc.o
    0x08018f36   0x00000012   Code   RO         3557    i.adc_enable        gd32f10x_adc.o
    0x08018f48   0x0000003e   Code   RO         3558    i.adc_external_trigger_config  gd32f10x_adc.o
    0x08018f86   0x00000030   Code   RO         3559    i.adc_external_trigger_source_config  gd32f10x_adc.o
    0x08018fb6   0x00000002   PAD
    0x08018fb8   0x0000004c   Code   RO          848    i.adc_gpio_config   adc.o
    0x08019004   0x0000001c   Code   RO         3570    i.adc_mode_config   gd32f10x_adc.o
    0x08019020   0x000000ac   Code   RO         3571    i.adc_regular_channel_config  gd32f10x_adc.o
    0x080190cc   0x0000001e   Code   RO         3574    i.adc_software_trigger_enable  gd32f10x_adc.o
    0x080190ea   0x0000005a   Code   RO         3575    i.adc_special_function_config  gd32f10x_adc.o
    0x08019144   0x00000038   Code   RO         4052    i.bkp_data_read     gd32f10x_bkp.o
    0x0801917c   0x00000034   Code   RO         4053    i.bkp_data_write    gd32f10x_bkp.o
    0x080191b0   0x0000000c   Code   RO         4054    i.bkp_deinit        gd32f10x_bkp.o
    0x080191bc   0x000000c0   Code   RO          346    i.can_config        can.o
    0x0801927c   0x00000020   Code   RO         2798    i.can_deinit        gd32f10x_can.o
    0x0801929c   0x00000110   Code   RO         2801    i.can_filter_init   gd32f10x_can.o
    0x080193ac   0x00000060   Code   RO          347    i.can_gpio_config   can.o
    0x0801940c   0x00000122   Code   RO         2804    i.can_init          gd32f10x_can.o
    0x0801952e   0x00000008   Code   RO         2805    i.can_interrupt_disable  gd32f10x_can.o
    0x08019536   0x00000008   Code   RO         2806    i.can_interrupt_enable  gd32f10x_can.o
    0x0801953e   0x000000e4   Code   RO         2809    i.can_message_receive  gd32f10x_can.o
    0x08019622   0x00000002   PAD
    0x08019624   0x00000150   Code   RO         2810    i.can_message_transmit  gd32f10x_can.o
    0x08019774   0x0000009e   Code   RO         2813    i.can_struct_para_init  gd32f10x_can.o
    0x08019812   0x00000032   Code   RO         3768    i.dma_channel_enable  gd32f10x_dma.o
    0x08019844   0x00000032   Code   RO         3770    i.dma_circulation_enable  gd32f10x_dma.o
    0x08019876   0x00000002   PAD
    0x08019878   0x00000060   Code   RO          849    i.dma_config        adc.o
    0x080198d8   0x00000070   Code   RO         3771    i.dma_deinit        gd32f10x_dma.o
    0x08019948   0x0000012e   Code   RO         3774    i.dma_init          gd32f10x_dma.o
    0x08019a76   0x00000002   PAD
    0x08019a78   0x00000018   Code   RO         3786    i.dma_periph_and_channel_check  gd32f10x_dma.o
    0x08019a90   0x00000022   Code   RO         4263    i.fmc_bank0_ready_wait  gd32f10x_fmc.o
    0x08019ab2   0x00000002   PAD
    0x08019ab4   0x00000030   Code   RO         4264    i.fmc_bank0_state_get  gd32f10x_fmc.o
    0x08019ae4   0x00000022   Code   RO         4268    i.fmc_bank1_ready_wait  gd32f10x_fmc.o
    0x08019b06   0x00000002   PAD
    0x08019b08   0x00000030   Code   RO         4269    i.fmc_bank1_state_get  gd32f10x_fmc.o
    0x08019b38   0x0000002c   Code   RO         4278    i.fmc_lock          gd32f10x_fmc.o
    0x08019b64   0x000000ec   Code   RO         4280    i.fmc_page_erase    gd32f10x_fmc.o
    0x08019c50   0x00000044   Code   RO         4281    i.fmc_unlock        gd32f10x_fmc.o
    0x08019c94   0x000000c0   Code   RO         4282    i.fmc_word_program  gd32f10x_fmc.o
    0x08019d54   0x00000004   Code   RO         2674    i.gpio_bit_reset    gd32f10x_gpio.o
    0x08019d58   0x00000004   Code   RO         2675    i.gpio_bit_set      gd32f10x_gpio.o
    0x08019d5c   0x0000000a   Code   RO         2676    i.gpio_bit_write    gd32f10x_gpio.o
    0x08019d66   0x000000ac   Code   RO         2683    i.gpio_init         gd32f10x_gpio.o
    0x08019e12   0x00000010   Code   RO         2684    i.gpio_input_bit_get  gd32f10x_gpio.o
    0x08019e22   0x00000002   PAD
    0x08019e24   0x00000090   Code   RO         2689    i.gpio_pin_remap_config  gd32f10x_gpio.o
    0x08019eb4   0x0000035c   Code   RO         6499    i.log               m_ws.l(log.o)
    0x0801a210   0x00000154   Code   RO            5    i.main              main.o
    0x0801a364   0x00000048   Code   RO          348    i.nvic_config       can.o
    0x0801a3ac   0x000000ac   Code   RO         3028    i.nvic_irq_enable   gd32f10x_misc.o
    0x0801a458   0x00000014   Code   RO         3029    i.nvic_priority_group_set  gd32f10x_misc.o
    0x0801a46c   0x00000014   Code   RO         4175    i.pmu_backup_write_enable  gd32f10x_pmu.o
    0x0801a480   0x00000054   Code   RO         4572    i.prvAddCurrentTaskToDelayedList  tasks.o
    0x0801a4d4   0x00000036   Code   RO         4573    i.prvAllocateTCBAndStack  tasks.o
    0x0801a50a   0x00000002   PAD
    0x0801a50c   0x0000004c   Code   RO         4968    i.prvCheckForValidListAndQueue  timers.o
    0x0801a558   0x00000064   Code   RO         4574    i.prvCheckTasksWaitingTermination  tasks.o
    0x0801a5bc   0x0000002a   Code   RO         4843    i.prvCopyDataFromQueue  queue.o
    0x0801a5e6   0x0000006e   Code   RO         4844    i.prvCopyDataToQueue  queue.o
    0x0801a654   0x00000012   Code   RO         4575    i.prvDeleteTCB      tasks.o
    0x0801a666   0x00000002   PAD
    0x0801a668   0x00000028   Code   RO         4969    i.prvGetNextExpireTime  timers.o
    0x0801a690   0x0000007c   Code   RO         5063    i.prvHeapInit       heap_4.o
    0x0801a70c   0x00000018   Code   RO         4576    i.prvIdleTask       tasks.o
    0x0801a724   0x0000005c   Code   RO         4577    i.prvInitialiseTCBVariables  tasks.o
    0x0801a780   0x00000068   Code   RO         4578    i.prvInitialiseTaskLists  tasks.o
    0x0801a7e8   0x00000068   Code   RO         5064    i.prvInsertBlockIntoFreeList  heap_4.o
    0x0801a850   0x00000058   Code   RO         4970    i.prvInsertTimerInActiveList  timers.o
    0x0801a8a8   0x0000001a   Code   RO         4845    i.prvIsQueueEmpty   queue.o
    0x0801a8c2   0x0000001e   Code   RO         4846    i.prvIsQueueFull    queue.o
    0x0801a8e0   0x0000004c   Code   RO         4971    i.prvProcessExpiredTimer  timers.o
    0x0801a92c   0x000000c0   Code   RO         4972    i.prvProcessReceivedCommands  timers.o
    0x0801a9ec   0x0000004c   Code   RO         4973    i.prvProcessTimerOrBlockTask  timers.o
    0x0801aa38   0x00000034   Code   RO         4579    i.prvResetNextTaskUnblockTime  tasks.o
    0x0801aa6c   0x0000002c   Code   RO         4974    i.prvSampleTimeNow  timers.o
    0x0801aa98   0x00000084   Code   RO         4975    i.prvSwitchTimerLists  timers.o
    0x0801ab1c   0x00000008   Code   RO         5113    i.prvTaskExitError  port.o
    0x0801ab24   0x0000001a   Code   RO         4976    i.prvTimerTask      timers.o
    0x0801ab3e   0x0000007e   Code   RO         4847    i.prvUnlockQueue    queue.o
    0x0801abbc   0x000000d0   Code   RO         5065    i.pvPortMalloc      heap_4.o
    0x0801ac8c   0x00000020   Code   RO         5114    i.pxPortInitialiseStack  port.o
    0x0801acac   0x00000048   Code   RO         2410    i.rcu_adc_clock_config  gd32f10x_rcu.o
    0x0801acf4   0x00000014   Code   RO         2415    i.rcu_bkp_reset_disable  gd32f10x_rcu.o
    0x0801ad08   0x00000014   Code   RO         2416    i.rcu_bkp_reset_enable  gd32f10x_rcu.o
    0x0801ad1c   0x00000170   Code   RO         2418    i.rcu_clock_freq_get  gd32f10x_rcu.o
    0x0801ae8c   0x00000024   Code   RO         2421    i.rcu_flag_get      gd32f10x_rcu.o
    0x0801aeb0   0x00000020   Code   RO         2434    i.rcu_osci_on       gd32f10x_rcu.o
    0x0801aed0   0x0000012c   Code   RO         2435    i.rcu_osci_stab_wait  gd32f10x_rcu.o
    0x0801affc   0x00000020   Code   RO         2437    i.rcu_periph_clock_enable  gd32f10x_rcu.o
    0x0801b01c   0x00000020   Code   RO         2440    i.rcu_periph_reset_disable  gd32f10x_rcu.o
    0x0801b03c   0x00000020   Code   RO         2441    i.rcu_periph_reset_enable  gd32f10x_rcu.o
    0x0801b05c   0x00000018   Code   RO         2447    i.rcu_rtc_clock_config  gd32f10x_rcu.o
    0x0801b074   0x00000014   Code   RO         3949    i.rtc_configuration_mode_enter  gd32f10x_rtc.o
    0x0801b088   0x00000014   Code   RO         3950    i.rtc_configuration_mode_exit  gd32f10x_rtc.o
    0x0801b09c   0x00000014   Code   RO         3951    i.rtc_counter_get   gd32f10x_rtc.o
    0x0801b0b0   0x00000020   Code   RO         3952    i.rtc_counter_set   gd32f10x_rtc.o
    0x0801b0d0   0x00000010   Code   RO         3957    i.rtc_interrupt_enable  gd32f10x_rtc.o
    0x0801b0e0   0x00000014   Code   RO         3960    i.rtc_lwoff_wait    gd32f10x_rtc.o
    0x0801b0f4   0x00000020   Code   RO         3961    i.rtc_prescaler_set  gd32f10x_rtc.o
    0x0801b114   0x00000020   Code   RO         3962    i.rtc_register_sync_wait  gd32f10x_rtc.o
    0x0801b134   0x00000048   Code   RO          727    i.spi_config        oled_display.o
    0x0801b17c   0x0000000a   Code   RO         3370    i.spi_enable        gd32f10x_spi.o
    0x0801b186   0x00000002   PAD
    0x0801b188   0x00000038   Code   RO          728    i.spi_gpio_config   oled_display.o
    0x0801b1c0   0x00000004   Code   RO         3373    i.spi_i2s_data_transmit  gd32f10x_spi.o
    0x0801b1c4   0x00000058   Code   RO         3374    i.spi_i2s_deinit    gd32f10x_spi.o
    0x0801b21c   0x00000010   Code   RO         3375    i.spi_i2s_flag_get  gd32f10x_spi.o
    0x0801b22c   0x00000032   Code   RO         3379    i.spi_init          gd32f10x_spi.o
    0x0801b25e   0x00000010   Code   RO         3384    i.spi_struct_para_init  gd32f10x_spi.o
    0x0801b26e   0x00000002   PAD
    0x0801b270   0x000000e8   Code   RO         4481    i.system_clock_72m_hxtal  system_gd32f10x.o
    0x0801b358   0x00000008   Code   RO         4482    i.system_clock_config  system_gd32f10x.o
    0x0801b360   0x00000090   Code   RO         3084    i.usart_baudrate_set  gd32f10x_usart.o
    0x0801b3f0   0x00000080   Code   RO          545    i.usart_config      usart.o
    0x0801b470   0x0000000a   Code   RO         3085    i.usart_data_receive  gd32f10x_usart.o
    0x0801b47a   0x00000008   Code   RO         3086    i.usart_data_transmit  gd32f10x_usart.o
    0x0801b482   0x00000002   PAD
    0x0801b484   0x00000090   Code   RO         3087    i.usart_deinit      gd32f10x_usart.o
    0x0801b514   0x0000000a   Code   RO         3091    i.usart_enable      gd32f10x_usart.o
    0x0801b51e   0x0000001e   Code   RO         3093    i.usart_flag_get    gd32f10x_usart.o
    0x0801b53c   0x000000a4   Code   RO          546    i.usart_gpio_config  usart.o
    0x0801b5e0   0x00000010   Code   RO         3097    i.usart_hardware_flow_cts_config  gd32f10x_usart.o
    0x0801b5f0   0x00000010   Code   RO         3098    i.usart_hardware_flow_rts_config  gd32f10x_usart.o
    0x0801b600   0x0000001a   Code   RO         3099    i.usart_interrupt_disable  gd32f10x_usart.o
    0x0801b61a   0x0000001a   Code   RO         3100    i.usart_interrupt_enable  gd32f10x_usart.o
    0x0801b634   0x0000001a   Code   RO         3101    i.usart_interrupt_flag_clear  gd32f10x_usart.o
    0x0801b64e   0x00000038   Code   RO         3102    i.usart_interrupt_flag_get  gd32f10x_usart.o
    0x0801b686   0x00000002   PAD
    0x0801b688   0x00000028   Code   RO          547    i.usart_nvic_config  usart.o
    0x0801b6b0   0x00000010   Code   RO         3112    i.usart_parity_config  gd32f10x_usart.o
    0x0801b6c0   0x00000010   Code   RO         3114    i.usart_receive_config  gd32f10x_usart.o
    0x0801b6d0   0x00000010   Code   RO         3120    i.usart_stop_bit_set  gd32f10x_usart.o
    0x0801b6e0   0x00000010   Code   RO         3124    i.usart_transmit_config  gd32f10x_usart.o
    0x0801b6f0   0x00000010   Code   RO         3125    i.usart_word_length_set  gd32f10x_usart.o
    0x0801b700   0x00000028   Code   RO         4527    i.uxListRemove      list.o
    0x0801b728   0x0000001a   Code   RO         4528    i.vListInitialise   list.o
    0x0801b742   0x00000006   Code   RO         4529    i.vListInitialiseItem  list.o
    0x0801b748   0x00000034   Code   RO         4530    i.vListInsert       list.o
    0x0801b77c   0x00000018   Code   RO         4531    i.vListInsertEnd    list.o
    0x0801b794   0x00000020   Code   RO         5116    i.vPortEnterCritical  port.o
    0x0801b7b4   0x00000020   Code   RO         5117    i.vPortExitCritical  port.o
    0x0801b7d4   0x00000048   Code   RO         5066    i.vPortFree         heap_4.o
    0x0801b81c   0x00000014   Code   RO         5118    i.vPortSetupTimerInterrupt  port.o
    0x0801b830   0x00000018   Code   RO         5119    i.vPortYield        port.o
    0x0801b848   0x00000042   Code   RO         4852    i.vQueueWaitForMessageRestricted  queue.o
    0x0801b88a   0x00000002   PAD
    0x0801b88c   0x00000054   Code   RO         4586    i.vTaskDelay        tasks.o
    0x0801b8e0   0x0000000c   Code   RO         4590    i.vTaskMissedYield  tasks.o
    0x0801b8ec   0x00000064   Code   RO         4592    i.vTaskPlaceOnEventList  tasks.o
    0x0801b950   0x0000006c   Code   RO         4593    i.vTaskPlaceOnEventListRestricted  tasks.o
    0x0801b9bc   0x00000018   Code   RO         4597    i.vTaskSetTimeOutState  tasks.o
    0x0801b9d4   0x0000005c   Code   RO         4598    i.vTaskStartScheduler  tasks.o
    0x0801ba30   0x00000010   Code   RO         4600    i.vTaskSuspendAll   tasks.o
    0x0801ba40   0x00000060   Code   RO         4601    i.vTaskSwitchContext  tasks.o
    0x0801baa0   0x00000034   Code   RO         5120    i.xPortStartScheduler  port.o
    0x0801bad4   0x00000020   Code   RO         5121    i.xPortSysTickHandler  port.o
    0x0801baf4   0x00000046   Code   RO         4853    i.xQueueGenericCreate  queue.o
    0x0801bb3a   0x000000fe   Code   RO         4854    i.xQueueGenericReceive  queue.o
    0x0801bc38   0x0000006e   Code   RO         4855    i.xQueueGenericReset  queue.o
    0x0801bca6   0x000000ea   Code   RO         4856    i.xQueueGenericSend  queue.o
    0x0801bd90   0x0000006a   Code   RO         4857    i.xQueueGenericSendFromISR  queue.o
    0x0801bdfa   0x00000002   PAD
    0x0801bdfc   0x0000005c   Code   RO         4602    i.xTaskCheckForTimeOut  tasks.o
    0x0801be58   0x000000fc   Code   RO         4603    i.xTaskGenericCreate  tasks.o
    0x0801bf54   0x00000020   Code   RO         4606    i.xTaskGetSchedulerState  tasks.o
    0x0801bf74   0x0000000c   Code   RO         4607    i.xTaskGetTickCount  tasks.o
    0x0801bf80   0x00000120   Code   RO         4609    i.xTaskIncrementTick  tasks.o
    0x0801c0a0   0x00000080   Code   RO         4611    i.xTaskRemoveFromEventList  tasks.o
    0x0801c120   0x000000dc   Code   RO         4613    i.xTaskResumeAll    tasks.o
    0x0801c1fc   0x0000003e   Code   RO         4979    i.xTimerCreate      timers.o
    0x0801c23a   0x00000002   PAD
    0x0801c23c   0x00000040   Code   RO         4980    i.xTimerCreateTimerTask  timers.o
    0x0801c27c   0x0000006c   Code   RO         4981    i.xTimerGenericCommand  timers.o
    0x0801c2e8   0x00000024   Code   RO          481    t._ZN5QueueI6CanBufE3popEv  can.o
    0x0801c30c   0x0000000c   Code   RO          487    t._ZN5QueueI6CanBufE3topEv  can.o
    0x0801c318   0x00000034   Code   RO          469    t._ZN5QueueI6CanBufE4pushERKS0_  can.o
    0x0801c34c   0x00000014   Code   RO          499    t._ZN5QueueI6CanBufE7destoryEv  can.o
    0x0801c360   0x00000030   Code   RO          493    t._ZN5QueueI6CanBufEC1Et  can.o
    0x0801c390   0x00000018   Code   RO          505    t._ZN5QueueI6CanBufED1Ev  can.o
    0x0801c3a8   0x00000024   Code   RO          633    t._ZN5QueueIhE3popEv  usart.o
    0x0801c3cc   0x0000000a   Code   RO          639    t._ZN5QueueIhE3topEv  usart.o
    0x0801c3d6   0x0000002e   Code   RO          651    t._ZN5QueueIhE4pushERKh  usart.o
    0x0801c404   0x00000014   Code   RO          669    t._ZN5QueueIhE7destoryEv  usart.o
    0x0801c418   0x0000002c   Code   RO          663    t._ZN5QueueIhEC1Et  usart.o
    0x0801c444   0x00000018   Code   RO          675    t._ZN5QueueIhED1Ev  usart.o
    0x0801c45c   0x0000001e   Code   RO          463    t._ZNK5QueueI6CanBufE6IsFullEv  can.o
    0x0801c47a   0x00000012   Code   RO          475    t._ZNK5QueueI6CanBufE7IsEmptyEv  can.o
    0x0801c48c   0x00000018   Code   RO          657    t._ZNK5QueueIhE4sizeEv  usart.o
    0x0801c4a4   0x0000001e   Code   RO          645    t._ZNK5QueueIhE6IsFullEv  usart.o
    0x0801c4c2   0x00000012   Code   RO          627    t._ZNK5QueueIhE7IsEmptyEv  usart.o
    0x0801c4d4   0x00000062   Code   RO         6438    x$fpl$d2f           fz_ws.l(d2f.o)
    0x0801c536   0x00000002   PAD
    0x0801c538   0x00000150   Code   RO         6440    x$fpl$dadd          fz_ws.l(daddsub_clz.o)
    0x0801c688   0x00000010   Code   RO         6790    x$fpl$dcheck1       fz_ws.l(dcheck1.o)
    0x0801c698   0x00000018   Code   RO         6669    x$fpl$dcmpinf       fz_ws.l(dcmpi.o)
    0x0801c6b0   0x000002b0   Code   RO         6447    x$fpl$ddiv          fz_ws.l(ddiv.o)
    0x0801c960   0x00000078   Code   RO         6671    x$fpl$deqf          fz_ws.l(deqf.o)
    0x0801c9d8   0x0000005a   Code   RO         6450    x$fpl$dfixu         fz_ws.l(dfixu.o)
    0x0801ca32   0x0000002e   Code   RO         6455    x$fpl$dflt          fz_ws.l(dflt_clz.o)
    0x0801ca60   0x00000026   Code   RO         6454    x$fpl$dfltu         fz_ws.l(dflt_clz.o)
    0x0801ca86   0x00000002   PAD
    0x0801ca88   0x00000078   Code   RO         6460    x$fpl$dleqf         fz_ws.l(dleqf.o)
    0x0801cb00   0x00000154   Code   RO         6462    x$fpl$dmul          fz_ws.l(dmul.o)
    0x0801cc54   0x0000009c   Code   RO         6673    x$fpl$dnaninf       fz_ws.l(dnaninf.o)
    0x0801ccf0   0x0000000c   Code   RO         6675    x$fpl$dretinf       fz_ws.l(dretinf.o)
    0x0801ccfc   0x0000006c   Code   RO         6464    x$fpl$drleqf        fz_ws.l(drleqf.o)
    0x0801cd68   0x00000016   Code   RO         6441    x$fpl$drsb          fz_ws.l(daddsub_clz.o)
    0x0801cd7e   0x00000002   PAD
    0x0801cd80   0x000001d4   Code   RO         6442    x$fpl$dsub          fz_ws.l(daddsub_clz.o)
    0x0801cf54   0x00000056   Code   RO         6466    x$fpl$f2d           fz_ws.l(f2d.o)
    0x0801cfaa   0x00000002   PAD
    0x0801cfac   0x000000c4   Code   RO         6468    x$fpl$fadd          fz_ws.l(faddsub_clz.o)
    0x0801d070   0x00000018   Code   RO         6677    x$fpl$fcmpinf       fz_ws.l(fcmpi.o)
    0x0801d088   0x00000184   Code   RO         6475    x$fpl$fdiv          fz_ws.l(fdiv.o)
    0x0801d20c   0x00000036   Code   RO         6478    x$fpl$ffix          fz_ws.l(ffix.o)
    0x0801d242   0x00000002   PAD
    0x0801d244   0x0000003e   Code   RO         6482    x$fpl$ffixu         fz_ws.l(ffixu.o)
    0x0801d282   0x00000002   PAD
    0x0801d284   0x00000030   Code   RO         6487    x$fpl$fflt          fz_ws.l(fflt_clz.o)
    0x0801d2b4   0x00000026   Code   RO         6486    x$fpl$ffltu         fz_ws.l(fflt_clz.o)
    0x0801d2da   0x00000002   PAD
    0x0801d2dc   0x00000068   Code   RO         6492    x$fpl$fleqf         fz_ws.l(fleqf.o)
    0x0801d344   0x00000102   Code   RO         6494    x$fpl$fmul          fz_ws.l(fmul.o)
    0x0801d446   0x0000008c   Code   RO         6679    x$fpl$fnaninf       fz_ws.l(fnaninf.o)
    0x0801d4d2   0x0000000a   Code   RO         6681    x$fpl$fretinf       fz_ws.l(fretinf.o)
    0x0801d4dc   0x00000062   Code   RO         6496    x$fpl$frleqf        fz_ws.l(frleqf.o)
    0x0801d53e   0x00000014   Code   RO         6469    x$fpl$frsb          fz_ws.l(faddsub_clz.o)
    0x0801d552   0x00000002   PAD
    0x0801d554   0x000000ea   Code   RO         6470    x$fpl$fsub          fz_ws.l(faddsub_clz.o)
    0x0801d63e   0x00000064   Code   RO         6861    x$fpl$retnan        fz_ws.l(retnan.o)
    0x0801d6a2   0x0000005c   Code   RO         6683    x$fpl$scalbn        fz_ws.l(scalbn.o)
    0x0801d6fe   0x00000030   Code   RO         6896    x$fpl$trapveneer    fz_ws.l(trapv.o)
    0x0801d72e   0x00000000   Code   RO         6685    x$fpl$usenofp       fz_ws.l(usenofp.o)
    0x0801d72e   0x00000002   PAD
    0x0801d730   0x0000003c   Data   RO          368    .constdata          can.o
    0x0801d76c   0x00000094   Data   RO          561    .constdata          usart.o
    0x0801d800   0x0000000c   Data   RO         1248    .constdata          rtc.o
    0x0801d80c   0x0000007e   Data   RO         2256    .constdata          user.o
    0x0801d88a   0x00000002   PAD
    0x0801d88c   0x00000094   Data   RO         6193    .constdata          ydt1363.o
    0x0801d920   0x00000038   Data   RO         6500    .constdata          m_ws.l(log.o)
    0x0801d958   0x00000008   Data   RO         6702    .constdata          m_ws.l(qnan.o)
    0x0801d960   0x00000010   Data   RO          462    .constdata__ZTV5QueueI6CanBufE  can.o
    0x0801d970   0x00000010   Data   RO          626    .constdata__ZTV5QueueIhE  usart.o
    0x0801d980   0x00000351   Data   RO         1648    .conststring        menuitem.o
    0x0801dcd1   0x00000003   PAD
    0x0801dcd4   0x00000020   Data   RO         6944    Region$$Table       anon$$obj.o
    0x0801dcf4   0x00000004   Data   RO          370    .init_array         can.o
    0x0801dcf8   0x00000004   Data   RO          563    .init_array         usart.o
    0x0801dcfc   0x00000004   Data   RO          749    .init_array         oled_display.o
    0x0801dd00   0x00000004   Data   RO          859    .init_array         adc.o
    0x0801dd04   0x00000004   Data   RO          923    .init_array         e2prom.o
    0x0801dd08   0x00000004   Data   RO          995    .init_array         monitor.o
    0x0801dd0c   0x00000004   Data   RO         1085    .init_array         gpio.o
    0x0801dd10   0x00000004   Data   RO         1450    .init_array         h52c0.o
    0x0801dd14   0x00000004   Data   RO         1569    .init_array         screen.o
    0x0801dd18   0x00000004   Data   RO         1713    .init_array         module.o
    0x0801dd1c   0x00000004   Data   RO         1989    .init_array         battery.o
    0x0801dd20   0x00000004   Data   RO         5786    .init_array         network.o
    0x0801dd24   0x00000004   Data   RO         5884    .init_array         canruleln.o
    0x0801dd28   0x00000000   Data   RO         6318    .init_array         c_w.l(init_aeabi.o)


    Execution Region RW_IRAM1 (Base: 0x20000000, Size: 0x00013620, Max: 0x00018000, ABSOLUTE, COMPRESSED[0x000003b4])

    Base Addr    Size         Type   Attr      Idx    E Section Name        Object

    0x20000000   0x00000014   Data   RW            9    .data               main.o
    0x20000014   0x00000004   Data   RW          369    .data               can.o
    0x20000018   0x00000004   Data   RW          562    .data               usart.o
    0x2000001c   0x00000008   Data   RW          858    .data               adc.o
    0x20000024   0x00000008   Data   RW          922    .data               e2prom.o
    0x2000002c   0x00000032   Data   RW          994    .data               monitor.o
    0x2000005e   0x00000002   PAD
    0x20000060   0x00000100   Data   RW         1084    .data               gpio.o
    0x20000160   0x00000290   Data   RW         1197    .data               initdata.o
    0x200003f0   0x00000010   Data   RW         1249    .data               rtc.o
    0x20000400   0x00000016   Data   RW         1449    .data               h52c0.o
    0x20000416   0x00000002   PAD
    0x20000418   0x00000018   Data   RW         1568    .data               screen.o
    0x20000430   0x0000036c   Data   RW         1649    .data               menuitem.o
    0x2000079c   0x0000000e   Data   RW         1712    .data               module.o
    0x200007aa   0x00000008   Data   RW         1816    .data               setmenuitem.o
    0x200007b2   0x00000002   PAD
    0x200007b4   0x00000004   Data   RW         1988    .data               battery.o
    0x200007b8   0x0000004d   Data   RW         2057    .data               alarmandrecord.o
    0x20000805   0x00000003   PAD
    0x20000808   0x0000002b   Data   RW         2125    .data               downelectronicctrl.o
    0x20000833   0x00000001   PAD
    0x20000834   0x00000019   Data   RW         2257    .data               user.o
    0x2000084d   0x00000003   PAD
    0x20000850   0x00000038   Data   RW         4616    .data               tasks.o
    0x20000888   0x00000010   Data   RW         4984    .data               timers.o
    0x20000898   0x00000018   Data   RW         5071    .data               heap_4.o
    0x200008b0   0x00000004   Data   RW         5122    .data               port.o
    0x200008b4   0x0000000e   Data   RW         5883    .data               canruleln.o
    0x200008c2   0x00000053   Data   RW         5960    .data               powercan.o
    0x20000915   0x00000002   Data   RW         6031    .data               screentask.o
    0x20000917   0x00000007   Data   RW         6076    .data               swtmr1callback.o
    0x2000091e   0x00000002   PAD
    0x20000920   0x00000004   Data   RW         6101    .data               swtmr2callback.o
    0x20000924   0x00000024   Data   RW         6194    .data               ydt1363.o
    0x20000948   0x00000004   Data   RW         6291    .data               c_w.l(strtok.o)
    0x2000094c   0x00000070   Zero   RW          367    .bss                can.o
    0x200009bc   0x00000038   Zero   RW          560    .bss                usart.o
    0x200009f4   0x00000402   Zero   RW          748    .bss                oled_display.o
    0x20000df6   0x00000002   PAD
    0x20000df8   0x00000420   Zero   RW          857    .bss                adc.o
    0x20001218   0x0000005e   Zero   RW          993    .bss                monitor.o
    0x20001276   0x00000002   PAD
    0x20001278   0x00000070   Zero   RW         1448    .bss                h52c0.o
    0x200012e8   0x0000005c   Zero   RW         1567    .bss                screen.o
    0x20001344   0x0000001c   Zero   RW         1711    .bss                module.o
    0x20001360   0x0000000c   Zero   RW         1815    .bss                setmenuitem.o
    0x2000136c   0x0000003c   Zero   RW         1987    .bss                battery.o
    0x200013a8   0x000000f0   Zero   RW         4615    .bss                tasks.o
    0x20001498   0x00000028   Zero   RW         4983    .bss                timers.o
    0x200014c0   0x0000e000   Zero   RW         5070    .bss                heap_4.o
    0x2000f4c0   0x00000021   Zero   RW         5784    .bss                network.o
    0x2000f4e1   0x00000003   PAD
    0x2000f4e4   0x00000050   Zero   RW         5882    .bss                canruleln.o
    0x2000f534   0x0000008c   Zero   RW         6192    .bss                ydt1363.o
    0x2000f5c0   0x00000060   Zero   RW         6704    .bss                c_w.l(libspace.o)
    0x2000f620   0x00002000   Zero   RW         4521    HEAP                startup_gd32f10x_cl.o
    0x20011620   0x00002000   Zero   RW         4520    STACK               startup_gd32f10x_cl.o


==============================================================================

Image component sizes


      Code (inc. data)   RO Data    RW Data    ZI Data      Debug   Object Name

       796         98          4          8       1056       3753   adc.o
      5784        360          0         77          0      18646   alarmandrecord.o
      1710         92          4          4         60       5751   battery.o
      1502        130         80          4        112      16409   can.o
      2924         40          4         14         80      12823   canruleln.o
       148         14          0          0          0        531   cantask.o
       354          0          0          0          0       4814   database.o
      1212        106          0         43          0      22286   downelectronicctrl.o
       386          8          4          8          0       4713   e2prom.o
       614         10          0          0          0       6074   gd32f10x_adc.o
       120         12          0          0          0       1450   gd32f10x_bkp.o
      1332         18          0          0          0       5117   gd32f10x_can.o
       538          6          0          0          0       3054   gd32f10x_dma.o
       704         62          0          0          0       4198   gd32f10x_fmc.o
       350          6          0          0          0       3534   gd32f10x_gpio.o
       192         20          0          0          0       1172   gd32f10x_misc.o
        20          6          0          0          0        418   gd32f10x_pmu.o
       968         94          0          0          0       7587   gd32f10x_rcu.o
       192         38          0          0          0       3538   gd32f10x_rtc.o
       184          6          0          0          0       3563   gd32f10x_spi.o
       592         16          0          0          0       9054   gd32f10x_usart.o
       714         32          4        256          0       3235   gpio.o
      3146        194          4         22        112       9130   h52c0.o
       508         62          0         24      57344       3603   heap_4.o
       558         34          0          0          0       4038   i2c.o
       632         92          0        656          0      37001   initdata.o
       148          0          0          0          0       5418   list.o
       340         88          0         20          0      72729   main.o
      9348       3372        849        876          0      11374   menuitem.o
       948         30          4         14         28      11037   module.o
      9640        656          4         50         94      15903   monitor.o
        36         10          0          0          0        431   monitortask.o
        18          6          4          0         33       3093   network.o
      1188         48          4          0       1026       9468   oled_display.o
       394         56          0          4          0       6461   port.o
        44          6          0          0          0        432   porttask.o
         0          0          0         83          0      12967   powercan.o
      1174          0          0          0          0      11974   queue.o
       676         38         12         16          0      80884   rtc.o
      6826         98          4         24         92      16079   screen.o
       132         30          0          2          0        712   screentask.o
      8980        722          0          8         12      16462   setmenuitem.o
      1544         64          0          0          0      16861   staggeredpeak.o
        64         26        336          0      16384        860   startup_gd32f10x_cl.o
       384         76          0          7          0       1408   swtmr1callback.o
        32          8          0          4          0        659   swtmr2callback.o
       368         50          0          0          0       1497   system_gd32f10x.o
      2084        344          0         56        240      21939   tasks.o
       984         92          0         16         40       8430   timers.o
      1744        134        168          4         56      13772   usart.o
        28          8          0          0          0        420   usarttask.o
      2070        194        126         25          0      18622   user.o
     28966       1268        148         36        140      47312   ydt1363.o

    ----------------------------------------------------------------------
    104420       8980       1800       2376      76916     602696   Object Totals
         0          0         32          0          0          0   (incl. Generated)
        80          0          5         15          7          0   (incl. Padding)

    ----------------------------------------------------------------------

      Code (inc. data)   RO Data    RW Data    ZI Data      Debug   Library Member Name

        90          0          0          0          0          0   __dczerorl2.o
         8          0          0          0          0         68   __main.o
         0          0          0          0          0          0   __rtentry.o
        12          0          0          0          0          0   __rtentry2.o
         6          0          0          0          0          0   __rtentry4.o
        52          8          0          0          0          0   __scatter.o
        28          0          0          0          0          0   __scatter_zi.o
        22          0          0          0          0        100   _rserrno.o
        16          0          0          0          0         68   aeabi_memset.o
        10          0          0          0          0         68   defsig_exit.o
        50          0          0          0          0         88   defsig_general.o
        80         58          0          0          0         76   defsig_rtmem_inner.o
        14          0          0          0          0         80   defsig_rtmem_outer.o
        12          0          0          0          0         72   exit.o
        94          0          0          0          0         80   h1_alloc.o
        52          0          0          0          0         68   h1_extend.o
        78          0          0          0          0         80   h1_free.o
        14          0          0          0          0         84   h1_init.o
         6          0          0          0          0        152   heapauxi.o
         4          0          0          0          0        136   hguard.o
         0          0          0          0          0          0   indicate_semi.o
        36         10          0          0          0         80   init_aeabi.o
       138          0          0          0          0        168   init_alloc.o
         2          0          0          0          0          0   libinit.o
        14          0          0          0          0          0   libinit2.o
         2          0          0          0          0          0   libshutdown.o
         8          0          0          0          0          0   libshutdown2.o
         8          4          0          0         96         68   libspace.o
         0          0          0          0          0          0   maybetermalloc1.o
         8          4          0          0          0         68   rt_ddtor_pointer_addr_intlibspace.o
         8          4          0          0          0         68   rt_errno_addr_intlibspace.o
         8          4          0          0          0         68   rt_heap_descriptor_intlibspace.o
        68          0          0          0          0         68   rt_memclr.o
        78          0          0          0          0         80   rt_memclr_w.o
       138          0          0          0          0         68   rt_memcpy_v6.o
       100          0          0          0          0         80   rt_memcpy_w.o
         2          0          0          0          0          0   rtexit.o
        10          0          0          0          0          0   rtexit2.o
        24          0          0          0          0         68   strcat.o
       128          0          0          0          0         68   strcmpv7m.o
        32          0          0          0          0         80   strcspn.o
        62          0          0          0          0         76   strlen.o
        28          0          0          0          0         80   strspn.o
        36          0          0          0          0         80   strstr.o
        12          6          0          4          0         68   strtok.o
        68          4          0          0          0         84   strtok_int.o
        12          4          0          0          0         68   sys_exit.o
        74          0          0          0          0         80   sys_stackheap_outer.o
        14          0          0          0          0         76   sys_wrch.o
         2          0          0          0          0         68   use_no_semi.o
        50          0          0          0          0         84   aeabi_atexit.o
         8          0          0          0          0         76   array_del.o
        66          0          0          0          0         84   cxa_finalize.o
         8          0          0          0          0         76   delete.o
        98          4          0          0          0         92   d2f.o
       826         16          0          0          0        348   daddsub_clz.o
        16          4          0          0          0         68   dcheck1.o
        24          0          0          0          0         68   dcmpi.o
       688        140          0          0          0        208   ddiv.o
       120          4          0          0          0         92   deqf.o
        90          4          0          0          0         92   dfixu.o
        84          0          0          0          0        136   dflt_clz.o
       120          4          0          0          0         92   dleqf.o
       340         12          0          0          0        104   dmul.o
       156          4          0          0          0         92   dnaninf.o
        12          0          0          0          0         68   dretinf.o
       108          0          0          0          0         80   drleqf.o
        86          4          0          0          0         84   f2d.o
       450          8          0          0          0        236   faddsub_clz.o
        24          0          0          0          0         68   fcmpi.o
       388         76          0          0          0         96   fdiv.o
        54          4          0          0          0         84   ffix.o
        62          4          0          0          0         84   ffixu.o
        86          0          0          0          0        136   fflt_clz.o
       104          4          0          0          0         84   fleqf.o
       258          4          0          0          0         84   fmul.o
       140          4          0          0          0         84   fnaninf.o
        10          0          0          0          0         68   fretinf.o
        98          0          0          0          0         68   frleqf.o
       100          0          0          0          0         68   retnan.o
        92          0          0          0          0         68   scalbn.o
        48          0          0          0          0         68   trapv.o
         0          0          0          0          0          0   usenofp.o
        34          4          0          0          0        204   dunder.o
       860         52         56          0          0        256   log.o
       170          0          0          0          0         96   poly.o
         0          0          8          0          0          0   qnan.o

    ----------------------------------------------------------------------
      7676        462         64          4         96       6728   Library Totals
        30          0          0          0          0          0   (incl. Padding)

    ----------------------------------------------------------------------

      Code (inc. data)   RO Data    RW Data    ZI Data      Debug   Library Name

      1768        106          0          4         96       2932   c_w.l
       132          0          0          0          0        320   cpprt_w.l
      4682        300          0          0          0       2920   fz_ws.l
      1064         56         64          0          0        556   m_ws.l

    ----------------------------------------------------------------------
      7676        462         64          4         96       6728   Library Totals

    ----------------------------------------------------------------------

==============================================================================


      Code (inc. data)   RO Data    RW Data    ZI Data      Debug   

    112096       9442       1864       2380      77012     585032   Grand Totals
    112096       9442       1864        948      77012     585032   ELF Image Totals (compressed)
    112096       9442       1864        948          0          0   ROM Totals

==============================================================================

    Total RO  Size (Code + RO Data)               113960 ( 111.29kB)
    Total RW  Size (RW Data + ZI Data)             79392 (  77.53kB)
    Total ROM Size (Code + RO Data + RW Data)     114908 ( 112.21kB)

==============================================================================

