


ARM Macro Assembler    Page 1 


    1 00000000         ;/*!
    2 00000000         ;    \file    startup_gd32f10x_cl.s
    3 00000000         ;    \brief   start up file
    4 00000000         ;
    5 00000000         ;    \version 2014-12-26, V1.0.0, firmware for GD32F10x
    6 00000000         ;    \version 2017-06-20, V2.0.0, firmware for GD32F10x
    7 00000000         ;    \version 2018-07-31, V2.1.0, firmware for GD32F10x
    8 00000000         ;*/
    9 00000000         ;
   10 00000000         ;/*
   11 00000000         ;    Copyright (c) 2018, GigaDevice Semiconductor Inc.
   12 00000000         ;
   13 00000000         ;    All rights reserved.
   14 00000000         ;
   15 00000000         ;    Redistribution and use in source and binary forms, 
                       with or without modification, 
   16 00000000         ;are permitted provided that the following conditions ar
                       e met:
   17 00000000         ;
   18 00000000         ;    1. Redistributions of source code must retain the a
                       bove copyright notice, this 
   19 00000000         ;       list of conditions and the following disclaimer.
                       
   20 00000000         ;    2. Redistributions in binary form must reproduce th
                       e above copyright notice, 
   21 00000000         ;       this list of conditions and the following discla
                       imer in the documentation 
   22 00000000         ;       and/or other materials provided with the distrib
                       ution.
   23 00000000         ;    3. Neither the name of the copyright holder nor the
                        names of its contributors 
   24 00000000         ;       may be used to endorse or promote products deriv
                       ed from this software without 
   25 00000000         ;       specific prior written permission.
   26 00000000         ;
   27 00000000         ;    THIS SOFTWARE IS PROVIDED BY THE COPYRIGHT HOLDERS 
                       AND CONTRIBUTORS "AS IS" 
   28 00000000         ;AND ANY EXPRESS OR IMPLIED WARRANTIES, INCLUDING, BUT N
                       OT LIMITED TO, THE IMPLIED 
   29 00000000         ;WARRANTIES OF MERCHANTABILITY AND FITNESS FOR A PARTICU
                       LAR PURPOSE ARE DISCLAIMED. 
   30 00000000         ;IN NO EVENT SHALL THE COPYRIGHT HOLDER OR CONTRIBUTORS 
                       BE LIABLE FOR ANY DIRECT, 
   31 00000000         ;INDIRECT, INCIDENTAL, SPECIAL, EXEMPLARY, OR CONSEQUENT
                       IAL DAMAGES (INCLUDING, BUT 
   32 00000000         ;NOT LIMITED TO, PROCUREMENT OF SUBSTITUTE GOODS OR SERV
                       ICES; LOSS OF USE, DATA, OR 
   33 00000000         ;PROFITS; OR BUSINESS INTERRUPTION) HOWEVER CAUSED AND O
                       N ANY THEORY OF LIABILITY, 
   34 00000000         ;WHETHER IN CONTRACT, STRICT LIABILITY, OR TORT (INCLUDI
                       NG NEGLIGENCE OR OTHERWISE) 
   35 00000000         ;ARISING IN ANY WAY OUT OF THE USE OF THIS SOFTWARE, EVE
                       N IF ADVISED OF THE POSSIBILITY 
   36 00000000         ;OF SUCH DAMAGE.
   37 00000000         ;*/
   38 00000000         
   39 00000000         ; <h> Stack Configuration
   40 00000000         ;   <o> Stack Size (in Bytes) <0x0-0xFFFFFFFF:8>
   41 00000000         ; </h>



ARM Macro Assembler    Page 2 


   42 00000000         
   43 00000000 00002000 
                       Stack_Size
                               EQU              0x00002000
   44 00000000         
   45 00000000                 AREA             STACK, NOINIT, READWRITE, ALIGN
 = 3
   46 00000000         Stack_Mem
                               SPACE            Stack_Size
   47 00002000         __initial_sp
   48 00002000         
   49 00002000         
   50 00002000         ; <h> Heap Configuration
   51 00002000         ;   <o>  Heap Size (in Bytes) <0x0-0xFFFFFFFF:8>
   52 00002000         ; </h>
   53 00002000         
   54 00002000 00002000 
                       Heap_Size
                               EQU              0x00002000
   55 00002000         
   56 00002000                 AREA             HEAP, NOINIT, READWRITE, ALIGN 
= 3
   57 00000000         __heap_base
   58 00000000         Heap_Mem
                               SPACE            Heap_Size
   59 00002000         __heap_limit
   60 00002000         
   61 00002000         
   62 00002000                 PRESERVE8
   63 00002000                 THUMB
   64 00002000         
   65 00002000         ;修改相关中断服务函数由FreeRTOS管理
   66 00002000                 IMPORT           xPortPendSVHandler
   67 00002000                 IMPORT           xPortSysTickHandler
   68 00002000                 IMPORT           vPortSVCHandler
   69 00002000         
   70 00002000         ;                   /* reset Vector Mapped to at Address
                        0 */
   71 00002000                 AREA             RESET, DATA, READONLY
   72 00000000                 EXPORT           __Vectors
   73 00000000                 EXPORT           __Vectors_End
   74 00000000                 EXPORT           __Vectors_Size
   75 00000000         
   76 00000000 00000000 
                       __Vectors
                               DCD              __initial_sp ; Top of Stack
   77 00000004 00000000        DCD              Reset_Handler ; Reset Handler
   78 00000008 00000000        DCD              NMI_Handler ; NMI Handler
   79 0000000C 00000000        DCD              HardFault_Handler ; Hard Fault 
                                                            Handler
   80 00000010 00000000        DCD              MemManage_Handler 
                                                            ; MPU Fault Handler
                                                            
   81 00000014 00000000        DCD              BusFault_Handler 
                                                            ; Bus Fault Handler
                                                            
   82 00000018 00000000        DCD              UsageFault_Handler ; Usage Faul
                                                            t Handler
   83 0000001C 00000000        DCD              0           ; Reserved



ARM Macro Assembler    Page 3 


   84 00000020 00000000        DCD              0           ; Reserved
   85 00000024 00000000        DCD              0           ; Reserved
   86 00000028 00000000        DCD              0           ; Reserved
   87 0000002C         ;DCD     SVC_Handler                       ; SVCall Hand
                       ler
   88 0000002C 00000000        DCD              vPortSVCHandler ;由FreeRTOS管理
                                                            
   89 00000030 00000000        DCD              DebugMon_Handler ; Debug Monito
                                                            r Handler
   90 00000034 00000000        DCD              0           ; Reserved
   91 00000038         ;DCD     PendSV_Handler                    ; PendSV Hand
                       ler
   92 00000038         ;DCD     SysTick_Handler                   ; SysTick Han
                       dler
   93 00000038 00000000        DCD              xPortPendSVHandler 
                                                            ;由FreeRTOS管理
   94 0000003C 00000000        DCD              xPortSysTickHandler 
                                                            ;由FreeRTOS管理
   95 00000040         
   96 00000040         ;                   /* external interrupts handler */
   97 00000040 00000000        DCD              WWDGT_IRQHandler ; 16:Window Wa
                                                            tchdog Timer
   98 00000044 00000000        DCD              LVD_IRQHandler ; 17:LVD through
                                                             EXTI Line detect
   99 00000048 00000000        DCD              TAMPER_IRQHandler ; 18:Tamper I
                                                            nterrupt   
  100 0000004C 00000000        DCD              RTC_IRQHandler ; 19:RTC through
                                                             EXTI Line
  101 00000050 00000000        DCD              FMC_IRQHandler ; 20:FMC
  102 00000054 00000000        DCD              RCU_IRQHandler ; 21:RCU
  103 00000058 00000000        DCD              EXTI0_IRQHandler 
                                                            ; 22:EXTI Line 0
  104 0000005C 00000000        DCD              EXTI1_IRQHandler 
                                                            ; 23:EXTI Line 1
  105 00000060 00000000        DCD              EXTI2_IRQHandler 
                                                            ; 24:EXTI Line 2
  106 00000064 00000000        DCD              EXTI3_IRQHandler 
                                                            ; 25:EXTI Line 3
  107 00000068 00000000        DCD              EXTI4_IRQHandler 
                                                            ; 26:EXTI Line 4
  108 0000006C 00000000        DCD              DMA0_Channel0_IRQHandler 
                                                            ; 27:DMA0 Channel 0
                                                            
  109 00000070 00000000        DCD              DMA0_Channel1_IRQHandler 
                                                            ; 28:DMA0 Channel 1
                                                            
  110 00000074 00000000        DCD              DMA0_Channel2_IRQHandler 
                                                            ; 29:DMA0 Channel 2
                                                            
  111 00000078 00000000        DCD              DMA0_Channel3_IRQHandler 
                                                            ; 30:DMA0 Channel 3
                                                            
  112 0000007C 00000000        DCD              DMA0_Channel4_IRQHandler 
                                                            ; 31:DMA0 Channel 4
                                                            
  113 00000080 00000000        DCD              DMA0_Channel5_IRQHandler ; 32:D
                                                            MA0 Channel 5 
  114 00000084 00000000        DCD              DMA0_Channel6_IRQHandler 
                                                            ; 33:DMA0 Channel 6



ARM Macro Assembler    Page 4 


                                                            
  115 00000088 00000000        DCD              ADC0_1_IRQHandler 
                                                            ; 34:ADC0 and ADC1
  116 0000008C 00000000        DCD              CAN0_TX_IRQHandler ; 35:CAN0 TX
                                                            
  117 00000090 00000000        DCD              CAN0_RX0_IRQHandler 
                                                            ; 36:CAN0 RX0
  118 00000094 00000000        DCD              CAN0_RX1_IRQHandler 
                                                            ; 37:CAN0 RX1
  119 00000098 00000000        DCD              CAN0_EWMC_IRQHandler 
                                                            ; 38:CAN0 EWMC
  120 0000009C 00000000        DCD              EXTI5_9_IRQHandler ; 39:EXTI Li
                                                            ne 5 to EXTI Line 9
                                                            
  121 000000A0 00000000        DCD              TIMER0_BRK_IRQHandler 
                                                            ; 40:TIMER0 Break
  122 000000A4 00000000        DCD              TIMER0_UP_IRQHandler 
                                                            ; 41:TIMER0 Update
  123 000000A8 00000000        DCD              TIMER0_TRG_CMT_IRQHandler ; 42:
                                                            TIMER0 Trigger and 
                                                            Commutation
  124 000000AC 00000000        DCD              TIMER0_Channel_IRQHandler ; 43:
                                                            TIMER0 Channel Capt
                                                            ure Compare
  125 000000B0 00000000        DCD              TIMER1_IRQHandler ; 44:TIMER1
  126 000000B4 00000000        DCD              TIMER2_IRQHandler ; 45:TIMER2
  127 000000B8 00000000        DCD              TIMER3_IRQHandler ; 46:TIMER3
  128 000000BC 00000000        DCD              I2C0_EV_IRQHandler 
                                                            ; 47:I2C0 Event
  129 000000C0 00000000        DCD              I2C0_ER_IRQHandler 
                                                            ; 48:I2C0 Error
  130 000000C4 00000000        DCD              I2C1_EV_IRQHandler 
                                                            ; 49:I2C1 Event
  131 000000C8 00000000        DCD              I2C1_ER_IRQHandler 
                                                            ; 50:I2C1 Error
  132 000000CC 00000000        DCD              SPI0_IRQHandler ; 51:SPI0
  133 000000D0 00000000        DCD              SPI1_IRQHandler ; 52:SPI1
  134 000000D4 00000000        DCD              USART0_IRQHandler ; 53:USART0
  135 000000D8 00000000        DCD              USART1_IRQHandler ; 54:USART1
  136 000000DC 00000000        DCD              USART2_IRQHandler ; 55:USART2
  137 000000E0 00000000        DCD              EXTI10_15_IRQHandler ; 56:EXTI 
                                                            Line 10 to EXTI Lin
                                                            e 15
  138 000000E4 00000000        DCD              RTC_Alarm_IRQHandler ; 57:RTC A
                                                            larm through EXTI L
                                                            ine
  139 000000E8 00000000        DCD              USBFS_WKUP_IRQHandler ; 58:USBF
                                                            S WakeUp from suspe
                                                            nd through EXTI Lin
                                                            e
  140 000000EC 00000000        DCD              TIMER7_BRK_IRQHandler ; 59:TIME
                                                            R7 Break Interrupt
  141 000000F0 00000000        DCD              TIMER7_UP_IRQHandler ; 60:TIMER
                                                            7 Update Interrupt
  142 000000F4 00000000        DCD              TIMER7_TRG_CMT_IRQHandler 
                                                            ; 61:TIMER7 Trigger
                                                            
  143 000000F8 00000000        DCD              TIMER7_Channel_IRQHandler ; 62:
                                                            TIMER7 Channel Capt



ARM Macro Assembler    Page 5 


                                                            ure Compare 
  144 000000FC 00000000        DCD              0           ; Reserved
  145 00000100 00000000        DCD              EXMC_IRQHandler ; 64:EXMC
  146 00000104 00000000        DCD              0           ; Reserved
  147 00000108 00000000        DCD              TIMER4_IRQHandler ; 66:TIMER4
  148 0000010C 00000000        DCD              SPI2_IRQHandler ; 67:SPI2
  149 00000110 00000000        DCD              UART3_IRQHandler ; 68:UART3
  150 00000114 00000000        DCD              UART4_IRQHandler ; 69:UART4
  151 00000118 00000000        DCD              TIMER5_IRQHandler ; 70:TIMER5
  152 0000011C 00000000        DCD              TIMER6_IRQHandler ; 71:TIMER6
  153 00000120 00000000        DCD              DMA1_Channel0_IRQHandler 
                                                            ; 72:DMA1 Channel0
  154 00000124 00000000        DCD              DMA1_Channel1_IRQHandler 
                                                            ; 73:DMA1 Channel1
  155 00000128 00000000        DCD              DMA1_Channel2_IRQHandler 
                                                            ; 74:DMA1 Channel2
  156 0000012C 00000000        DCD              DMA1_Channel3_IRQHandler 
                                                            ; 75:DMA1 Channel3
  157 00000130 00000000        DCD              DMA1_Channel4_IRQHandler 
                                                            ; 76:DMA1 Channel4
  158 00000134 00000000        DCD              ENET_IRQHandler ; 77:Ethernet
  159 00000138 00000000        DCD              ENET_WKUP_IRQHandler ; 78:Ether
                                                            net Wakeup through 
                                                            EXTI line
  160 0000013C 00000000        DCD              CAN1_TX_IRQHandler ; 79:CAN1 TX
                                                            
  161 00000140 00000000        DCD              CAN1_RX0_IRQHandler 
                                                            ; 80:CAN1 RX0
  162 00000144 00000000        DCD              CAN1_RX1_IRQHandler 
                                                            ; 81:CAN1 RX1
  163 00000148 00000000        DCD              CAN1_EWMC_IRQHandler 
                                                            ; 82:CAN1 EWMC
  164 0000014C 00000000        DCD              USBFS_IRQHandler ; 83:USBFS
  165 00000150         
  166 00000150         __Vectors_End
  167 00000150         
  168 00000150 00000150 
                       __Vectors_Size
                               EQU              __Vectors_End - __Vectors
  169 00000150         
  170 00000150                 AREA             |.text|, CODE, READONLY
  171 00000000         
  172 00000000         ;/* reset Handler */
  173 00000000         Reset_Handler
                               PROC
  174 00000000                 EXPORT           Reset_Handler                  
   [WEAK]
  175 00000000                 IMPORT           __main
  176 00000000                 IMPORT           SystemInit
  177 00000000 4809            LDR              R0, =SystemInit
  178 00000002 4780            BLX              R0
  179 00000004 4809            LDR              R0, =__main
  180 00000006 4700            BX               R0
  181 00000008                 ENDP
  182 00000008         
  183 00000008         ;/* dummy Exception Handlers */
  184 00000008         NMI_Handler
                               PROC
  185 00000008                 EXPORT           NMI_Handler                    



ARM Macro Assembler    Page 6 


     [WEAK]
  186 00000008 E7FE            B                .
  187 0000000A                 ENDP
  188 0000000A         
  189 0000000A         HardFault_Handler
                               PROC
  190 0000000A                 EXPORT           HardFault_Handler              
     [WEAK]
  191 0000000A E7FE            B                .
  192 0000000C                 ENDP
  193 0000000C         
  194 0000000C         MemManage_Handler
                               PROC
  195 0000000C                 EXPORT           MemManage_Handler              
     [WEAK]
  196 0000000C E7FE            B                .
  197 0000000E                 ENDP
  198 0000000E         
  199 0000000E         BusFault_Handler
                               PROC
  200 0000000E                 EXPORT           BusFault_Handler               
     [WEAK]
  201 0000000E E7FE            B                .
  202 00000010                 ENDP
  203 00000010         
  204 00000010         UsageFault_Handler
                               PROC
  205 00000010                 EXPORT           UsageFault_Handler             
     [WEAK]
  206 00000010 E7FE            B                .
  207 00000012                 ENDP
  208 00000012         
  209 00000012         SVC_Handler
                               PROC
  210 00000012                 EXPORT           SVC_Handler                    
     [WEAK]
  211 00000012 E7FE            B                .
  212 00000014                 ENDP
  213 00000014         
  214 00000014         DebugMon_Handler
                               PROC
  215 00000014                 EXPORT           DebugMon_Handler               
     [WEAK]
  216 00000014 E7FE            B                .
  217 00000016                 ENDP
  218 00000016         
  219 00000016         PendSV_Handler
                               PROC
  220 00000016                 EXPORT           PendSV_Handler                 
     [WEAK]
  221 00000016 E7FE            B                .
  222 00000018                 ENDP
  223 00000018         
  224 00000018         SysTick_Handler
                               PROC
  225 00000018                 EXPORT           SysTick_Handler                
     [WEAK]
  226 00000018 E7FE            B                .
  227 0000001A                 ENDP



ARM Macro Assembler    Page 7 


  228 0000001A         
  229 0000001A         Default_Handler
                               PROC
  230 0000001A         ;                   /* external interrupts handler */   
                        
  231 0000001A                 EXPORT           WWDGT_IRQHandler               
     [WEAK]
  232 0000001A                 EXPORT           LVD_IRQHandler                 
     [WEAK]
  233 0000001A                 EXPORT           TAMPER_IRQHandler              
     [WEAK]
  234 0000001A                 EXPORT           RTC_IRQHandler                 
     [WEAK]
  235 0000001A                 EXPORT           FMC_IRQHandler                 
     [WEAK]
  236 0000001A                 EXPORT           RCU_IRQHandler                 
     [WEAK]
  237 0000001A                 EXPORT           EXTI0_IRQHandler               
     [WEAK]
  238 0000001A                 EXPORT           EXTI1_IRQHandler               
     [WEAK]
  239 0000001A                 EXPORT           EXTI2_IRQHandler               
     [WEAK]
  240 0000001A                 EXPORT           EXTI3_IRQHandler               
     [WEAK]
  241 0000001A                 EXPORT           EXTI4_IRQHandler               
     [WEAK]
  242 0000001A                 EXPORT           DMA0_Channel0_IRQHandler       
     [WEAK]
  243 0000001A                 EXPORT           DMA0_Channel1_IRQHandler       
     [WEAK]
  244 0000001A                 EXPORT           DMA0_Channel2_IRQHandler       
     [WEAK]
  245 0000001A                 EXPORT           DMA0_Channel3_IRQHandler       
     [WEAK]
  246 0000001A                 EXPORT           DMA0_Channel4_IRQHandler       
     [WEAK]
  247 0000001A                 EXPORT           DMA0_Channel5_IRQHandler       
     [WEAK]
  248 0000001A                 EXPORT           DMA0_Channel6_IRQHandler       
     [WEAK]
  249 0000001A                 EXPORT           ADC0_1_IRQHandler              
     [WEAK]
  250 0000001A                 EXPORT           CAN0_TX_IRQHandler             
     [WEAK]
  251 0000001A                 EXPORT           CAN0_RX0_IRQHandler            
     [WEAK]
  252 0000001A                 EXPORT           CAN0_RX1_IRQHandler            
     [WEAK]
  253 0000001A                 EXPORT           CAN0_EWMC_IRQHandler           
     [WEAK]
  254 0000001A                 EXPORT           EXTI5_9_IRQHandler             
     [WEAK]
  255 0000001A                 EXPORT           TIMER0_BRK_IRQHandler          
     [WEAK]
  256 0000001A                 EXPORT           TIMER0_UP_IRQHandler           
     [WEAK]
  257 0000001A                 EXPORT           TIMER0_TRG_CMT_IRQHandler      
     [WEAK]



ARM Macro Assembler    Page 8 


  258 0000001A                 EXPORT           TIMER0_Channel_IRQHandler      
     [WEAK]
  259 0000001A                 EXPORT           TIMER1_IRQHandler              
     [WEAK]
  260 0000001A                 EXPORT           TIMER2_IRQHandler              
     [WEAK]
  261 0000001A                 EXPORT           TIMER3_IRQHandler              
     [WEAK]
  262 0000001A                 EXPORT           I2C0_EV_IRQHandler             
     [WEAK]
  263 0000001A                 EXPORT           I2C0_ER_IRQHandler             
     [WEAK]
  264 0000001A                 EXPORT           I2C1_EV_IRQHandler             
     [WEAK]
  265 0000001A                 EXPORT           I2C1_ER_IRQHandler             
     [WEAK]
  266 0000001A                 EXPORT           SPI0_IRQHandler                
     [WEAK]
  267 0000001A                 EXPORT           SPI1_IRQHandler                
     [WEAK]
  268 0000001A                 EXPORT           USART0_IRQHandler              
     [WEAK]
  269 0000001A                 EXPORT           USART1_IRQHandler              
     [WEAK]
  270 0000001A                 EXPORT           USART2_IRQHandler              
     [WEAK]
  271 0000001A                 EXPORT           EXTI10_15_IRQHandler           
     [WEAK]
  272 0000001A                 EXPORT           RTC_Alarm_IRQHandler           
     [WEAK]
  273 0000001A                 EXPORT           USBFS_WKUP_IRQHandler          
     [WEAK]
  274 0000001A                 EXPORT           TIMER7_BRK_IRQHandler          
     [WEAK]
  275 0000001A                 EXPORT           TIMER7_UP_IRQHandler           
     [WEAK]
  276 0000001A                 EXPORT           TIMER7_TRG_CMT_IRQHandler      
     [WEAK]
  277 0000001A                 EXPORT           TIMER7_Channel_IRQHandler      
     [WEAK]
  278 0000001A                 EXPORT           EXMC_IRQHandler                
     [WEAK]
  279 0000001A                 EXPORT           TIMER4_IRQHandler              
     [WEAK]
  280 0000001A                 EXPORT           SPI2_IRQHandler                
     [WEAK]
  281 0000001A                 EXPORT           UART3_IRQHandler               
     [WEAK]
  282 0000001A                 EXPORT           UART4_IRQHandler               
     [WEAK]
  283 0000001A                 EXPORT           TIMER5_IRQHandler              
     [WEAK]
  284 0000001A                 EXPORT           TIMER6_IRQHandler              
     [WEAK]
  285 0000001A                 EXPORT           DMA1_Channel0_IRQHandler       
     [WEAK]
  286 0000001A                 EXPORT           DMA1_Channel1_IRQHandler       
     [WEAK]
  287 0000001A                 EXPORT           DMA1_Channel2_IRQHandler       



ARM Macro Assembler    Page 9 


     [WEAK]
  288 0000001A                 EXPORT           DMA1_Channel3_IRQHandler       
     [WEAK]
  289 0000001A                 EXPORT           DMA1_Channel4_IRQHandler       
     [WEAK]
  290 0000001A                 EXPORT           ENET_IRQHandler                
     [WEAK]
  291 0000001A                 EXPORT           ENET_WKUP_IRQHandler           
     [WEAK]
  292 0000001A                 EXPORT           CAN1_TX_IRQHandler             
     [WEAK]
  293 0000001A                 EXPORT           CAN1_RX0_IRQHandler            
     [WEAK]
  294 0000001A                 EXPORT           CAN1_RX1_IRQHandler            
     [WEAK]
  295 0000001A                 EXPORT           CAN1_EWMC_IRQHandler           
     [WEAK]
  296 0000001A                 EXPORT           USBFS_IRQHandler               
     [WEAK]
  297 0000001A         
  298 0000001A         
  299 0000001A         ;/* external interrupts handler */
  300 0000001A         WWDGT_IRQHandler
  301 0000001A         LVD_IRQHandler
  302 0000001A         TAMPER_IRQHandler
  303 0000001A         RTC_IRQHandler
  304 0000001A         FMC_IRQHandler
  305 0000001A         RCU_IRQHandler
  306 0000001A         EXTI0_IRQHandler
  307 0000001A         EXTI1_IRQHandler
  308 0000001A         EXTI2_IRQHandler
  309 0000001A         EXTI3_IRQHandler
  310 0000001A         EXTI4_IRQHandler
  311 0000001A         DMA0_Channel0_IRQHandler
  312 0000001A         DMA0_Channel1_IRQHandler
  313 0000001A         DMA0_Channel2_IRQHandler
  314 0000001A         DMA0_Channel3_IRQHandler
  315 0000001A         DMA0_Channel4_IRQHandler
  316 0000001A         DMA0_Channel5_IRQHandler
  317 0000001A         DMA0_Channel6_IRQHandler
  318 0000001A         ADC0_1_IRQHandler
  319 0000001A         CAN0_TX_IRQHandler
  320 0000001A         CAN0_RX0_IRQHandler
  321 0000001A         CAN0_RX1_IRQHandler
  322 0000001A         CAN0_EWMC_IRQHandler
  323 0000001A         EXTI5_9_IRQHandler
  324 0000001A         TIMER0_BRK_IRQHandler
  325 0000001A         TIMER0_UP_IRQHandler
  326 0000001A         TIMER0_TRG_CMT_IRQHandler
  327 0000001A         TIMER0_Channel_IRQHandler
  328 0000001A         TIMER1_IRQHandler
  329 0000001A         TIMER2_IRQHandler
  330 0000001A         TIMER3_IRQHandler
  331 0000001A         I2C0_EV_IRQHandler
  332 0000001A         I2C0_ER_IRQHandler
  333 0000001A         I2C1_EV_IRQHandler
  334 0000001A         I2C1_ER_IRQHandler
  335 0000001A         SPI0_IRQHandler
  336 0000001A         SPI1_IRQHandler



ARM Macro Assembler    Page 10 


  337 0000001A         USART0_IRQHandler
  338 0000001A         USART1_IRQHandler
  339 0000001A         USART2_IRQHandler
  340 0000001A         EXTI10_15_IRQHandler
  341 0000001A         RTC_Alarm_IRQHandler
  342 0000001A         USBFS_WKUP_IRQHandler
  343 0000001A         TIMER7_BRK_IRQHandler
  344 0000001A         TIMER7_UP_IRQHandler
  345 0000001A         TIMER7_TRG_CMT_IRQHandler
  346 0000001A         TIMER7_Channel_IRQHandler
  347 0000001A         EXMC_IRQHandler
  348 0000001A         TIMER4_IRQHandler
  349 0000001A         SPI2_IRQHandler
  350 0000001A         UART3_IRQHandler
  351 0000001A         UART4_IRQHandler
  352 0000001A         TIMER5_IRQHandler
  353 0000001A         TIMER6_IRQHandler
  354 0000001A         DMA1_Channel0_IRQHandler
  355 0000001A         DMA1_Channel1_IRQHandler
  356 0000001A         DMA1_Channel2_IRQHandler
  357 0000001A         DMA1_Channel3_IRQHandler
  358 0000001A         DMA1_Channel4_IRQHandler
  359 0000001A         ENET_IRQHandler
  360 0000001A         ENET_WKUP_IRQHandler
  361 0000001A         CAN1_TX_IRQHandler
  362 0000001A         CAN1_RX0_IRQHandler
  363 0000001A         CAN1_RX1_IRQHandler
  364 0000001A         CAN1_EWMC_IRQHandler
  365 0000001A         USBFS_IRQHandler
  366 0000001A         
  367 0000001A         
  368 0000001A E7FE            B                .
  369 0000001C                 ENDP
  370 0000001C         
  371 0000001C                 ALIGN
  372 0000001C         
  373 0000001C         ; user Initial Stack & Heap
  374 0000001C         
  375 0000001C                 IF               :DEF:__MICROLIB
  382 0000001C         
  383 0000001C                 IMPORT           __use_two_region_memory
  384 0000001C                 EXPORT           __user_initial_stackheap
  385 0000001C         
  386 0000001C         __user_initial_stackheap
                               PROC
  387 0000001C 4804            LDR              R0, =  Heap_Mem
  388 0000001E 4905            LDR              R1, =(Stack_Mem + Stack_Size)
  389 00000020 4A05            LDR              R2, = (Heap_Mem +  Heap_Size)
  390 00000022 4B06            LDR              R3, = Stack_Mem
  391 00000024 4770            BX               LR
  392 00000026                 ENDP
  393 00000026         
  394 00000026 00 00           ALIGN
  395 00000028         
  396 00000028                 ENDIF
  397 00000028         
  398 00000028                 END
              00000000 
              00000000 



ARM Macro Assembler    Page 11 


              00000000 
              00002000 
              00002000 
              00000000 
Command Line: --debug --xref --diag_suppress=9931 --cpu=Cortex-M3 --apcs=interw
ork --depend=.\objects\startup_gd32f10x_cl.d -o.\objects\startup_gd32f10x_cl.o 
-IC:\Users\huang\Desktop\工作\项目\智能一体化备电\gdh52c0_d\RTE -IE:\Keil5\ARM\
PACK\GigaDevice\GD32F10x_DFP\2.0.1\Device\Include -IE:\Keil5\ARM\CMSIS\Include 
--predefine="__UVISION_VERSION SETA 514" --predefine="GD32F10X_CL SETA 1" --pre
define="USE_STDPERIPH_DRIVER SETA 1" --list=.\listings\startup_gd32f10x_cl.lst 
CMSIS\GD\GD32F10x\Source\ARM\startup_gd32f10x_cl.s



ARM Macro Assembler    Page 1 Alphabetic symbol ordering
Relocatable symbols

STACK 00000000

Symbol: STACK
   Definitions
      At line 45 in file CMSIS\GD\GD32F10x\Source\ARM\startup_gd32f10x_cl.s
   Uses
      None
Comment: STACK unused
Stack_Mem 00000000

Symbol: Stack_Mem
   Definitions
      At line 46 in file CMSIS\GD\GD32F10x\Source\ARM\startup_gd32f10x_cl.s
   Uses
      At line 388 in file CMSIS\GD\GD32F10x\Source\ARM\startup_gd32f10x_cl.s
      At line 390 in file CMSIS\GD\GD32F10x\Source\ARM\startup_gd32f10x_cl.s

__initial_sp 00002000

Symbol: __initial_sp
   Definitions
      At line 47 in file CMSIS\GD\GD32F10x\Source\ARM\startup_gd32f10x_cl.s
   Uses
      At line 76 in file CMSIS\GD\GD32F10x\Source\ARM\startup_gd32f10x_cl.s
Comment: __initial_sp used once
3 symbols



ARM Macro Assembler    Page 1 Alphabetic symbol ordering
Relocatable symbols

HEAP 00000000

Symbol: HEAP
   Definitions
      At line 56 in file CMSIS\GD\GD32F10x\Source\ARM\startup_gd32f10x_cl.s
   Uses
      None
Comment: HEAP unused
Heap_Mem 00000000

Symbol: Heap_Mem
   Definitions
      At line 58 in file CMSIS\GD\GD32F10x\Source\ARM\startup_gd32f10x_cl.s
   Uses
      At line 387 in file CMSIS\GD\GD32F10x\Source\ARM\startup_gd32f10x_cl.s
      At line 389 in file CMSIS\GD\GD32F10x\Source\ARM\startup_gd32f10x_cl.s

__heap_base 00000000

Symbol: __heap_base
   Definitions
      At line 57 in file CMSIS\GD\GD32F10x\Source\ARM\startup_gd32f10x_cl.s
   Uses
      None
Comment: __heap_base unused
__heap_limit 00002000

Symbol: __heap_limit
   Definitions
      At line 59 in file CMSIS\GD\GD32F10x\Source\ARM\startup_gd32f10x_cl.s
   Uses
      None
Comment: __heap_limit unused
4 symbols



ARM Macro Assembler    Page 1 Alphabetic symbol ordering
Relocatable symbols

RESET 00000000

Symbol: RESET
   Definitions
      At line 71 in file CMSIS\GD\GD32F10x\Source\ARM\startup_gd32f10x_cl.s
   Uses
      None
Comment: RESET unused
__Vectors 00000000

Symbol: __Vectors
   Definitions
      At line 76 in file CMSIS\GD\GD32F10x\Source\ARM\startup_gd32f10x_cl.s
   Uses
      At line 72 in file CMSIS\GD\GD32F10x\Source\ARM\startup_gd32f10x_cl.s
      At line 168 in file CMSIS\GD\GD32F10x\Source\ARM\startup_gd32f10x_cl.s

__Vectors_End 00000150

Symbol: __Vectors_End
   Definitions
      At line 166 in file CMSIS\GD\GD32F10x\Source\ARM\startup_gd32f10x_cl.s
   Uses
      At line 73 in file CMSIS\GD\GD32F10x\Source\ARM\startup_gd32f10x_cl.s
      At line 168 in file CMSIS\GD\GD32F10x\Source\ARM\startup_gd32f10x_cl.s

3 symbols



ARM Macro Assembler    Page 1 Alphabetic symbol ordering
Relocatable symbols

.text 00000000

Symbol: .text
   Definitions
      At line 170 in file CMSIS\GD\GD32F10x\Source\ARM\startup_gd32f10x_cl.s
   Uses
      None
Comment: .text unused
ADC0_1_IRQHandler 0000001A

Symbol: ADC0_1_IRQHandler
   Definitions
      At line 318 in file CMSIS\GD\GD32F10x\Source\ARM\startup_gd32f10x_cl.s
   Uses
      At line 115 in file CMSIS\GD\GD32F10x\Source\ARM\startup_gd32f10x_cl.s
      At line 249 in file CMSIS\GD\GD32F10x\Source\ARM\startup_gd32f10x_cl.s

BusFault_Handler 0000000E

Symbol: BusFault_Handler
   Definitions
      At line 199 in file CMSIS\GD\GD32F10x\Source\ARM\startup_gd32f10x_cl.s
   Uses
      At line 81 in file CMSIS\GD\GD32F10x\Source\ARM\startup_gd32f10x_cl.s
      At line 200 in file CMSIS\GD\GD32F10x\Source\ARM\startup_gd32f10x_cl.s

CAN0_EWMC_IRQHandler 0000001A

Symbol: CAN0_EWMC_IRQHandler
   Definitions
      At line 322 in file CMSIS\GD\GD32F10x\Source\ARM\startup_gd32f10x_cl.s
   Uses
      At line 119 in file CMSIS\GD\GD32F10x\Source\ARM\startup_gd32f10x_cl.s
      At line 253 in file CMSIS\GD\GD32F10x\Source\ARM\startup_gd32f10x_cl.s

CAN0_RX0_IRQHandler 0000001A

Symbol: CAN0_RX0_IRQHandler
   Definitions
      At line 320 in file CMSIS\GD\GD32F10x\Source\ARM\startup_gd32f10x_cl.s
   Uses
      At line 117 in file CMSIS\GD\GD32F10x\Source\ARM\startup_gd32f10x_cl.s
      At line 251 in file CMSIS\GD\GD32F10x\Source\ARM\startup_gd32f10x_cl.s

CAN0_RX1_IRQHandler 0000001A

Symbol: CAN0_RX1_IRQHandler
   Definitions
      At line 321 in file CMSIS\GD\GD32F10x\Source\ARM\startup_gd32f10x_cl.s
   Uses
      At line 118 in file CMSIS\GD\GD32F10x\Source\ARM\startup_gd32f10x_cl.s
      At line 252 in file CMSIS\GD\GD32F10x\Source\ARM\startup_gd32f10x_cl.s

CAN0_TX_IRQHandler 0000001A

Symbol: CAN0_TX_IRQHandler
   Definitions
      At line 319 in file CMSIS\GD\GD32F10x\Source\ARM\startup_gd32f10x_cl.s
   Uses



ARM Macro Assembler    Page 2 Alphabetic symbol ordering
Relocatable symbols

      At line 116 in file CMSIS\GD\GD32F10x\Source\ARM\startup_gd32f10x_cl.s
      At line 250 in file CMSIS\GD\GD32F10x\Source\ARM\startup_gd32f10x_cl.s

CAN1_EWMC_IRQHandler 0000001A

Symbol: CAN1_EWMC_IRQHandler
   Definitions
      At line 364 in file CMSIS\GD\GD32F10x\Source\ARM\startup_gd32f10x_cl.s
   Uses
      At line 163 in file CMSIS\GD\GD32F10x\Source\ARM\startup_gd32f10x_cl.s
      At line 295 in file CMSIS\GD\GD32F10x\Source\ARM\startup_gd32f10x_cl.s

CAN1_RX0_IRQHandler 0000001A

Symbol: CAN1_RX0_IRQHandler
   Definitions
      At line 362 in file CMSIS\GD\GD32F10x\Source\ARM\startup_gd32f10x_cl.s
   Uses
      At line 161 in file CMSIS\GD\GD32F10x\Source\ARM\startup_gd32f10x_cl.s
      At line 293 in file CMSIS\GD\GD32F10x\Source\ARM\startup_gd32f10x_cl.s

CAN1_RX1_IRQHandler 0000001A

Symbol: CAN1_RX1_IRQHandler
   Definitions
      At line 363 in file CMSIS\GD\GD32F10x\Source\ARM\startup_gd32f10x_cl.s
   Uses
      At line 162 in file CMSIS\GD\GD32F10x\Source\ARM\startup_gd32f10x_cl.s
      At line 294 in file CMSIS\GD\GD32F10x\Source\ARM\startup_gd32f10x_cl.s

CAN1_TX_IRQHandler 0000001A

Symbol: CAN1_TX_IRQHandler
   Definitions
      At line 361 in file CMSIS\GD\GD32F10x\Source\ARM\startup_gd32f10x_cl.s
   Uses
      At line 160 in file CMSIS\GD\GD32F10x\Source\ARM\startup_gd32f10x_cl.s
      At line 292 in file CMSIS\GD\GD32F10x\Source\ARM\startup_gd32f10x_cl.s

DMA0_Channel0_IRQHandler 0000001A

Symbol: DMA0_Channel0_IRQHandler
   Definitions
      At line 311 in file CMSIS\GD\GD32F10x\Source\ARM\startup_gd32f10x_cl.s
   Uses
      At line 108 in file CMSIS\GD\GD32F10x\Source\ARM\startup_gd32f10x_cl.s
      At line 242 in file CMSIS\GD\GD32F10x\Source\ARM\startup_gd32f10x_cl.s

DMA0_Channel1_IRQHandler 0000001A

Symbol: DMA0_Channel1_IRQHandler
   Definitions
      At line 312 in file CMSIS\GD\GD32F10x\Source\ARM\startup_gd32f10x_cl.s
   Uses
      At line 109 in file CMSIS\GD\GD32F10x\Source\ARM\startup_gd32f10x_cl.s
      At line 243 in file CMSIS\GD\GD32F10x\Source\ARM\startup_gd32f10x_cl.s

DMA0_Channel2_IRQHandler 0000001A




ARM Macro Assembler    Page 3 Alphabetic symbol ordering
Relocatable symbols

Symbol: DMA0_Channel2_IRQHandler
   Definitions
      At line 313 in file CMSIS\GD\GD32F10x\Source\ARM\startup_gd32f10x_cl.s
   Uses
      At line 110 in file CMSIS\GD\GD32F10x\Source\ARM\startup_gd32f10x_cl.s
      At line 244 in file CMSIS\GD\GD32F10x\Source\ARM\startup_gd32f10x_cl.s

DMA0_Channel3_IRQHandler 0000001A

Symbol: DMA0_Channel3_IRQHandler
   Definitions
      At line 314 in file CMSIS\GD\GD32F10x\Source\ARM\startup_gd32f10x_cl.s
   Uses
      At line 111 in file CMSIS\GD\GD32F10x\Source\ARM\startup_gd32f10x_cl.s
      At line 245 in file CMSIS\GD\GD32F10x\Source\ARM\startup_gd32f10x_cl.s

DMA0_Channel4_IRQHandler 0000001A

Symbol: DMA0_Channel4_IRQHandler
   Definitions
      At line 315 in file CMSIS\GD\GD32F10x\Source\ARM\startup_gd32f10x_cl.s
   Uses
      At line 112 in file CMSIS\GD\GD32F10x\Source\ARM\startup_gd32f10x_cl.s
      At line 246 in file CMSIS\GD\GD32F10x\Source\ARM\startup_gd32f10x_cl.s

DMA0_Channel5_IRQHandler 0000001A

Symbol: DMA0_Channel5_IRQHandler
   Definitions
      At line 316 in file CMSIS\GD\GD32F10x\Source\ARM\startup_gd32f10x_cl.s
   Uses
      At line 113 in file CMSIS\GD\GD32F10x\Source\ARM\startup_gd32f10x_cl.s
      At line 247 in file CMSIS\GD\GD32F10x\Source\ARM\startup_gd32f10x_cl.s

DMA0_Channel6_IRQHandler 0000001A

Symbol: DMA0_Channel6_IRQHandler
   Definitions
      At line 317 in file CMSIS\GD\GD32F10x\Source\ARM\startup_gd32f10x_cl.s
   Uses
      At line 114 in file CMSIS\GD\GD32F10x\Source\ARM\startup_gd32f10x_cl.s
      At line 248 in file CMSIS\GD\GD32F10x\Source\ARM\startup_gd32f10x_cl.s

DMA1_Channel0_IRQHandler 0000001A

Symbol: DMA1_Channel0_IRQHandler
   Definitions
      At line 354 in file CMSIS\GD\GD32F10x\Source\ARM\startup_gd32f10x_cl.s
   Uses
      At line 153 in file CMSIS\GD\GD32F10x\Source\ARM\startup_gd32f10x_cl.s
      At line 285 in file CMSIS\GD\GD32F10x\Source\ARM\startup_gd32f10x_cl.s

DMA1_Channel1_IRQHandler 0000001A

Symbol: DMA1_Channel1_IRQHandler
   Definitions
      At line 355 in file CMSIS\GD\GD32F10x\Source\ARM\startup_gd32f10x_cl.s
   Uses
      At line 154 in file CMSIS\GD\GD32F10x\Source\ARM\startup_gd32f10x_cl.s



ARM Macro Assembler    Page 4 Alphabetic symbol ordering
Relocatable symbols

      At line 286 in file CMSIS\GD\GD32F10x\Source\ARM\startup_gd32f10x_cl.s

DMA1_Channel2_IRQHandler 0000001A

Symbol: DMA1_Channel2_IRQHandler
   Definitions
      At line 356 in file CMSIS\GD\GD32F10x\Source\ARM\startup_gd32f10x_cl.s
   Uses
      At line 155 in file CMSIS\GD\GD32F10x\Source\ARM\startup_gd32f10x_cl.s
      At line 287 in file CMSIS\GD\GD32F10x\Source\ARM\startup_gd32f10x_cl.s

DMA1_Channel3_IRQHandler 0000001A

Symbol: DMA1_Channel3_IRQHandler
   Definitions
      At line 357 in file CMSIS\GD\GD32F10x\Source\ARM\startup_gd32f10x_cl.s
   Uses
      At line 156 in file CMSIS\GD\GD32F10x\Source\ARM\startup_gd32f10x_cl.s
      At line 288 in file CMSIS\GD\GD32F10x\Source\ARM\startup_gd32f10x_cl.s

DMA1_Channel4_IRQHandler 0000001A

Symbol: DMA1_Channel4_IRQHandler
   Definitions
      At line 358 in file CMSIS\GD\GD32F10x\Source\ARM\startup_gd32f10x_cl.s
   Uses
      At line 157 in file CMSIS\GD\GD32F10x\Source\ARM\startup_gd32f10x_cl.s
      At line 289 in file CMSIS\GD\GD32F10x\Source\ARM\startup_gd32f10x_cl.s

DebugMon_Handler 00000014

Symbol: DebugMon_Handler
   Definitions
      At line 214 in file CMSIS\GD\GD32F10x\Source\ARM\startup_gd32f10x_cl.s
   Uses
      At line 89 in file CMSIS\GD\GD32F10x\Source\ARM\startup_gd32f10x_cl.s
      At line 215 in file CMSIS\GD\GD32F10x\Source\ARM\startup_gd32f10x_cl.s

Default_Handler 0000001A

Symbol: Default_Handler
   Definitions
      At line 229 in file CMSIS\GD\GD32F10x\Source\ARM\startup_gd32f10x_cl.s
   Uses
      None
Comment: Default_Handler unused
ENET_IRQHandler 0000001A

Symbol: ENET_IRQHandler
   Definitions
      At line 359 in file CMSIS\GD\GD32F10x\Source\ARM\startup_gd32f10x_cl.s
   Uses
      At line 158 in file CMSIS\GD\GD32F10x\Source\ARM\startup_gd32f10x_cl.s
      At line 290 in file CMSIS\GD\GD32F10x\Source\ARM\startup_gd32f10x_cl.s

ENET_WKUP_IRQHandler 0000001A

Symbol: ENET_WKUP_IRQHandler
   Definitions



ARM Macro Assembler    Page 5 Alphabetic symbol ordering
Relocatable symbols

      At line 360 in file CMSIS\GD\GD32F10x\Source\ARM\startup_gd32f10x_cl.s
   Uses
      At line 159 in file CMSIS\GD\GD32F10x\Source\ARM\startup_gd32f10x_cl.s
      At line 291 in file CMSIS\GD\GD32F10x\Source\ARM\startup_gd32f10x_cl.s

EXMC_IRQHandler 0000001A

Symbol: EXMC_IRQHandler
   Definitions
      At line 347 in file CMSIS\GD\GD32F10x\Source\ARM\startup_gd32f10x_cl.s
   Uses
      At line 145 in file CMSIS\GD\GD32F10x\Source\ARM\startup_gd32f10x_cl.s
      At line 278 in file CMSIS\GD\GD32F10x\Source\ARM\startup_gd32f10x_cl.s

EXTI0_IRQHandler 0000001A

Symbol: EXTI0_IRQHandler
   Definitions
      At line 306 in file CMSIS\GD\GD32F10x\Source\ARM\startup_gd32f10x_cl.s
   Uses
      At line 103 in file CMSIS\GD\GD32F10x\Source\ARM\startup_gd32f10x_cl.s
      At line 237 in file CMSIS\GD\GD32F10x\Source\ARM\startup_gd32f10x_cl.s

EXTI10_15_IRQHandler 0000001A

Symbol: EXTI10_15_IRQHandler
   Definitions
      At line 340 in file CMSIS\GD\GD32F10x\Source\ARM\startup_gd32f10x_cl.s
   Uses
      At line 137 in file CMSIS\GD\GD32F10x\Source\ARM\startup_gd32f10x_cl.s
      At line 271 in file CMSIS\GD\GD32F10x\Source\ARM\startup_gd32f10x_cl.s

EXTI1_IRQHandler 0000001A

Symbol: EXTI1_IRQHandler
   Definitions
      At line 307 in file CMSIS\GD\GD32F10x\Source\ARM\startup_gd32f10x_cl.s
   Uses
      At line 104 in file CMSIS\GD\GD32F10x\Source\ARM\startup_gd32f10x_cl.s
      At line 238 in file CMSIS\GD\GD32F10x\Source\ARM\startup_gd32f10x_cl.s

EXTI2_IRQHandler 0000001A

Symbol: EXTI2_IRQHandler
   Definitions
      At line 308 in file CMSIS\GD\GD32F10x\Source\ARM\startup_gd32f10x_cl.s
   Uses
      At line 105 in file CMSIS\GD\GD32F10x\Source\ARM\startup_gd32f10x_cl.s
      At line 239 in file CMSIS\GD\GD32F10x\Source\ARM\startup_gd32f10x_cl.s

EXTI3_IRQHandler 0000001A

Symbol: EXTI3_IRQHandler
   Definitions
      At line 309 in file CMSIS\GD\GD32F10x\Source\ARM\startup_gd32f10x_cl.s
   Uses
      At line 106 in file CMSIS\GD\GD32F10x\Source\ARM\startup_gd32f10x_cl.s
      At line 240 in file CMSIS\GD\GD32F10x\Source\ARM\startup_gd32f10x_cl.s




ARM Macro Assembler    Page 6 Alphabetic symbol ordering
Relocatable symbols

EXTI4_IRQHandler 0000001A

Symbol: EXTI4_IRQHandler
   Definitions
      At line 310 in file CMSIS\GD\GD32F10x\Source\ARM\startup_gd32f10x_cl.s
   Uses
      At line 107 in file CMSIS\GD\GD32F10x\Source\ARM\startup_gd32f10x_cl.s
      At line 241 in file CMSIS\GD\GD32F10x\Source\ARM\startup_gd32f10x_cl.s

EXTI5_9_IRQHandler 0000001A

Symbol: EXTI5_9_IRQHandler
   Definitions
      At line 323 in file CMSIS\GD\GD32F10x\Source\ARM\startup_gd32f10x_cl.s
   Uses
      At line 120 in file CMSIS\GD\GD32F10x\Source\ARM\startup_gd32f10x_cl.s
      At line 254 in file CMSIS\GD\GD32F10x\Source\ARM\startup_gd32f10x_cl.s

FMC_IRQHandler 0000001A

Symbol: FMC_IRQHandler
   Definitions
      At line 304 in file CMSIS\GD\GD32F10x\Source\ARM\startup_gd32f10x_cl.s
   Uses
      At line 101 in file CMSIS\GD\GD32F10x\Source\ARM\startup_gd32f10x_cl.s
      At line 235 in file CMSIS\GD\GD32F10x\Source\ARM\startup_gd32f10x_cl.s

HardFault_Handler 0000000A

Symbol: HardFault_Handler
   Definitions
      At line 189 in file CMSIS\GD\GD32F10x\Source\ARM\startup_gd32f10x_cl.s
   Uses
      At line 79 in file CMSIS\GD\GD32F10x\Source\ARM\startup_gd32f10x_cl.s
      At line 190 in file CMSIS\GD\GD32F10x\Source\ARM\startup_gd32f10x_cl.s

I2C0_ER_IRQHandler 0000001A

Symbol: I2C0_ER_IRQHandler
   Definitions
      At line 332 in file CMSIS\GD\GD32F10x\Source\ARM\startup_gd32f10x_cl.s
   Uses
      At line 129 in file CMSIS\GD\GD32F10x\Source\ARM\startup_gd32f10x_cl.s
      At line 263 in file CMSIS\GD\GD32F10x\Source\ARM\startup_gd32f10x_cl.s

I2C0_EV_IRQHandler 0000001A

Symbol: I2C0_EV_IRQHandler
   Definitions
      At line 331 in file CMSIS\GD\GD32F10x\Source\ARM\startup_gd32f10x_cl.s
   Uses
      At line 128 in file CMSIS\GD\GD32F10x\Source\ARM\startup_gd32f10x_cl.s
      At line 262 in file CMSIS\GD\GD32F10x\Source\ARM\startup_gd32f10x_cl.s

I2C1_ER_IRQHandler 0000001A

Symbol: I2C1_ER_IRQHandler
   Definitions
      At line 334 in file CMSIS\GD\GD32F10x\Source\ARM\startup_gd32f10x_cl.s



ARM Macro Assembler    Page 7 Alphabetic symbol ordering
Relocatable symbols

   Uses
      At line 131 in file CMSIS\GD\GD32F10x\Source\ARM\startup_gd32f10x_cl.s
      At line 265 in file CMSIS\GD\GD32F10x\Source\ARM\startup_gd32f10x_cl.s

I2C1_EV_IRQHandler 0000001A

Symbol: I2C1_EV_IRQHandler
   Definitions
      At line 333 in file CMSIS\GD\GD32F10x\Source\ARM\startup_gd32f10x_cl.s
   Uses
      At line 130 in file CMSIS\GD\GD32F10x\Source\ARM\startup_gd32f10x_cl.s
      At line 264 in file CMSIS\GD\GD32F10x\Source\ARM\startup_gd32f10x_cl.s

LVD_IRQHandler 0000001A

Symbol: LVD_IRQHandler
   Definitions
      At line 301 in file CMSIS\GD\GD32F10x\Source\ARM\startup_gd32f10x_cl.s
   Uses
      At line 98 in file CMSIS\GD\GD32F10x\Source\ARM\startup_gd32f10x_cl.s
      At line 232 in file CMSIS\GD\GD32F10x\Source\ARM\startup_gd32f10x_cl.s

MemManage_Handler 0000000C

Symbol: MemManage_Handler
   Definitions
      At line 194 in file CMSIS\GD\GD32F10x\Source\ARM\startup_gd32f10x_cl.s
   Uses
      At line 80 in file CMSIS\GD\GD32F10x\Source\ARM\startup_gd32f10x_cl.s
      At line 195 in file CMSIS\GD\GD32F10x\Source\ARM\startup_gd32f10x_cl.s

NMI_Handler 00000008

Symbol: NMI_Handler
   Definitions
      At line 184 in file CMSIS\GD\GD32F10x\Source\ARM\startup_gd32f10x_cl.s
   Uses
      At line 78 in file CMSIS\GD\GD32F10x\Source\ARM\startup_gd32f10x_cl.s
      At line 185 in file CMSIS\GD\GD32F10x\Source\ARM\startup_gd32f10x_cl.s

PendSV_Handler 00000016

Symbol: PendSV_Handler
   Definitions
      At line 219 in file CMSIS\GD\GD32F10x\Source\ARM\startup_gd32f10x_cl.s
   Uses
      At line 220 in file CMSIS\GD\GD32F10x\Source\ARM\startup_gd32f10x_cl.s
Comment: PendSV_Handler used once
RCU_IRQHandler 0000001A

Symbol: RCU_IRQHandler
   Definitions
      At line 305 in file CMSIS\GD\GD32F10x\Source\ARM\startup_gd32f10x_cl.s
   Uses
      At line 102 in file CMSIS\GD\GD32F10x\Source\ARM\startup_gd32f10x_cl.s
      At line 236 in file CMSIS\GD\GD32F10x\Source\ARM\startup_gd32f10x_cl.s

RTC_Alarm_IRQHandler 0000001A




ARM Macro Assembler    Page 8 Alphabetic symbol ordering
Relocatable symbols

Symbol: RTC_Alarm_IRQHandler
   Definitions
      At line 341 in file CMSIS\GD\GD32F10x\Source\ARM\startup_gd32f10x_cl.s
   Uses
      At line 138 in file CMSIS\GD\GD32F10x\Source\ARM\startup_gd32f10x_cl.s
      At line 272 in file CMSIS\GD\GD32F10x\Source\ARM\startup_gd32f10x_cl.s

RTC_IRQHandler 0000001A

Symbol: RTC_IRQHandler
   Definitions
      At line 303 in file CMSIS\GD\GD32F10x\Source\ARM\startup_gd32f10x_cl.s
   Uses
      At line 100 in file CMSIS\GD\GD32F10x\Source\ARM\startup_gd32f10x_cl.s
      At line 234 in file CMSIS\GD\GD32F10x\Source\ARM\startup_gd32f10x_cl.s

Reset_Handler 00000000

Symbol: Reset_Handler
   Definitions
      At line 173 in file CMSIS\GD\GD32F10x\Source\ARM\startup_gd32f10x_cl.s
   Uses
      At line 77 in file CMSIS\GD\GD32F10x\Source\ARM\startup_gd32f10x_cl.s
      At line 174 in file CMSIS\GD\GD32F10x\Source\ARM\startup_gd32f10x_cl.s

SPI0_IRQHandler 0000001A

Symbol: SPI0_IRQHandler
   Definitions
      At line 335 in file CMSIS\GD\GD32F10x\Source\ARM\startup_gd32f10x_cl.s
   Uses
      At line 132 in file CMSIS\GD\GD32F10x\Source\ARM\startup_gd32f10x_cl.s
      At line 266 in file CMSIS\GD\GD32F10x\Source\ARM\startup_gd32f10x_cl.s

SPI1_IRQHandler 0000001A

Symbol: SPI1_IRQHandler
   Definitions
      At line 336 in file CMSIS\GD\GD32F10x\Source\ARM\startup_gd32f10x_cl.s
   Uses
      At line 133 in file CMSIS\GD\GD32F10x\Source\ARM\startup_gd32f10x_cl.s
      At line 267 in file CMSIS\GD\GD32F10x\Source\ARM\startup_gd32f10x_cl.s

SPI2_IRQHandler 0000001A

Symbol: SPI2_IRQHandler
   Definitions
      At line 349 in file CMSIS\GD\GD32F10x\Source\ARM\startup_gd32f10x_cl.s
   Uses
      At line 148 in file CMSIS\GD\GD32F10x\Source\ARM\startup_gd32f10x_cl.s
      At line 280 in file CMSIS\GD\GD32F10x\Source\ARM\startup_gd32f10x_cl.s

SVC_Handler 00000012

Symbol: SVC_Handler
   Definitions
      At line 209 in file CMSIS\GD\GD32F10x\Source\ARM\startup_gd32f10x_cl.s
   Uses
      At line 210 in file CMSIS\GD\GD32F10x\Source\ARM\startup_gd32f10x_cl.s



ARM Macro Assembler    Page 9 Alphabetic symbol ordering
Relocatable symbols

Comment: SVC_Handler used once
SysTick_Handler 00000018

Symbol: SysTick_Handler
   Definitions
      At line 224 in file CMSIS\GD\GD32F10x\Source\ARM\startup_gd32f10x_cl.s
   Uses
      At line 225 in file CMSIS\GD\GD32F10x\Source\ARM\startup_gd32f10x_cl.s
Comment: SysTick_Handler used once
TAMPER_IRQHandler 0000001A

Symbol: TAMPER_IRQHandler
   Definitions
      At line 302 in file CMSIS\GD\GD32F10x\Source\ARM\startup_gd32f10x_cl.s
   Uses
      At line 99 in file CMSIS\GD\GD32F10x\Source\ARM\startup_gd32f10x_cl.s
      At line 233 in file CMSIS\GD\GD32F10x\Source\ARM\startup_gd32f10x_cl.s

TIMER0_BRK_IRQHandler 0000001A

Symbol: TIMER0_BRK_IRQHandler
   Definitions
      At line 324 in file CMSIS\GD\GD32F10x\Source\ARM\startup_gd32f10x_cl.s
   Uses
      At line 121 in file CMSIS\GD\GD32F10x\Source\ARM\startup_gd32f10x_cl.s
      At line 255 in file CMSIS\GD\GD32F10x\Source\ARM\startup_gd32f10x_cl.s

TIMER0_Channel_IRQHandler 0000001A

Symbol: TIMER0_Channel_IRQHandler
   Definitions
      At line 327 in file CMSIS\GD\GD32F10x\Source\ARM\startup_gd32f10x_cl.s
   Uses
      At line 124 in file CMSIS\GD\GD32F10x\Source\ARM\startup_gd32f10x_cl.s
      At line 258 in file CMSIS\GD\GD32F10x\Source\ARM\startup_gd32f10x_cl.s

TIMER0_TRG_CMT_IRQHandler 0000001A

Symbol: TIMER0_TRG_CMT_IRQHandler
   Definitions
      At line 326 in file CMSIS\GD\GD32F10x\Source\ARM\startup_gd32f10x_cl.s
   Uses
      At line 123 in file CMSIS\GD\GD32F10x\Source\ARM\startup_gd32f10x_cl.s
      At line 257 in file CMSIS\GD\GD32F10x\Source\ARM\startup_gd32f10x_cl.s

TIMER0_UP_IRQHandler 0000001A

Symbol: TIMER0_UP_IRQHandler
   Definitions
      At line 325 in file CMSIS\GD\GD32F10x\Source\ARM\startup_gd32f10x_cl.s
   Uses
      At line 122 in file CMSIS\GD\GD32F10x\Source\ARM\startup_gd32f10x_cl.s
      At line 256 in file CMSIS\GD\GD32F10x\Source\ARM\startup_gd32f10x_cl.s

TIMER1_IRQHandler 0000001A

Symbol: TIMER1_IRQHandler
   Definitions
      At line 328 in file CMSIS\GD\GD32F10x\Source\ARM\startup_gd32f10x_cl.s



ARM Macro Assembler    Page 10 Alphabetic symbol ordering
Relocatable symbols

   Uses
      At line 125 in file CMSIS\GD\GD32F10x\Source\ARM\startup_gd32f10x_cl.s
      At line 259 in file CMSIS\GD\GD32F10x\Source\ARM\startup_gd32f10x_cl.s

TIMER2_IRQHandler 0000001A

Symbol: TIMER2_IRQHandler
   Definitions
      At line 329 in file CMSIS\GD\GD32F10x\Source\ARM\startup_gd32f10x_cl.s
   Uses
      At line 126 in file CMSIS\GD\GD32F10x\Source\ARM\startup_gd32f10x_cl.s
      At line 260 in file CMSIS\GD\GD32F10x\Source\ARM\startup_gd32f10x_cl.s

TIMER3_IRQHandler 0000001A

Symbol: TIMER3_IRQHandler
   Definitions
      At line 330 in file CMSIS\GD\GD32F10x\Source\ARM\startup_gd32f10x_cl.s
   Uses
      At line 127 in file CMSIS\GD\GD32F10x\Source\ARM\startup_gd32f10x_cl.s
      At line 261 in file CMSIS\GD\GD32F10x\Source\ARM\startup_gd32f10x_cl.s

TIMER4_IRQHandler 0000001A

Symbol: TIMER4_IRQHandler
   Definitions
      At line 348 in file CMSIS\GD\GD32F10x\Source\ARM\startup_gd32f10x_cl.s
   Uses
      At line 147 in file CMSIS\GD\GD32F10x\Source\ARM\startup_gd32f10x_cl.s
      At line 279 in file CMSIS\GD\GD32F10x\Source\ARM\startup_gd32f10x_cl.s

TIMER5_IRQHandler 0000001A

Symbol: TIMER5_IRQHandler
   Definitions
      At line 352 in file CMSIS\GD\GD32F10x\Source\ARM\startup_gd32f10x_cl.s
   Uses
      At line 151 in file CMSIS\GD\GD32F10x\Source\ARM\startup_gd32f10x_cl.s
      At line 283 in file CMSIS\GD\GD32F10x\Source\ARM\startup_gd32f10x_cl.s

TIMER6_IRQHandler 0000001A

Symbol: TIMER6_IRQHandler
   Definitions
      At line 353 in file CMSIS\GD\GD32F10x\Source\ARM\startup_gd32f10x_cl.s
   Uses
      At line 152 in file CMSIS\GD\GD32F10x\Source\ARM\startup_gd32f10x_cl.s
      At line 284 in file CMSIS\GD\GD32F10x\Source\ARM\startup_gd32f10x_cl.s

TIMER7_BRK_IRQHandler 0000001A

Symbol: TIMER7_BRK_IRQHandler
   Definitions
      At line 343 in file CMSIS\GD\GD32F10x\Source\ARM\startup_gd32f10x_cl.s
   Uses
      At line 140 in file CMSIS\GD\GD32F10x\Source\ARM\startup_gd32f10x_cl.s
      At line 274 in file CMSIS\GD\GD32F10x\Source\ARM\startup_gd32f10x_cl.s

TIMER7_Channel_IRQHandler 0000001A



ARM Macro Assembler    Page 11 Alphabetic symbol ordering
Relocatable symbols


Symbol: TIMER7_Channel_IRQHandler
   Definitions
      At line 346 in file CMSIS\GD\GD32F10x\Source\ARM\startup_gd32f10x_cl.s
   Uses
      At line 143 in file CMSIS\GD\GD32F10x\Source\ARM\startup_gd32f10x_cl.s
      At line 277 in file CMSIS\GD\GD32F10x\Source\ARM\startup_gd32f10x_cl.s

TIMER7_TRG_CMT_IRQHandler 0000001A

Symbol: TIMER7_TRG_CMT_IRQHandler
   Definitions
      At line 345 in file CMSIS\GD\GD32F10x\Source\ARM\startup_gd32f10x_cl.s
   Uses
      At line 142 in file CMSIS\GD\GD32F10x\Source\ARM\startup_gd32f10x_cl.s
      At line 276 in file CMSIS\GD\GD32F10x\Source\ARM\startup_gd32f10x_cl.s

TIMER7_UP_IRQHandler 0000001A

Symbol: TIMER7_UP_IRQHandler
   Definitions
      At line 344 in file CMSIS\GD\GD32F10x\Source\ARM\startup_gd32f10x_cl.s
   Uses
      At line 141 in file CMSIS\GD\GD32F10x\Source\ARM\startup_gd32f10x_cl.s
      At line 275 in file CMSIS\GD\GD32F10x\Source\ARM\startup_gd32f10x_cl.s

UART3_IRQHandler 0000001A

Symbol: UART3_IRQHandler
   Definitions
      At line 350 in file CMSIS\GD\GD32F10x\Source\ARM\startup_gd32f10x_cl.s
   Uses
      At line 149 in file CMSIS\GD\GD32F10x\Source\ARM\startup_gd32f10x_cl.s
      At line 281 in file CMSIS\GD\GD32F10x\Source\ARM\startup_gd32f10x_cl.s

UART4_IRQHandler 0000001A

Symbol: UART4_IRQHandler
   Definitions
      At line 351 in file CMSIS\GD\GD32F10x\Source\ARM\startup_gd32f10x_cl.s
   Uses
      At line 150 in file CMSIS\GD\GD32F10x\Source\ARM\startup_gd32f10x_cl.s
      At line 282 in file CMSIS\GD\GD32F10x\Source\ARM\startup_gd32f10x_cl.s

USART0_IRQHandler 0000001A

Symbol: USART0_IRQHandler
   Definitions
      At line 337 in file CMSIS\GD\GD32F10x\Source\ARM\startup_gd32f10x_cl.s
   Uses
      At line 134 in file CMSIS\GD\GD32F10x\Source\ARM\startup_gd32f10x_cl.s
      At line 268 in file CMSIS\GD\GD32F10x\Source\ARM\startup_gd32f10x_cl.s

USART1_IRQHandler 0000001A

Symbol: USART1_IRQHandler
   Definitions
      At line 338 in file CMSIS\GD\GD32F10x\Source\ARM\startup_gd32f10x_cl.s
   Uses



ARM Macro Assembler    Page 12 Alphabetic symbol ordering
Relocatable symbols

      At line 135 in file CMSIS\GD\GD32F10x\Source\ARM\startup_gd32f10x_cl.s
      At line 269 in file CMSIS\GD\GD32F10x\Source\ARM\startup_gd32f10x_cl.s

USART2_IRQHandler 0000001A

Symbol: USART2_IRQHandler
   Definitions
      At line 339 in file CMSIS\GD\GD32F10x\Source\ARM\startup_gd32f10x_cl.s
   Uses
      At line 136 in file CMSIS\GD\GD32F10x\Source\ARM\startup_gd32f10x_cl.s
      At line 270 in file CMSIS\GD\GD32F10x\Source\ARM\startup_gd32f10x_cl.s

USBFS_IRQHandler 0000001A

Symbol: USBFS_IRQHandler
   Definitions
      At line 365 in file CMSIS\GD\GD32F10x\Source\ARM\startup_gd32f10x_cl.s
   Uses
      At line 164 in file CMSIS\GD\GD32F10x\Source\ARM\startup_gd32f10x_cl.s
      At line 296 in file CMSIS\GD\GD32F10x\Source\ARM\startup_gd32f10x_cl.s

USBFS_WKUP_IRQHandler 0000001A

Symbol: USBFS_WKUP_IRQHandler
   Definitions
      At line 342 in file CMSIS\GD\GD32F10x\Source\ARM\startup_gd32f10x_cl.s
   Uses
      At line 139 in file CMSIS\GD\GD32F10x\Source\ARM\startup_gd32f10x_cl.s
      At line 273 in file CMSIS\GD\GD32F10x\Source\ARM\startup_gd32f10x_cl.s

UsageFault_Handler 00000010

Symbol: UsageFault_Handler
   Definitions
      At line 204 in file CMSIS\GD\GD32F10x\Source\ARM\startup_gd32f10x_cl.s
   Uses
      At line 82 in file CMSIS\GD\GD32F10x\Source\ARM\startup_gd32f10x_cl.s
      At line 205 in file CMSIS\GD\GD32F10x\Source\ARM\startup_gd32f10x_cl.s

WWDGT_IRQHandler 0000001A

Symbol: WWDGT_IRQHandler
   Definitions
      At line 300 in file CMSIS\GD\GD32F10x\Source\ARM\startup_gd32f10x_cl.s
   Uses
      At line 97 in file CMSIS\GD\GD32F10x\Source\ARM\startup_gd32f10x_cl.s
      At line 231 in file CMSIS\GD\GD32F10x\Source\ARM\startup_gd32f10x_cl.s

__user_initial_stackheap 0000001C

Symbol: __user_initial_stackheap
   Definitions
      At line 386 in file CMSIS\GD\GD32F10x\Source\ARM\startup_gd32f10x_cl.s
   Uses
      At line 384 in file CMSIS\GD\GD32F10x\Source\ARM\startup_gd32f10x_cl.s
Comment: __user_initial_stackheap used once
79 symbols



ARM Macro Assembler    Page 1 Alphabetic symbol ordering
Absolute symbols

Heap_Size 00002000

Symbol: Heap_Size
   Definitions
      At line 54 in file CMSIS\GD\GD32F10x\Source\ARM\startup_gd32f10x_cl.s
   Uses
      At line 58 in file CMSIS\GD\GD32F10x\Source\ARM\startup_gd32f10x_cl.s
      At line 389 in file CMSIS\GD\GD32F10x\Source\ARM\startup_gd32f10x_cl.s

Stack_Size 00002000

Symbol: Stack_Size
   Definitions
      At line 43 in file CMSIS\GD\GD32F10x\Source\ARM\startup_gd32f10x_cl.s
   Uses
      At line 46 in file CMSIS\GD\GD32F10x\Source\ARM\startup_gd32f10x_cl.s
      At line 388 in file CMSIS\GD\GD32F10x\Source\ARM\startup_gd32f10x_cl.s

__Vectors_Size 00000150

Symbol: __Vectors_Size
   Definitions
      At line 168 in file CMSIS\GD\GD32F10x\Source\ARM\startup_gd32f10x_cl.s
   Uses
      At line 74 in file CMSIS\GD\GD32F10x\Source\ARM\startup_gd32f10x_cl.s
Comment: __Vectors_Size used once
3 symbols



ARM Macro Assembler    Page 1 Alphabetic symbol ordering
External symbols

SystemInit 00000000

Symbol: SystemInit
   Definitions
      At line 176 in file CMSIS\GD\GD32F10x\Source\ARM\startup_gd32f10x_cl.s
   Uses
      At line 177 in file CMSIS\GD\GD32F10x\Source\ARM\startup_gd32f10x_cl.s
Comment: SystemInit used once
__main 00000000

Symbol: __main
   Definitions
      At line 175 in file CMSIS\GD\GD32F10x\Source\ARM\startup_gd32f10x_cl.s
   Uses
      At line 179 in file CMSIS\GD\GD32F10x\Source\ARM\startup_gd32f10x_cl.s
Comment: __main used once
__use_two_region_memory 00000000

Symbol: __use_two_region_memory
   Definitions
      At line 383 in file CMSIS\GD\GD32F10x\Source\ARM\startup_gd32f10x_cl.s
   Uses
      None
Comment: __use_two_region_memory unused
vPortSVCHandler 00000000

Symbol: vPortSVCHandler
   Definitions
      At line 68 in file CMSIS\GD\GD32F10x\Source\ARM\startup_gd32f10x_cl.s
   Uses
      At line 88 in file CMSIS\GD\GD32F10x\Source\ARM\startup_gd32f10x_cl.s
Comment: vPortSVCHandler used once
xPortPendSVHandler 00000000

Symbol: xPortPendSVHandler
   Definitions
      At line 66 in file CMSIS\GD\GD32F10x\Source\ARM\startup_gd32f10x_cl.s
   Uses
      At line 93 in file CMSIS\GD\GD32F10x\Source\ARM\startup_gd32f10x_cl.s
Comment: xPortPendSVHandler used once
xPortSysTickHandler 00000000

Symbol: xPortSysTickHandler
   Definitions
      At line 67 in file CMSIS\GD\GD32F10x\Source\ARM\startup_gd32f10x_cl.s
   Uses
      At line 94 in file CMSIS\GD\GD32F10x\Source\ARM\startup_gd32f10x_cl.s
Comment: xPortSysTickHandler used once
6 symbols
435 symbols in table
