<html>
<body>
<pre>
<h1>礦ision Build Log</h1>
<h2>Tool Versions:</h2>
IDE-Version: μVision V5.14.0.0
Copyright (C) 2015 ARM Ltd and ARM Germany GmbH. All rights reserved.
License Information: 11 huang, huang, LIC=ATTQ1-C0KRF-562Q2-92KUI-FU8X9-J84G1
 
Tool Versions:
Toolchain:       MDK-ARM Standard  Version: 5.14.0.0
Toolchain Path:  E:\Keil5\ARM\ARMCC\Bin
C Compiler:      Armcc.exe V5.05 update 1 (build 106)
Assembler:       Armasm.exe V5.05 update 1 (build 106)
Linker/Locator:  ArmLink.exe V5.05 update 1 (build 106)
Library Manager: ArmAr.exe V5.05 update 1 (build 106)
Hex Converter:   FromElf.exe V5.05 update 1 (build 106)
CPU DLL:         SARMCM3.DLL V5.14.0.0
Dialog DLL:      DCM.DLL V1.13.1.0
Target DLL:      Segger\JL2CM3.dll V2.99.13.0
Dialog DLL:      TCM.DLL V1.14.4.0
 
<h2>Project:</h2>
C:\Users\huang\Desktop\工作\项目\三相检测\gdh52c0_e_JG13_1\gdh52c0_d\gdh52c0.uvprojx
Project File Date:  01/30/2026

<h2>Output:</h2>
Build target 'Target 1'
compiling menuItem.cpp...
user\menuItem.cpp(1192): warning:  #177-D: variable "precoverV" was declared but never referenced
                                  u16 *precoverV=&recoverV1;
user\menuItem.cpp(2236): warning:  #1-D: last line of file ends without a newline
  }
user\menuItem.cpp: 2 warnings, 0 errors
compiling JinGui.cpp...
user\JinGui.cpp(44): warning:  #940-D: missing return statement at end of non-void function "AddrChange"
  }
user\JinGui.cpp(353): warning:  #940-D: missing return statement at end of non-void function "JinGuiSendCmdData"
  }
user\JinGui.cpp(1002): warning:  #186-D: pointless comparison of unsigned integer with zero
                                                      if((gSwitchPara[i].startTime0<=currMinTime)||((0<=currMinTime)&&(currMinTime<gSwitchData[i].stopTime0)))
user\JinGui.cpp(1049): warning:  #186-D: pointless comparison of unsigned integer with zero
                                                                                                if((gSwitchPara[i].startTime1<=currMinTime)||((0<=currMinTime)&&(currMinTime<gSwitchData[i].stopTime1)))
user\JinGui.cpp: 4 warnings, 0 errors
linking...
Program Size: Code=160972 RO-data=3156 RW-data=3828 ZI-data=44980  
FromELF: creating hex file...
".\Objects\gdh52c0.axf" - 0 Error(s), 6 Warning(s).

<h2>Collection of Component include folders:</h2>
  C:\Users\huang\Desktop\工作\项目\三相检测\gdh52c0_e_JG13_1\gdh52c0_d\RTE
  E:\Keil5\ARM\PACK\GigaDevice\GD32F10x_DFP\2.0.1\Device\Include

<h2>Collection of Component Files used:</h2>
</pre>
</body>
</html>
